Component: ARM Compiler 5.06 update 6 (build 750) Tool: armlink [4d35ed]

==============================================================================

Section Cross References

    main.o(i.main) refers to _printf_percent.o(.ARM.Collect$$_printf_percent$$00000000) for _printf_percent
    main.o(i.main) refers to _printf_d.o(.ARM.Collect$$_printf_percent$$00000009) for _printf_d
    main.o(i.main) refers to _printf_dec.o(.text) for _printf_int_dec
    main.o(i.main) refers to delay.o(i.delay_init) for delay_init
    main.o(i.main) refers to led.o(i.STEPMOTOR_Init) for STEPMOTOR_Init
    main.o(i.main) refers to usart.o(i.uart_init) for uart_init
    main.o(i.main) refers to misc.o(i.NVIC_PriorityGroupConfig) for NVIC_PriorityGroupConfig
    main.o(i.main) refers to usart2.o(i.usart2_init) for usart2_init
    main.o(i.main) refers to openmv.o(i.openmv_init) for openmv_init
    main.o(i.main) refers to __2printf.o(.text) for __2printf
    main.o(i.main) refers to led.o(i.xzz) for xzz
    main.o(i.main) refers to led.o(i.xfz) for xfz
    main.o(i.main) refers to led.o(i.yzz) for yzz
    main.o(i.main) refers to led.o(i.yfz) for yfz
    main.o(i.main) refers to led.o(i.zhixianchabu) for zhixianchabu
    main.o(i.main) refers to led.o(i.yuan) for yuan
    main.o(i.main) refers to led.o(i.yuanhuchabu) for yuanhuchabu
    main.o(i.main) refers to led.o(i.sanjiao) for sanjiao
    main.o(i.main) refers to usart.o(.data) for mark
    main.o(i.main) refers to main.o(.data) for current_x
    system_stm32f10x.o(i.SetSysClock) refers to system_stm32f10x.o(i.SetSysClockTo72) for SetSysClockTo72
    system_stm32f10x.o(i.SystemCoreClockUpdate) refers to system_stm32f10x.o(.data) for SystemCoreClock
    system_stm32f10x.o(i.SystemInit) refers to system_stm32f10x.o(i.SetSysClock) for SetSysClock
    led.o(i.STEPMOTOR_Init) refers to stm32f10x_rcc.o(i.RCC_APB2PeriphClockCmd) for RCC_APB2PeriphClockCmd
    led.o(i.STEPMOTOR_Init) refers to stm32f10x_gpio.o(i.GPIO_Init) for GPIO_Init
    led.o(i.circle1) refers to led.o(i.xzz) for xzz
    led.o(i.circle1) refers to led.o(i.yfz) for yfz
    led.o(i.circle1) refers to led.o(i.yzz) for yzz
    led.o(i.circle1) refers to led.o(i.xfz) for xfz
    led.o(i.circle2) refers to led.o(i.yzz) for yzz
    led.o(i.circle2) refers to led.o(i.xzz) for xzz
    led.o(i.circle2) refers to led.o(i.xfz) for xfz
    led.o(i.circle2) refers to led.o(i.yfz) for yfz
    led.o(i.circle3) refers to led.o(i.xfz) for xfz
    led.o(i.circle3) refers to led.o(i.yzz) for yzz
    led.o(i.circle3) refers to led.o(i.yfz) for yfz
    led.o(i.circle3) refers to led.o(i.xzz) for xzz
    led.o(i.circle4) refers to led.o(i.yfz) for yfz
    led.o(i.circle4) refers to led.o(i.xfz) for xfz
    led.o(i.circle4) refers to led.o(i.xzz) for xzz
    led.o(i.circle4) refers to led.o(i.yzz) for yzz
    led.o(i.draw_car) refers to led.o(i.zhixianchabu) for zhixianchabu
    led.o(i.draw_car) refers to led.o(i.yuan) for yuan
    led.o(i.draw_car) refers to led.o(i.yuanhuchabu) for yuanhuchabu
    led.o(i.sanjiao) refers to dflt_clz.o(x$fpl$dflt) for __aeabi_i2d
    led.o(i.sanjiao) refers to sin.o(i.sin) for sin
    led.o(i.sanjiao) refers to dmul.o(x$fpl$dmul) for __aeabi_dmul
    led.o(i.sanjiao) refers to dfix.o(x$fpl$dfix) for __aeabi_d2iz
    led.o(i.sanjiao) refers to led.o(i.yzz) for yzz
    led.o(i.sanjiao) refers to led.o(i.xzz) for xzz
    led.o(i.sanjiao) refers to led.o(i.yfz) for yfz
    led.o(i.sanjiao) refers to main.o(.data) for current_x
    led.o(i.xfz) refers to _printf_percent.o(.ARM.Collect$$_printf_percent$$00000000) for _printf_percent
    led.o(i.xfz) refers to _printf_d.o(.ARM.Collect$$_printf_percent$$00000009) for _printf_d
    led.o(i.xfz) refers to _printf_dec.o(.text) for _printf_int_dec
    led.o(i.xfz) refers to delay.o(i.delay_us) for delay_us
    led.o(i.xfz) refers to __2printf.o(.text) for __2printf
    led.o(i.xfz) refers to main.o(.data) for speed_time
    led.o(i.xfz) refers to usart.o(.data) for mark
    led.o(i.xzz) refers to _printf_percent.o(.ARM.Collect$$_printf_percent$$00000000) for _printf_percent
    led.o(i.xzz) refers to _printf_d.o(.ARM.Collect$$_printf_percent$$00000009) for _printf_d
    led.o(i.xzz) refers to _printf_dec.o(.text) for _printf_int_dec
    led.o(i.xzz) refers to delay.o(i.delay_us) for delay_us
    led.o(i.xzz) refers to __2printf.o(.text) for __2printf
    led.o(i.xzz) refers to main.o(.data) for speed_time
    led.o(i.xzz) refers to usart.o(.data) for mark
    led.o(i.yfz) refers to _printf_percent.o(.ARM.Collect$$_printf_percent$$00000000) for _printf_percent
    led.o(i.yfz) refers to _printf_d.o(.ARM.Collect$$_printf_percent$$00000009) for _printf_d
    led.o(i.yfz) refers to _printf_dec.o(.text) for _printf_int_dec
    led.o(i.yfz) refers to delay.o(i.delay_us) for delay_us
    led.o(i.yfz) refers to __2printf.o(.text) for __2printf
    led.o(i.yfz) refers to main.o(.data) for speed_time
    led.o(i.yfz) refers to usart.o(.data) for mark
[...]
    ../clib/printf.c                         0x00000000   Number         0  _printf_intcommon.o ABSOLUTE
    ../clib/printf.c                         0x00000000   Number         0  _printf_longlong_dec.o ABSOLUTE
    ../clib/printf.c                         0x00000000   Number         0  _printf_charcount.o ABSOLUTE
    ../clib/printf.c                         0x00000000   Number         0  _printf_char_common.o ABSOLUTE
    ../clib/printf.c                         0x00000000   Number         0  _printf_wctomb.o ABSOLUTE
    ../clib/printf.c                         0x00000000   Number         0  _printf_char_file.o ABSOLUTE
    ../clib/printf.c                         0x00000000   Number         0  _sputc.o ABSOLUTE
    ../clib/printf.c                         0x00000000   Number         0  _printf_hex_ptr.o ABSOLUTE
    ../clib/printf.c                         0x00000000   Number         0  __printf_flags_ss_wp.o ABSOLUTE
    ../clib/printf.c                         0x00000000   Number         0  _printf_fp_infnan.o ABSOLUTE
    ../clib/printf.c                         0x00000000   Number         0  __printf_nopercent.o ABSOLUTE
    ../clib/printf.c                         0x00000000   Number         0  __printf_ss_wp.o ABSOLUTE
    ../clib/printf.c                         0x00000000   Number         0  __printf_flags_wp.o ABSOLUTE
    ../clib/printf.c                         0x00000000   Number         0  __printf_wp.o ABSOLUTE
    ../clib/printf.c                         0x00000000   Number         0  __printf_flags_ss.o ABSOLUTE
    ../clib/printf.c                         0x00000000   Number         0  _printf_wchar.o ABSOLUTE
    ../clib/printf.c                         0x00000000   Number         0  _printf_char.o ABSOLUTE
    ../clib/printf.c                         0x00000000   Number         0  __printf_ss.o ABSOLUTE
    ../clib/printf.c                         0x00000000   Number         0  __printf_flags.o ABSOLUTE
    ../clib/printf.c                         0x00000000   Number         0  _printf_fp_dec.o ABSOLUTE
    ../clib/printf.c                         0x00000000   Number         0  _printf_dec.o ABSOLUTE
    ../clib/printf.c                         0x00000000   Number         0  __printf.o ABSOLUTE
    ../clib/printf.c                         0x00000000   Number         0  noretval__2printf.o ABSOLUTE
    ../clib/printf.c                         0x00000000   Number         0  __2printf.o ABSOLUTE
    ../clib/printf.c                         0x00000000   Number         0  c89vsprintf.o ABSOLUTE
    ../clib/printf.c                         0x00000000   Number         0  _printf_hex_ll.o ABSOLUTE
    ../clib/printf.c                         0x00000000   Number         0  _printf_hex_int_ll_ptr.o ABSOLUTE
    ../clib/printf.c                         0x00000000   Number         0  _printf_hex_ll_ptr.o ABSOLUTE
    ../clib/printf.c                         0x00000000   Number         0  _printf_hex_int_ptr.o ABSOLUTE
    ../clib/printf.c                         0x00000000   Number         0  _printf_hex_int_ll.o ABSOLUTE
    ../clib/printf_percent.s                 0x00000000   Number         0  _printf_percent.o ABSOLUTE
    ../clib/printf_percent.s                 0x00000000   Number         0  _printf_ls.o ABSOLUTE
    ../clib/printf_percent.s                 0x00000000   Number         0  _printf_e.o ABSOLUTE
    ../clib/printf_percent.s                 0x00000000   Number         0  _printf_f.o ABSOLUTE
    ../clib/printf_percent.s                 0x00000000   Number         0  _printf_u.o ABSOLUTE
    ../clib/printf_percent.s                 0x00000000   Number         0  _printf_percent_end.o ABSOLUTE
    ../clib/printf_percent.s                 0x00000000   Number         0  _printf_llu.o ABSOLUTE
    ../clib/printf_percent.s                 0x00000000   Number         0  _printf_lld.o ABSOLUTE
    ../clib/printf_percent.s                 0x00000000   Number         0  _printf_lli.o ABSOLUTE
    ../clib/printf_percent.s                 0x00000000   Number         0  _printf_lc.o ABSOLUTE
    ../clib/printf_percent.s                 0x00000000   Number         0  _printf_a.o ABSOLUTE
    ../clib/printf_percent.s                 0x00000000   Number         0  _printf_g.o ABSOLUTE
    ../clib/printf_percent.s                 0x00000000   Number         0  _printf_llo.o ABSOLUTE
    ../clib/printf_percent.s                 0x00000000   Number         0  _printf_llx.o ABSOLUTE
    ../clib/printf_percent.s                 0x00000000   Number         0  _printf_i.o ABSOLUTE
    ../clib/printf_percent.s                 0x00000000   Number         0  _printf_o.o ABSOLUTE
    ../clib/printf_percent.s                 0x00000000   Number         0  _printf_p.o ABSOLUTE
    ../clib/printf_percent.s                 0x00000000   Number         0  _printf_x.o ABSOLUTE
    ../clib/printf_percent.s                 0x00000000   Number         0  _printf_n.o ABSOLUTE
    ../clib/printf_percent.s                 0x00000000   Number         0  _printf_s.o ABSOLUTE
    ../clib/printf_percent.s                 0x00000000   Number         0  _printf_c.o ABSOLUTE
    ../clib/printf_percent.s                 0x00000000   Number         0  _printf_l.o ABSOLUTE
    ../clib/printf_percent.s                 0x00000000   Number         0  _printf_ll.o ABSOLUTE
    ../clib/printf_percent.s                 0x00000000   Number         0  _printf_d.o ABSOLUTE
    ../clib/signal.c                         0x00000000   Number         0  defsig_other.o ABSOLUTE
    ../clib/signal.c                         0x00000000   Number         0  defsig_segv_inner.o ABSOLUTE
    ../clib/signal.c                         0x00000000   Number         0  defsig_cppl_inner.o ABSOLUTE
    ../clib/signal.c                         0x00000000   Number         0  defsig_pvfn_inner.o ABSOLUTE
    ../clib/signal.c                         0x00000000   Number         0  defsig_stak_inner.o ABSOLUTE
    ../clib/signal.c                         0x00000000   Number         0  defsig_fpe_inner.o ABSOLUTE
    ../clib/signal.c                         0x00000000   Number         0  defsig_abrt_inner.o ABSOLUTE
    ../clib/signal.c                         0x00000000   Number         0  defsig_general.o ABSOLUTE
    ../clib/signal.c                         0x00000000   Number         0  defsig_rtmem_inner.o ABSOLUTE
    ../clib/signal.c                         0x00000000   Number         0  defsig_exit.o ABSOLUTE
    ../clib/signal.c                         0x00000000   Number         0  defsig_rtmem_formal.o ABSOLUTE
    ../clib/signal.c                         0x00000000   Number         0  defsig_rtred_inner.o ABSOLUTE
    ../clib/signal.c                         0x00000000   Number         0  defsig_rtmem_outer.o ABSOLUTE
    ../clib/signal.c                         0x00000000   Number         0  __raise.o ABSOLUTE
    ../clib/signal.s                         0x00000000   Number         0  defsig.o ABSOLUTE
    ../clib/stdio.c                          0x00000000   Number         0  ferror_locked.o ABSOLUTE
    ../clib/stdio.c                          0x00000000   Number         0  ferror.o ABSOLUTE
    ../clib/stdlib.c                         0x00000000   Number         0  exit.o ABSOLUTE
    ../clib/string.c                         0x00000000   Number         0  strlen.o ABSOLUTE
    ../fplib/daddsub.s                       0x00000000   Number         0  daddsub_clz.o ABSOLUTE
    ../fplib/dcheck1.s                       0x00000000   Number         0  dcheck1.o ABSOLUTE
    ../fplib/dcmpi.s                         0x00000000   Number         0  dcmpi.o ABSOLUTE
    ../fplib/ddiv.s                          0x00000000   Number         0  ddiv.o ABSOLUTE
    ../fplib/deqf.s                          0x00000000   Number         0  deqf.o ABSOLUTE
    ../fplib/dfix.s                          0x00000000   Number         0  dfix.o ABSOLUTE
    ../fplib/dflt.s                          0x00000000   Number         0  dflt_clz.o ABSOLUTE
    ../fplib/dleqf.s                         0x00000000   Number         0  dleqf.o ABSOLUTE
    ../fplib/dmul.s                          0x00000000   Number         0  dmul.o ABSOLUTE
    ../fplib/dnaninf.s                       0x00000000   Number         0  dnaninf.o ABSOLUTE
    ../fplib/dretinf.s                       0x00000000   Number         0  dretinf.o ABSOLUTE
    ../fplib/dsqrt.s                         0x00000000   Number         0  dsqrt_noumaal.o ABSOLUTE
    ../fplib/fpinit.s                        0x00000000   Number         0  fpinit.o ABSOLUTE
    ../fplib/istatus.s                       0x00000000   Number         0  istatus.o ABSOLUTE
    ../fplib/printf1.s                       0x00000000   Number         0  printf1.o ABSOLUTE
    ../fplib/retnan.s                        0x00000000   Number         0  retnan.o ABSOLUTE
    ../fplib/scalbn.s                        0x00000000   Number         0  scalbn.o ABSOLUTE
    ../fplib/trapv.s                         0x00000000   Number         0  trapv.o ABSOLUTE
    ../fplib/usenofp.s                       0x00000000   Number         0  usenofp.o ABSOLUTE
    ../mathlib/cos.c                         0x00000000   Number         0  cos_x.o ABSOLUTE
    ../mathlib/cos.c                         0x00000000   Number         0  cos.o ABSOLUTE
    ../mathlib/cos_i.c                       0x00000000   Number         0  cos_i.o ABSOLUTE
    ../mathlib/dunder.c                      0x00000000   Number         0  dunder.o ABSOLUTE
    ../mathlib/fpclassify.c                  0x00000000   Number         0  fpclassify.o ABSOLUTE
    ../mathlib/poly.c                        0x00000000   Number         0  poly.o ABSOLUTE
    ../mathlib/rred.c                        0x00000000   Number         0  rred.o ABSOLUTE
    ../mathlib/sin.c                         0x00000000   Number         0  sin.o ABSOLUTE
    ../mathlib/sin.c                         0x00000000   Number         0  sin_x.o ABSOLUTE
    ../mathlib/sin_i.c                       0x00000000   Number         0  sin_i_x.o ABSOLUTE
    ../mathlib/sin_i.c                       0x00000000   Number         0  sin_i.o ABSOLUTE
    ../mathlib/sqrt.c                        0x00000000   Number         0  sqrt.o ABSOLUTE
    ../mathlib/sqrt.c                        0x00000000   Number         0  sqrt_x.o ABSOLUTE
    ..\CORE\core_cm3.c                       0x00000000   Number         0  core_cm3.o ABSOLUTE
    ..\CORE\startup_stm32f10x_hd.s           0x00000000   Number         0  startup_stm32f10x_hd.o ABSOLUTE
    ..\HARDWARE\LED\led.c                    0x00000000   Number         0  led.o ABSOLUTE
    ..\HARDWARE\OPENMV\openmv.c              0x00000000   Number         0  openmv.o ABSOLUTE
    ..\HARDWARE\TIMER\timer.c                0x00000000   Number         0  timer.o ABSOLUTE
    ..\HARDWARE\USART2\usart2.c              0x00000000   Number         0  usart2.o ABSOLUTE
    ..\STM32F10x_FWLib\src\misc.c            0x00000000   Number         0  misc.o ABSOLUTE
    ..\STM32F10x_FWLib\src\stm32f10x_adc.c   0x00000000   Number         0  stm32f10x_adc.o ABSOLUTE
    ..\STM32F10x_FWLib\src\stm32f10x_bkp.c   0x00000000   Number         0  stm32f10x_bkp.o ABSOLUTE
    ..\STM32F10x_FWLib\src\stm32f10x_can.c   0x00000000   Number         0  stm32f10x_can.o ABSOLUTE
    ..\STM32F10x_FWLib\src\stm32f10x_cec.c   0x00000000   Number         0  stm32f10x_cec.o ABSOLUTE
    ..\STM32F10x_FWLib\src\stm32f10x_crc.c   0x00000000   Number         0  stm32f10x_crc.o ABSOLUTE
    ..\STM32F10x_FWLib\src\stm32f10x_dac.c   0x00000000   Number         0  stm32f10x_dac.o ABSOLUTE
    ..\STM32F10x_FWLib\src\stm32f10x_dbgmcu.c 0x00000000   Number         0  stm32f10x_dbgmcu.o ABSOLUTE
    ..\STM32F10x_FWLib\src\stm32f10x_dma.c   0x00000000   Number         0  stm32f10x_dma.o ABSOLUTE
    ..\STM32F10x_FWLib\src\stm32f10x_exti.c  0x00000000   Number         0  stm32f10x_exti.o ABSOLUTE
    ..\STM32F10x_FWLib\src\stm32f10x_flash.c 0x00000000   Number         0  stm32f10x_flash.o ABSOLUTE
    ..\STM32F10x_FWLib\src\stm32f10x_fsmc.c  0x00000000   Number         0  stm32f10x_fsmc.o ABSOLUTE
    ..\STM32F10x_FWLib\src\stm32f10x_gpio.c  0x00000000   Number         0  stm32f10x_gpio.o ABSOLUTE
    ..\STM32F10x_FWLib\src\stm32f10x_i2c.c   0x00000000   Number         0  stm32f10x_i2c.o ABSOLUTE
    ..\STM32F10x_FWLib\src\stm32f10x_iwdg.c  0x00000000   Number         0  stm32f10x_iwdg.o ABSOLUTE
    ..\STM32F10x_FWLib\src\stm32f10x_pwr.c   0x00000000   Number         0  stm32f10x_pwr.o ABSOLUTE
    ..\STM32F10x_FWLib\src\stm32f10x_rcc.c   0x00000000   Number         0  stm32f10x_rcc.o ABSOLUTE
    ..\STM32F10x_FWLib\src\stm32f10x_rtc.c   0x00000000   Number         0  stm32f10x_rtc.o ABSOLUTE
    ..\STM32F10x_FWLib\src\stm32f10x_sdio.c  0x00000000   Number         0  stm32f10x_sdio.o ABSOLUTE
    ..\STM32F10x_FWLib\src\stm32f10x_spi.c   0x00000000   Number         0  stm32f10x_spi.o ABSOLUTE
    ..\STM32F10x_FWLib\src\stm32f10x_tim.c   0x00000000   Number         0  stm32f10x_tim.o ABSOLUTE
    ..\STM32F10x_FWLib\src\stm32f10x_usart.c 0x00000000   Number         0  stm32f10x_usart.o ABSOLUTE
    ..\STM32F10x_FWLib\src\stm32f10x_wwdg.c  0x00000000   Number         0  stm32f10x_wwdg.o ABSOLUTE
    ..\SYSTEM\delay\delay.c                  0x00000000   Number         0  delay.o ABSOLUTE
    ..\SYSTEM\sys\sys.c                      0x00000000   Number         0  sys.o ABSOLUTE
    ..\SYSTEM\usart\usart.c                  0x00000000   Number         0  usart.o ABSOLUTE
    ..\\CORE\\core_cm3.c                     0x00000000   Number         0  core_cm3.o ABSOLUTE
    ..\\SYSTEM\\sys\\sys.c                   0x00000000   Number         0  sys.o ABSOLUTE
    dc.s                                     0x00000000   Number         0  dc.o ABSOLUTE
    main.c                                   0x00000000   Number         0  main.o ABSOLUTE
    stm32f10x_it.c                           0x00000000   Number         0  stm32f10x_it.o ABSOLUTE
    system_stm32f10x.c                       0x00000000   Number         0  system_stm32f10x.o ABSOLUTE
    RESET                                    0x08000000   Section      304  startup_stm32f10x_hd.o(RESET)
    !!!main                                  0x08000130   Section        8  __main.o(!!!main)
    !!!scatter                               0x08000138   Section       52  __scatter.o(!!!scatter)
    !!handler_copy                           0x0800016c   Section       26  __scatter_copy.o(!!handler_copy)
    !!handler_zi                             0x08000188   Section       28  __scatter_zi.o(!!handler_zi)
    .ARM.Collect$$_printf_percent$$00000000  0x080001a4   Section        0  _printf_percent.o(.ARM.Collect$$_printf_percent$$00000000)
    .ARM.Collect$$_printf_percent$$00000009  0x080001a4   Section        6  _printf_d.o(.ARM.Collect$$_printf_percent$$00000009)
    .ARM.Collect$$_printf_percent$$00000017  0x080001aa   Section        4  _printf_percent_end.o(.ARM.Collect$$_printf_percent$$00000017)
    .ARM.Collect$$libinit$$00000000          0x080001ae   Section        2  libinit.o(.ARM.Collect$$libinit$$00000000)
    .ARM.Collect$$libinit$$00000002          0x080001b0   Section        0  libinit2.o(.ARM.Collect$$libinit$$00000002)
    .ARM.Collect$$libinit$$00000004          0x080001b0   Section        0  libinit2.o(.ARM.Collect$$libinit$$00000004)
    .ARM.Collect$$libinit$$0000000A          0x080001b0   Section        0  libinit2.o(.ARM.Collect$$libinit$$0000000A)
    .ARM.Collect$$libinit$$0000000C          0x080001b0   Section        0  libinit2.o(.ARM.Collect$$libinit$$0000000C)
    .ARM.Collect$$libinit$$0000000E          0x080001b0   Section        0  libinit2.o(.ARM.Collect$$libinit$$0000000E)
    .ARM.Collect$$libinit$$00000011          0x080001b0   Section        0  libinit2.o(.ARM.Collect$$libinit$$00000011)
    .ARM.Collect$$libinit$$00000013          0x080001b0   Section        0  libinit2.o(.ARM.Collect$$libinit$$00000013)
    .ARM.Collect$$libinit$$00000015          0x080001b0   Section        0  libinit2.o(.ARM.Collect$$libinit$$00000015)
    .ARM.Collect$$libinit$$00000017          0x080001b0   Section        0  libinit2.o(.ARM.Collect$$libinit$$00000017)
    .ARM.Collect$$libinit$$00000019          0x080001b0   Section        0  libinit2.o(.ARM.Collect$$libinit$$00000019)
    .ARM.Collect$$libinit$$0000001B          0x080001b0   Section        0  libinit2.o(.ARM.Collect$$libinit$$0000001B)
    .ARM.Collect$$libinit$$0000001D          0x080001b0   Section        0  libinit2.o(.ARM.Collect$$libinit$$0000001D)
    .ARM.Collect$$libinit$$0000001F          0x080001b0   Section        0  libinit2.o(.ARM.Collect$$libinit$$0000001F)
    .ARM.Collect$$libinit$$00000021          0x080001b0   Section        0  libinit2.o(.ARM.Collect$$libinit$$00000021)
    .ARM.Collect$$libinit$$00000023          0x080001b0   Section        0  libinit2.o(.ARM.Collect$$libinit$$00000023)
    .ARM.Collect$$libinit$$00000025          0x080001b0   Section        0  libinit2.o(.ARM.Collect$$libinit$$00000025)
    .ARM.Collect$$libinit$$0000002C          0x080001b0   Section        0  libinit2.o(.ARM.Collect$$libinit$$0000002C)
    .ARM.Collect$$libinit$$0000002E          0x080001b0   Section        0  libinit2.o(.ARM.Collect$$libinit$$0000002E)
    .ARM.Collect$$libinit$$00000030          0x080001b0   Section        0  libinit2.o(.ARM.Collect$$libinit$$00000030)
    .ARM.Collect$$libinit$$00000032          0x080001b0   Section        0  libinit2.o(.ARM.Collect$$libinit$$00000032)
    .ARM.Collect$$libinit$$00000033          0x080001b0   Section        2  libinit2.o(.ARM.Collect$$libinit$$00000033)
    .ARM.Collect$$libshutdown$$00000000      0x080001b2   Section        2  libshutdown.o(.ARM.Collect$$libshutdown$$00000000)
    .ARM.Collect$$libshutdown$$00000002      0x080001b4   Section        0  libshutdown2.o(.ARM.Collect$$libshutdown$$00000002)
    .ARM.Collect$$libshutdown$$00000004      0x080001b4   Section        0  libshutdown2.o(.ARM.Collect$$libshutdown$$00000004)
    .ARM.Collect$$libshutdown$$00000007      0x080001b4   Section        0  libshutdown2.o(.ARM.Collect$$libshutdown$$00000007)
    .ARM.Collect$$libshutdown$$0000000A      0x080001b4   Section        0  libshutdown2.o(.ARM.Collect$$libshutdown$$0000000A)
    .ARM.Collect$$libshutdown$$0000000C      0x080001b4   Section        0  libshutdown2.o(.ARM.Collect$$libshutdown$$0000000C)
    .ARM.Collect$$libshutdown$$0000000F      0x080001b4   Section        0  libshutdown2.o(.ARM.Collect$$libshutdown$$0000000F)
    .ARM.Collect$$libshutdown$$00000010      0x080001b4   Section        2  libshutdown2.o(.ARM.Collect$$libshutdown$$00000010)
    .ARM.Collect$$rtentry$$00000000          0x080001b6   Section        0  __rtentry.o(.ARM.Collect$$rtentry$$00000000)
    .ARM.Collect$$rtentry$$00000002          0x080001b6   Section        0  __rtentry2.o(.ARM.Collect$$rtentry$$00000002)
    .ARM.Collect$$rtentry$$00000004          0x080001b6   Section        6  __rtentry4.o(.ARM.Collect$$rtentry$$00000004)
    .ARM.Collect$$rtentry$$00000009          0x080001bc   Section        0  __rtentry2.o(.ARM.Collect$$rtentry$$00000009)
    .ARM.Collect$$rtentry$$0000000A          0x080001bc   Section        4  __rtentry2.o(.ARM.Collect$$rtentry$$0000000A)
    .ARM.Collect$$rtentry$$0000000C          0x080001c0   Section        0  __rtentry2.o(.ARM.Collect$$rtentry$$0000000C)
    .ARM.Collect$$rtentry$$0000000D          0x080001c0   Section        8  __rtentry2.o(.ARM.Collect$$rtentry$$0000000D)
    .ARM.Collect$$rtexit$$00000000           0x080001c8   Section        2  rtexit.o(.ARM.Collect$$rtexit$$00000000)
    .ARM.Collect$$rtexit$$00000002           0x080001ca   Section        0  rtexit2.o(.ARM.Collect$$rtexit$$00000002)
    .ARM.Collect$$rtexit$$00000003           0x080001ca   Section        4  rtexit2.o(.ARM.Collect$$rtexit$$00000003)
    .ARM.Collect$$rtexit$$00000004           0x080001ce   Section        6  rtexit2.o(.ARM.Collect$$rtexit$$00000004)
    .text                                    0x080001d4   Section       64  startup_stm32f10x_hd.o(.text)
    .text                                    0x08000214   Section        2  use_no_semi_2.o(.text)
    .text                                    0x08000218   Section        0  __2printf.o(.text)
    .text                                    0x08000230   Section        0  _printf_dec.o(.text)
    .text                                    0x080002a8   Section        0  __printf_flags_ss_wp.o(.text)
    .text                                    0x08000430   Section        0  heapauxi.o(.text)
    .text                                    0x08000436   Section        2  use_no_semi.o(.text)
    .text                                    0x08000438   Section        0  _rserrno.o(.text)
    .text                                    0x0800044e   Section        0  _printf_intcommon.o(.text)
    .text                                    0x08000500   Section        0  _printf_char_common.o(.text)
    _printf_input_char                       0x08000501   Thumb Code    10  _printf_char_common.o(.text)
    .text                                    0x08000530   Section        0  _printf_char_file.o(.text)
    .text                                    0x08000554   Section        8  rt_errno_addr_intlibspace.o(.text)
    .text                                    0x0800055c   Section        0  ferror.o(.text)
    .text                                    0x08000564   Section        8  libspace.o(.text)
    .text                                    0x0800056c   Section       74  sys_stackheap_outer.o(.text)
    .text                                    0x080005b6   Section        0  exit.o(.text)
    i.BusFault_Handler                       0x080005c8   Section        0  stm32f10x_it.o(i.BusFault_Handler)
    i.DebugMon_Handler                       0x080005cc   Section        0  stm32f10x_it.o(i.DebugMon_Handler)
    i.GPIO_Init                              0x080005ce   Section        0  stm32f10x_gpio.o(i.GPIO_Init)
    i.HardFault_Handler                      0x080006e4   Section        0  stm32f10x_it.o(i.HardFault_Handler)
    i.MemManage_Handler                      0x080006e8   Section        0  stm32f10x_it.o(i.MemManage_Handler)
    i.NMI_Handler                            0x080006ec   Section        0  stm32f10x_it.o(i.NMI_Handler)
    i.NVIC_Init                              0x080006f0   Section        0  misc.o(i.NVIC_Init)
    i.NVIC_PriorityGroupConfig               0x08000760   Section        0  misc.o(i.NVIC_PriorityGroupConfig)
    i.PendSV_Handler                         0x08000774   Section        0  stm32f10x_it.o(i.PendSV_Handler)
    i.RCC_APB1PeriphClockCmd                 0x08000778   Section        0  stm32f10x_rcc.o(i.RCC_APB1PeriphClockCmd)
    i.RCC_APB1PeriphResetCmd                 0x08000798   Section        0  stm32f10x_rcc.o(i.RCC_APB1PeriphResetCmd)
    i.RCC_APB2PeriphClockCmd                 0x080007b8   Section        0  stm32f10x_rcc.o(i.RCC_APB2PeriphClockCmd)
    i.RCC_APB2PeriphResetCmd                 0x080007d8   Section        0  stm32f10x_rcc.o(i.RCC_APB2PeriphResetCmd)
    i.RCC_GetClocksFreq                      0x080007f8   Section        0  stm32f10x_rcc.o(i.RCC_GetClocksFreq)
    i.STEPMOTOR_Init                         0x080008cc   Section        0  led.o(i.STEPMOTOR_Init)
    i.SVC_Handler                            0x080008f8   Section        0  stm32f10x_it.o(i.SVC_Handler)
    i.SetSysClock                            0x080008fa   Section        0  system_stm32f10x.o(i.SetSysClock)
    SetSysClock                              0x080008fb   Thumb Code     8  system_stm32f10x.o(i.SetSysClock)
    i.SetSysClockTo72                        0x08000904   Section        0  system_stm32f10x.o(i.SetSysClockTo72)
    SetSysClockTo72                          0x08000905   Thumb Code   214  system_stm32f10x.o(i.SetSysClockTo72)
    i.SysTick_CLKSourceConfig                0x080009e4   Section        0  misc.o(i.SysTick_CLKSourceConfig)
    i.SysTick_Handler                        0x08000a0c   Section        0  stm32f10x_it.o(i.SysTick_Handler)
    i.SystemInit                             0x08000a10   Section        0  system_stm32f10x.o(i.SystemInit)
    i.TIM7_IRQHandler                        0x08000a70   Section        0  timer.o(i.TIM7_IRQHandler)
    i.TIM7_Int_Init                          0x08000aa4   Section        0  timer.o(i.TIM7_Int_Init)
    i.TIM_ClearITPendingBit                  0x08000b04   Section        0  stm32f10x_tim.o(i.TIM_ClearITPendingBit)
    i.TIM_Cmd                                0x08000b0a   Section        0  stm32f10x_tim.o(i.TIM_Cmd)
    i.TIM_GetITStatus                        0x08000b22   Section        0  stm32f10x_tim.o(i.TIM_GetITStatus)
    i.TIM_ITConfig                           0x08000b44   Section        0  stm32f10x_tim.o(i.TIM_ITConfig)
    i.TIM_TimeBaseInit                       0x08000b58   Section        0  stm32f10x_tim.o(i.TIM_TimeBaseInit)
    i.USART1_IRQHandler                      0x08000bfc   Section        0  usart.o(i.USART1_IRQHandler)
    i.USART2_IRQHandler                      0x08001d00   Section        0  usart2.o(i.USART2_IRQHandler)
    i.USART3_IRQHandler                      0x08001d04   Section        0  openmv.o(i.USART3_IRQHandler)
    i.USART_ClearITPendingBit                0x08001e18   Section        0  stm32f10x_usart.o(i.USART_ClearITPendingBit)
    i.USART_Cmd                              0x08001e36   Section        0  stm32f10x_usart.o(i.USART_Cmd)
    i.USART_DeInit                           0x08001e50   Section        0  stm32f10x_usart.o(i.USART_DeInit)
    i.USART_GetITStatus                      0x08001eec   Section        0  stm32f10x_usart.o(i.USART_GetITStatus)
    i.USART_ITConfig                         0x08001f40   Section        0  stm32f10x_usart.o(i.USART_ITConfig)
    i.USART_Init                             0x08001f8c   Section        0  stm32f10x_usart.o(i.USART_Init)
    i.USART_ReceiveData                      0x08002064   Section        0  stm32f10x_usart.o(i.USART_ReceiveData)
    i.UsageFault_Handler                     0x0800206e   Section        0  stm32f10x_it.o(i.UsageFault_Handler)
    i.__ARM_fpclassify                       0x08002072   Section        0  fpclassify.o(i.__ARM_fpclassify)
    i.__ieee754_rem_pio2                     0x0800209c   Section        0  rred.o(i.__ieee754_rem_pio2)
    i.__kernel_cos                           0x08002424   Section        0  cos_i.o(i.__kernel_cos)
    i.__kernel_poly                          0x08002520   Section        0  poly.o(i.__kernel_poly)
    i.__kernel_sin                           0x080025cc   Section        0  sin_i.o(i.__kernel_sin)
    i.__mathlib_dbl_infnan                   0x080026b8   Section        0  dunder.o(i.__mathlib_dbl_infnan)
    i.__mathlib_dbl_invalid                  0x080026be   Section        0  dunder.o(i.__mathlib_dbl_invalid)
    i.__mathlib_dbl_underflow                0x080026cc   Section        0  dunder.o(i.__mathlib_dbl_underflow)
    i._is_digit                              0x080026dc   Section        0  __printf_wp.o(i._is_digit)
    i._sys_exit                              0x080026ea   Section        0  usart.o(i._sys_exit)
    i.circle1                                0x080026f0   Section        0  led.o(i.circle1)
    i.circle2                                0x08002772   Section        0  led.o(i.circle2)
    i.circle3                                0x080027f4   Section        0  led.o(i.circle3)
    i.circle4                                0x08002876   Section        0  led.o(i.circle4)
    i.cos                                    0x080028f8   Section        0  cos.o(i.cos)
    i.delay_init                             0x08002994   Section        0  delay.o(i.delay_init)
    i.delay_us                               0x080029d8   Section        0  delay.o(i.delay_us)
    i.fputc                                  0x08002a24   Section        0  usart.o(i.fputc)
    i.get_xiang                              0x08002a40   Section        0  led.o(i.get_xiang)
    i.lbs                                    0x08002a76   Section        0  led.o(i.lbs)
    i.main                                   0x08002a80   Section        0  main.o(i.main)
    i.openmv_init                            0x08002d20   Section        0  openmv.o(i.openmv_init)
    i.sanjiao                                0x08002dd0   Section        0  led.o(i.sanjiao)
    i.sin                                    0x08002e80   Section        0  sin.o(i.sin)
    i.sqrt                                   0x08002f20   Section        0  sqrt.o(i.sqrt)
    i.uart_init                              0x08002f6c   Section        0  usart.o(i.uart_init)
    i.usart2_init                            0x0800300c   Section        0  usart2.o(i.usart2_init)
    i.xfz                                    0x080030d8   Section        0  led.o(i.xfz)
    i.xzz                                    0x08003208   Section        0  led.o(i.xzz)
    i.yfz                                    0x08003338   Section        0  led.o(i.yfz)
    i.yuan                                   0x08003468   Section        0  led.o(i.yuan)
    i.yuanhuchabu                            0x0800352c   Section        0  led.o(i.yuanhuchabu)
    i.yzz                                    0x08003790   Section        0  led.o(i.yzz)
    i.zhixianchabu                           0x080038c0   Section        0  led.o(i.zhixianchabu)
    x$fpl$dadd                               0x0800397c   Section      336  daddsub_clz.o(x$fpl$dadd)
    _dadd1                                   0x0800398d   Thumb Code     0  daddsub_clz.o(x$fpl$dadd)
    x$fpl$dcheck1                            0x08003acc   Section       16  dcheck1.o(x$fpl$dcheck1)
    x$fpl$dcmpinf                            0x08003adc   Section       24  dcmpi.o(x$fpl$dcmpinf)
    x$fpl$ddiv                               0x08003af4   Section      688  ddiv.o(x$fpl$ddiv)
    ddiv_entry                               0x08003afb   Thumb Code     0  ddiv.o(x$fpl$ddiv)
    x$fpl$deqf                               0x08003da4   Section      120  deqf.o(x$fpl$deqf)
    x$fpl$dfix                               0x08003e1c   Section       94  dfix.o(x$fpl$dfix)
    x$fpl$dflt                               0x08003e7a   Section       46  dflt_clz.o(x$fpl$dflt)
    x$fpl$dfltu                              0x08003ea8   Section       38  dflt_clz.o(x$fpl$dfltu)
    x$fpl$dmul                               0x08003ed0   Section      340  dmul.o(x$fpl$dmul)
    x$fpl$dnaninf                            0x08004024   Section      156  dnaninf.o(x$fpl$dnaninf)
    x$fpl$dretinf                            0x080040c0   Section       12  dretinf.o(x$fpl$dretinf)
    x$fpl$drsb                               0x080040cc   Section       22  daddsub_clz.o(x$fpl$drsb)
    x$fpl$dsqrt                              0x080040e4   Section      460  dsqrt_noumaal.o(x$fpl$dsqrt)
    x$fpl$dsub                               0x080042b0   Section      468  daddsub_clz.o(x$fpl$dsub)
    _dsub1                                   0x080042c1   Thumb Code     0  daddsub_clz.o(x$fpl$dsub)
    x$fpl$retnan                             0x08004484   Section      100  retnan.o(x$fpl$retnan)
    x$fpl$scalbn                             0x080044e8   Section       92  scalbn.o(x$fpl$scalbn)
    x$fpl$trapveneer                         0x08004544   Section       48  trapv.o(x$fpl$trapveneer)
    .constdata                               0x08004574   Section       17  __printf_flags_ss_wp.o(.constdata)
    x$fpl$usenofp                            0x08004574   Section        0  usenofp.o(x$fpl$usenofp)
    maptable                                 0x08004574   Data          17  __printf_flags_ss_wp.o(.constdata)
    .constdata                               0x08004588   Section       48  cos_i.o(.constdata)
    C                                        0x08004588   Data          48  cos_i.o(.constdata)
    .constdata                               0x080045b8   Section      200  rred.o(.constdata)
    pio2s                                    0x080045b8   Data          48  rred.o(.constdata)
    twooverpi                                0x080045e8   Data         152  rred.o(.constdata)
    .constdata                               0x08004680   Section       40  sin_i.o(.constdata)
    S                                        0x08004680   Data          40  sin_i.o(.constdata)
    .data                                    0x20000000   Section       20  main.o(.data)
    .data                                    0x20000014   Section       20  system_stm32f10x.o(.data)
    .data                                    0x20000028   Section        4  usart2.o(.data)
    .data                                    0x20000030   Section       33  openmv.o(.data)
    .data                                    0x20000052   Section        4  delay.o(.data)
    fac_us                                   0x20000052   Data           1  delay.o(.data)
    fac_ms                                   0x20000054   Data           2  delay.o(.data)
    .data                                    0x20000058   Section      116  usart.o(.data)
    .data                                    0x200000cc   Section       20  stm32f10x_rcc.o(.data)
    APBAHBPrescTable                         0x200000cc   Data          16  stm32f10x_rcc.o(.data)
    ADCPrescTable                            0x200000dc   Data           4  stm32f10x_rcc.o(.data)
    .bss                                     0x200000e0   Section      240  usart.o(.bss)
    .bss                                     0x200001d0   Section       96  libspace.o(.bss)
    HEAP                                     0x20000230   Section      512  startup_stm32f10x_hd.o(HEAP)
    Heap_Mem                                 0x20000230   Data         512  startup_stm32f10x_hd.o(HEAP)
    STACK                                    0x20000430   Section     1024  startup_stm32f10x_hd.o(STACK)
    Stack_Mem                                0x20000430   Data        1024  startup_stm32f10x_hd.o(STACK)
    __initial_sp                             0x20000830   Data           0  startup_stm32f10x_hd.o(STACK)

    Global Symbols

    Symbol Name                              Value     Ov Type        Size  Object(Section)

    BuildAttributes$$THM_ISAv4$P$D$K$B$S$PE$A:L22UL41UL21$X:L11$S22US41US21$IEEE1$IW$USESV6$~STKCKD$USESV7$~SHL$OTIME$ROPI$IEEEX$EBA8$UX$STANDARDLIB$REQ8$PRES8$EABIv2 0x00000000   Number         0  anon$$obj.o ABSOLUTE
    __ARM_use_no_argv                        0x00000000   Number         0  main.o ABSOLUTE
    _printf_flags                            0x00000000   Number         0  printf_stubs.o ABSOLUTE
    _printf_return_value                     0x00000000   Number         0  printf_stubs.o ABSOLUTE
    _printf_sizespec                         0x00000000   Number         0  printf_stubs.o ABSOLUTE
    _printf_widthprec                        0x00000000   Number         0  printf_stubs.o ABSOLUTE
    __ARM_exceptions_init                     - Undefined Weak Reference
    __alloca_initialize                       - Undefined Weak Reference
    __arm_preinit_                            - Undefined Weak Reference
    __cpp_initialize__aeabi_                  - Undefined Weak Reference
    __cxa_finalize                            - Undefined Weak Reference
    __sigvec_lookup                           - Undefined Weak Reference
    _atexit_init                              - Undefined Weak Reference
    _call_atexit_fns                          - Undefined Weak Reference
    _clock_init                               - Undefined Weak Reference
    _fp_trap_init                             - Undefined Weak Reference
    _fp_trap_shutdown                         - Undefined Weak Reference
    _get_lc_collate                           - Undefined Weak Reference
    _get_lc_monetary                          - Undefined Weak Reference
    _get_lc_time                              - Undefined Weak Reference
    _getenv_init                              - Undefined Weak Reference
    _handle_redirection                       - Undefined Weak Reference
    _init_alloc                               - Undefined Weak Reference
    _init_user_alloc                          - Undefined Weak Reference
    _initio                                   - Undefined Weak Reference
    _mutex_acquire                            - Undefined Weak Reference
    _mutex_release                            - Undefined Weak Reference
    _printf_fp_hex                            - Undefined Weak Reference
    _printf_mbtowc                            - Undefined Weak Reference
    _printf_wc                                - Undefined Weak Reference
    _rand_init                                - Undefined Weak Reference
    _signal_finish                            - Undefined Weak Reference
    _signal_init                              - Undefined Weak Reference
    _terminate_alloc                          - Undefined Weak Reference
    _terminate_user_alloc                     - Undefined Weak Reference
    _terminateio                              - Undefined Weak Reference
    __Vectors_Size                           0x00000130   Number         0  startup_stm32f10x_hd.o ABSOLUTE
    __Vectors                                0x08000000   Data           4  startup_stm32f10x_hd.o(RESET)
    __Vectors_End                            0x08000130   Data           0  startup_stm32f10x_hd.o(RESET)
    __main                                   0x08000131   Thumb Code     8  __main.o(!!!main)
    __scatterload                            0x08000139   Thumb Code     0  __scatter.o(!!!scatter)
    __scatterload_rt2                        0x08000139   Thumb Code    44  __scatter.o(!!!scatter)
    __scatterload_rt2_thumb_only             0x08000139   Thumb Code     0  __scatter.o(!!!scatter)
    __scatterload_null                       0x08000147   Thumb Code     0  __scatter.o(!!!scatter)
    __scatterload_copy                       0x0800016d   Thumb Code    26  __scatter_copy.o(!!handler_copy)
    __scatterload_zeroinit                   0x08000189   Thumb Code    28  __scatter_zi.o(!!handler_zi)
    _printf_d                                0x080001a5   Thumb Code     0  _printf_d.o(.ARM.Collect$$_printf_percent$$00000009)
    _printf_percent                          0x080001a5   Thumb Code     0  _printf_percent.o(.ARM.Collect$$_printf_percent$$00000000)
    _printf_percent_end                      0x080001ab   Thumb Code     0  _printf_percent_end.o(.ARM.Collect$$_printf_percent$$00000017)
    __rt_lib_init                            0x080001af   Thumb Code     0  libinit.o(.ARM.Collect$$libinit$$00000000)
    __rt_lib_init_alloca_1                   0x080001b1   Thumb Code     0  libinit2.o(.ARM.Collect$$libinit$$0000002E)
    __rt_lib_init_argv_1                     0x080001b1   Thumb Code     0  libinit2.o(.ARM.Collect$$libinit$$0000002C)
    __rt_lib_init_atexit_1                   0x080001b1   Thumb Code     0  libinit2.o(.ARM.Collect$$libinit$$0000001B)
    __rt_lib_init_clock_1                    0x080001b1   Thumb Code     0  libinit2.o(.ARM.Collect$$libinit$$00000021)
    __rt_lib_init_cpp_1                      0x080001b1   Thumb Code     0  libinit2.o(.ARM.Collect$$libinit$$00000032)
    __rt_lib_init_exceptions_1               0x080001b1   Thumb Code     0  libinit2.o(.ARM.Collect$$libinit$$00000030)
    __rt_lib_init_fp_1                       0x080001b1   Thumb Code     0  libinit2.o(.ARM.Collect$$libinit$$00000002)
    __rt_lib_init_fp_trap_1                  0x080001b1   Thumb Code     0  libinit2.o(.ARM.Collect$$libinit$$0000001F)
    __rt_lib_init_getenv_1                   0x080001b1   Thumb Code     0  libinit2.o(.ARM.Collect$$libinit$$00000023)
    __rt_lib_init_heap_1                     0x080001b1   Thumb Code     0  libinit2.o(.ARM.Collect$$libinit$$0000000A)
    __rt_lib_init_lc_collate_1               0x080001b1   Thumb Code     0  libinit2.o(.ARM.Collect$$libinit$$00000011)
    __rt_lib_init_lc_ctype_1                 0x080001b1   Thumb Code     0  libinit2.o(.ARM.Collect$$libinit$$00000013)
    __rt_lib_init_lc_monetary_1              0x080001b1   Thumb Code     0  libinit2.o(.ARM.Collect$$libinit$$00000015)
    __rt_lib_init_lc_numeric_1               0x080001b1   Thumb Code     0  libinit2.o(.ARM.Collect$$libinit$$00000017)
    __rt_lib_init_lc_time_1                  0x080001b1   Thumb Code     0  libinit2.o(.ARM.Collect$$libinit$$00000019)
    __rt_lib_init_preinit_1                  0x080001b1   Thumb Code     0  libinit2.o(.ARM.Collect$$libinit$$00000004)
    __rt_lib_init_rand_1                     0x080001b1   Thumb Code     0  libinit2.o(.ARM.Collect$$libinit$$0000000E)
    __rt_lib_init_return                     0x080001b1   Thumb Code     0  libinit2.o(.ARM.Collect$$libinit$$00000033)
    __rt_lib_init_signal_1                   0x080001b1   Thumb Code     0  libinit2.o(.ARM.Collect$$libinit$$0000001D)
    __rt_lib_init_stdio_1                    0x080001b1   Thumb Code     0  libinit2.o(.ARM.Collect$$libinit$$00000025)
    __rt_lib_init_user_alloc_1               0x080001b1   Thumb Code     0  libinit2.o(.ARM.Collect$$libinit$$0000000C)
    __rt_lib_shutdown                        0x080001b3   Thumb Code     0  libshutdown.o(.ARM.Collect$$libshutdown$$00000000)
    __rt_lib_shutdown_cpp_1                  0x080001b5   Thumb Code     0  libshutdown2.o(.ARM.Collect$$libshutdown$$00000002)
    __rt_lib_shutdown_fp_trap_1              0x080001b5   Thumb Code     0  libshutdown2.o(.ARM.Collect$$libshutdown$$00000007)
    __rt_lib_shutdown_heap_1                 0x080001b5   Thumb Code     0  libshutdown2.o(.ARM.Collect$$libshutdown$$0000000F)
    __rt_lib_shutdown_return                 0x080001b5   Thumb Code     0  libshutdown2.o(.ARM.Collect$$libshutdown$$00000010)
    __rt_lib_shutdown_signal_1               0x080001b5   Thumb Code     0  libshutdown2.o(.ARM.Collect$$libshutdown$$0000000A)
    __rt_lib_shutdown_stdio_1                0x080001b5   Thumb Code     0  libshutdown2.o(.ARM.Collect$$libshutdown$$00000004)
    __rt_lib_shutdown_user_alloc_1           0x080001b5   Thumb Code     0  libshutdown2.o(.ARM.Collect$$libshutdown$$0000000C)
    __rt_entry                               0x080001b7   Thumb Code     0  __rtentry.o(.ARM.Collect$$rtentry$$00000000)
    __rt_entry_presh_1                       0x080001b7   Thumb Code     0  __rtentry2.o(.ARM.Collect$$rtentry$$00000002)
    __rt_entry_sh                            0x080001b7   Thumb Code     0  __rtentry4.o(.ARM.Collect$$rtentry$$00000004)
    __rt_entry_li                            0x080001bd   Thumb Code     0  __rtentry2.o(.ARM.Collect$$rtentry$$0000000A)
    __rt_entry_postsh_1                      0x080001bd   Thumb Code     0  __rtentry2.o(.ARM.Collect$$rtentry$$00000009)
    __rt_entry_main                          0x080001c1   Thumb Code     0  __rtentry2.o(.ARM.Collect$$rtentry$$0000000D)
    __rt_entry_postli_1                      0x080001c1   Thumb Code     0  __rtentry2.o(.ARM.Collect$$rtentry$$0000000C)
    __rt_exit                                0x080001c9   Thumb Code     0  rtexit.o(.ARM.Collect$$rtexit$$00000000)
    __rt_exit_ls                             0x080001cb   Thumb Code     0  rtexit2.o(.ARM.Collect$$rtexit$$00000003)
    __rt_exit_prels_1                        0x080001cb   Thumb Code     0  rtexit2.o(.ARM.Collect$$rtexit$$00000002)
    __rt_exit_exit                           0x080001cf   Thumb Code     0  rtexit2.o(.ARM.Collect$$rtexit$$00000004)
    Reset_Handler                            0x080001d5   Thumb Code     8  startup_stm32f10x_hd.o(.text)
    ADC1_2_IRQHandler                        0x080001ef   Thumb Code     0  startup_stm32f10x_hd.o(.text)
    ADC3_IRQHandler                          0x080001ef   Thumb Code     0  startup_stm32f10x_hd.o(.text)
    CAN1_RX1_IRQHandler                      0x080001ef   Thumb Code     0  startup_stm32f10x_hd.o(.text)
    CAN1_SCE_IRQHandler                      0x080001ef   Thumb Code     0  startup_stm32f10x_hd.o(.text)
    DMA1_Channel1_IRQHandler                 0x080001ef   Thumb Code     0  startup_stm32f10x_hd.o(.text)
    DMA1_Channel2_IRQHandler                 0x080001ef   Thumb Code     0  startup_stm32f10x_hd.o(.text)
    DMA1_Channel3_IRQHandler                 0x080001ef   Thumb Code     0  startup_stm32f10x_hd.o(.text)
    DMA1_Channel4_IRQHandler                 0x080001ef   Thumb Code     0  startup_stm32f10x_hd.o(.text)
    DMA1_Channel5_IRQHandler                 0x080001ef   Thumb Code     0  startup_stm32f10x_hd.o(.text)
    DMA1_Channel6_IRQHandler                 0x080001ef   Thumb Code     0  startup_stm32f10x_hd.o(.text)
    DMA1_Channel7_IRQHandler                 0x080001ef   Thumb Code     0  startup_stm32f10x_hd.o(.text)
    DMA2_Channel1_IRQHandler                 0x080001ef   Thumb Code     0  startup_stm32f10x_hd.o(.text)
    DMA2_Channel2_IRQHandler                 0x080001ef   Thumb Code     0  startup_stm32f10x_hd.o(.text)
    DMA2_Channel3_IRQHandler                 0x080001ef   Thumb Code     0  startup_stm32f10x_hd.o(.text)
    DMA2_Channel4_5_IRQHandler               0x080001ef   Thumb Code     0  startup_stm32f10x_hd.o(.text)
    EXTI0_IRQHandler                         0x080001ef   Thumb Code     0  startup_stm32f10x_hd.o(.text)
    EXTI15_10_IRQHandler                     0x080001ef   Thumb Code     0  startup_stm32f10x_hd.o(.text)
    EXTI1_IRQHandler                         0x080001ef   Thumb Code     0  startup_stm32f10x_hd.o(.text)
    EXTI2_IRQHandler                         0x080001ef   Thumb Code     0  startup_stm32f10x_hd.o(.text)
    EXTI3_IRQHandler                         0x080001ef   Thumb Code     0  startup_stm32f10x_hd.o(.text)
    EXTI4_IRQHandler                         0x080001ef   Thumb Code     0  startup_stm32f10x_hd.o(.text)
    EXTI9_5_IRQHandler                       0x080001ef   Thumb Code     0  startup_stm32f10x_hd.o(.text)
    FLASH_IRQHandler                         0x080001ef   Thumb Code     0  startup_stm32f10x_hd.o(.text)
    FSMC_IRQHandler                          0x080001ef   Thumb Code     0  startup_stm32f10x_hd.o(.text)
    I2C1_ER_IRQHandler                       0x080001ef   Thumb Code     0  startup_stm32f10x_hd.o(.text)
    I2C1_EV_IRQHandler                       0x080001ef   Thumb Code     0  startup_stm32f10x_hd.o(.text)
    I2C2_ER_IRQHandler                       0x080001ef   Thumb Code     0  startup_stm32f10x_hd.o(.text)
    I2C2_EV_IRQHandler                       0x080001ef   Thumb Code     0  startup_stm32f10x_hd.o(.text)
    PVD_IRQHandler                           0x080001ef   Thumb Code     0  startup_stm32f10x_hd.o(.text)
    RCC_IRQHandler                           0x080001ef   Thumb Code     0  startup_stm32f10x_hd.o(.text)
    RTCAlarm_IRQHandler                      0x080001ef   Thumb Code     0  startup_stm32f10x_hd.o(.text)
    RTC_IRQHandler                           0x080001ef   Thumb Code     0  startup_stm32f10x_hd.o(.text)
    SDIO_IRQHandler                          0x080001ef   Thumb Code     0  startup_stm32f10x_hd.o(.text)
    SPI1_IRQHandler                          0x080001ef   Thumb Code     0  startup_stm32f10x_hd.o(.text)
    SPI2_IRQHandler                          0x080001ef   Thumb Code     0  startup_stm32f10x_hd.o(.text)
    SPI3_IRQHandler                          0x080001ef   Thumb Code     0  startup_stm32f10x_hd.o(.text)
    TAMPER_IRQHandler                        0x080001ef   Thumb Code     0  startup_stm32f10x_hd.o(.text)
    TIM1_BRK_IRQHandler                      0x080001ef   Thumb Code     0  startup_stm32f10x_hd.o(.text)
    TIM1_CC_IRQHandler                       0x080001ef   Thumb Code     0  startup_stm32f10x_hd.o(.text)
    TIM1_TRG_COM_IRQHandler                  0x080001ef   Thumb Code     0  startup_stm32f10x_hd.o(.text)
    TIM1_UP_IRQHandler                       0x080001ef   Thumb Code     0  startup_stm32f10x_hd.o(.text)
    TIM2_IRQHandler                          0x080001ef   Thumb Code     0  startup_stm32f10x_hd.o(.text)
    TIM3_IRQHandler                          0x080001ef   Thumb Code     0  startup_stm32f10x_hd.o(.text)
    TIM4_IRQHandler                          0x080001ef   Thumb Code     0  startup_stm32f10x_hd.o(.text)
    TIM5_IRQHandler                          0x080001ef   Thumb Code     0  startup_stm32f10x_hd.o(.text)
    TIM6_IRQHandler                          0x080001ef   Thumb Code     0  startup_stm32f10x_hd.o(.text)
    TIM8_BRK_IRQHandler                      0x080001ef   Thumb Code     0  startup_stm32f10x_hd.o(.text)
    TIM8_CC_IRQHandler                       0x080001ef   Thumb Code     0  startup_stm32f10x_hd.o(.text)
    TIM8_TRG_COM_IRQHandler                  0x080001ef   Thumb Code     0  startup_stm32f10x_hd.o(.text)
    TIM8_UP_IRQHandler                       0x080001ef   Thumb Code     0  startup_stm32f10x_hd.o(.text)
    UART4_IRQHandler                         0x080001ef   Thumb Code     0  startup_stm32f10x_hd.o(.text)
    UART5_IRQHandler                         0x080001ef   Thumb Code     0  startup_stm32f10x_hd.o(.text)
    USBWakeUp_IRQHandler                     0x080001ef   Thumb Code     0  startup_stm32f10x_hd.o(.text)
    USB_HP_CAN1_TX_IRQHandler                0x080001ef   Thumb Code     0  startup_stm32f10x_hd.o(.text)
    USB_LP_CAN1_RX0_IRQHandler               0x080001ef   Thumb Code     0  startup_stm32f10x_hd.o(.text)
    WWDG_IRQHandler                          0x080001ef   Thumb Code     0  startup_stm32f10x_hd.o(.text)
    __user_initial_stackheap                 0x080001f1   Thumb Code     0  startup_stm32f10x_hd.o(.text)
    __use_no_semihosting                     0x08000215   Thumb Code     2  use_no_semi_2.o(.text)
    __2printf                                0x08000219   Thumb Code    20  __2printf.o(.text)
    _printf_int_dec                          0x08000231   Thumb Code   104  _printf_dec.o(.text)
    __printf                                 0x080002a9   Thumb Code   388  __printf_flags_ss_wp.o(.text)
    __use_two_region_memory                  0x08000431   Thumb Code     2  heapauxi.o(.text)
    __rt_heap_escrow$2region                 0x08000433   Thumb Code     2  heapauxi.o(.text)
    __rt_heap_expand$2region                 0x08000435   Thumb Code     2  heapauxi.o(.text)
    __I$use$semihosting                      0x08000437   Thumb Code     0  use_no_semi.o(.text)
    __use_no_semihosting_swi                 0x08000437   Thumb Code     2  use_no_semi.o(.text)
    __read_errno                             0x08000439   Thumb Code    10  _rserrno.o(.text)
    __set_errno                              0x08000443   Thumb Code    12  _rserrno.o(.text)
    _printf_int_common                       0x0800044f   Thumb Code   178  _printf_intcommon.o(.text)
    _printf_char_common                      0x0800050b   Thumb Code    32  _printf_char_common.o(.text)
    _printf_char_file                        0x08000531   Thumb Code    32  _printf_char_file.o(.text)
    __aeabi_errno_addr                       0x08000555   Thumb Code     8  rt_errno_addr_intlibspace.o(.text)
    __errno$intlibspace                      0x08000555   Thumb Code     0  rt_errno_addr_intlibspace.o(.text)
    __rt_errno_addr$intlibspace              0x08000555   Thumb Code     0  rt_errno_addr_intlibspace.o(.text)
    ferror                                   0x0800055d   Thumb Code     8  ferror.o(.text)
    __user_libspace                          0x08000565   Thumb Code     8  libspace.o(.text)
    __user_perproc_libspace                  0x08000565   Thumb Code     0  libspace.o(.text)
    __user_perthread_libspace                0x08000565   Thumb Code     0  libspace.o(.text)
    __user_setup_stackheap                   0x0800056d   Thumb Code    74  sys_stackheap_outer.o(.text)
    exit                                     0x080005b7   Thumb Code    18  exit.o(.text)
    BusFault_Handler                         0x080005c9   Thumb Code     4  stm32f10x_it.o(i.BusFault_Handler)
    DebugMon_Handler                         0x080005cd   Thumb Code     2  stm32f10x_it.o(i.DebugMon_Handler)
    GPIO_Init                                0x080005cf   Thumb Code   278  stm32f10x_gpio.o(i.GPIO_Init)
    HardFault_Handler                        0x080006e5   Thumb Code     4  stm32f10x_it.o(i.HardFault_Handler)
    MemManage_Handler                        0x080006e9   Thumb Code     4  stm32f10x_it.o(i.MemManage_Handler)
    NMI_Handler                              0x080006ed   Thumb Code     2  stm32f10x_it.o(i.NMI_Handler)
    NVIC_Init                                0x080006f1   Thumb Code   100  misc.o(i.NVIC_Init)
    NVIC_PriorityGroupConfig                 0x08000761   Thumb Code    10  misc.o(i.NVIC_PriorityGroupConfig)
    PendSV_Handler                           0x08000775   Thumb Code     2  stm32f10x_it.o(i.PendSV_Handler)
    RCC_APB1PeriphClockCmd                   0x08000779   Thumb Code    26  stm32f10x_rcc.o(i.RCC_APB1PeriphClockCmd)
    RCC_APB1PeriphResetCmd                   0x08000799   Thumb Code    26  stm32f10x_rcc.o(i.RCC_APB1PeriphResetCmd)
    RCC_APB2PeriphClockCmd                   0x080007b9   Thumb Code    26  stm32f10x_rcc.o(i.RCC_APB2PeriphClockCmd)
    RCC_APB2PeriphResetCmd                   0x080007d9   Thumb Code    26  stm32f10x_rcc.o(i.RCC_APB2PeriphResetCmd)
    RCC_GetClocksFreq                        0x080007f9   Thumb Code   192  stm32f10x_rcc.o(i.RCC_GetClocksFreq)
    STEPMOTOR_Init                           0x080008cd   Thumb Code    40  led.o(i.STEPMOTOR_Init)
    SVC_Handler                              0x080008f9   Thumb Code     2  stm32f10x_it.o(i.SVC_Handler)
    SysTick_CLKSourceConfig                  0x080009e5   Thumb Code    40  misc.o(i.SysTick_CLKSourceConfig)
    SysTick_Handler                          0x08000a0d   Thumb Code     2  stm32f10x_it.o(i.SysTick_Handler)
    SystemInit                               0x08000a11   Thumb Code    78  system_stm32f10x.o(i.SystemInit)
    TIM7_IRQHandler                          0x08000a71   Thumb Code    42  timer.o(i.TIM7_IRQHandler)
    TIM7_Int_Init                            0x08000aa5   Thumb Code    90  timer.o(i.TIM7_Int_Init)
    TIM_ClearITPendingBit                    0x08000b05   Thumb Code     6  stm32f10x_tim.o(i.TIM_ClearITPendingBit)
    TIM_Cmd                                  0x08000b0b   Thumb Code    24  stm32f10x_tim.o(i.TIM_Cmd)
    TIM_GetITStatus                          0x08000b23   Thumb Code    34  stm32f10x_tim.o(i.TIM_GetITStatus)
    TIM_ITConfig                             0x08000b45   Thumb Code    18  stm32f10x_tim.o(i.TIM_ITConfig)
    TIM_TimeBaseInit                         0x08000b59   Thumb Code   122  stm32f10x_tim.o(i.TIM_TimeBaseInit)
    USART1_IRQHandler                        0x08000bfd   Thumb Code  4340  usart.o(i.USART1_IRQHandler)
    USART2_IRQHandler                        0x08001d01   Thumb Code     2  usart2.o(i.USART2_IRQHandler)
    USART3_IRQHandler                        0x08001d05   Thumb Code   240  openmv.o(i.USART3_IRQHandler)
    USART_ClearITPendingBit                  0x08001e19   Thumb Code    30  stm32f10x_usart.o(i.USART_ClearITPendingBit)
    USART_Cmd                                0x08001e37   Thumb Code    24  stm32f10x_usart.o(i.USART_Cmd)
    USART_DeInit                             0x08001e51   Thumb Code   134  stm32f10x_usart.o(i.USART_DeInit)
    USART_GetITStatus                        0x08001eed   Thumb Code    84  stm32f10x_usart.o(i.USART_GetITStatus)
    USART_ITConfig                           0x08001f41   Thumb Code    74  stm32f10x_usart.o(i.USART_ITConfig)
    USART_Init                               0x08001f8d   Thumb Code   210  stm32f10x_usart.o(i.USART_Init)
    USART_ReceiveData                        0x08002065   Thumb Code    10  stm32f10x_usart.o(i.USART_ReceiveData)
    UsageFault_Handler                       0x0800206f   Thumb Code     4  stm32f10x_it.o(i.UsageFault_Handler)
    __ARM_fpclassify                         0x08002073   Thumb Code    40  fpclassify.o(i.__ARM_fpclassify)
    __ieee754_rem_pio2                       0x0800209d   Thumb Code   828  rred.o(i.__ieee754_rem_pio2)
    __kernel_cos                             0x08002425   Thumb Code   230  cos_i.o(i.__kernel_cos)
    __kernel_poly                            0x08002521   Thumb Code   170  poly.o(i.__kernel_poly)
    __kernel_sin                             0x080025cd   Thumb Code   224  sin_i.o(i.__kernel_sin)
    __mathlib_dbl_infnan                     0x080026b9   Thumb Code     6  dunder.o(i.__mathlib_dbl_infnan)
    __mathlib_dbl_invalid                    0x080026bf   Thumb Code    12  dunder.o(i.__mathlib_dbl_invalid)
    __mathlib_dbl_underflow                  0x080026cd   Thumb Code    10  dunder.o(i.__mathlib_dbl_underflow)
    _is_digit                                0x080026dd   Thumb Code    14  __printf_wp.o(i._is_digit)
    _sys_exit                                0x080026eb   Thumb Code     6  usart.o(i._sys_exit)
    circle1                                  0x080026f1   Thumb Code   130  led.o(i.circle1)
    circle2                                  0x08002773   Thumb Code   130  led.o(i.circle2)
    circle3                                  0x080027f5   Thumb Code   130  led.o(i.circle3)
    circle4                                  0x08002877   Thumb Code   130  led.o(i.circle4)
    cos                                      0x080028f9   Thumb Code   148  cos.o(i.cos)
    delay_init                               0x08002995   Thumb Code    50  delay.o(i.delay_init)
    delay_us                                 0x080029d9   Thumb Code    72  delay.o(i.delay_us)
    fputc                                    0x08002a25   Thumb Code    24  usart.o(i.fputc)
    get_xiang                                0x08002a41   Thumb Code    54  led.o(i.get_xiang)
    lbs                                      0x08002a77   Thumb Code     8  led.o(i.lbs)
    main                                     0x08002a81   Thumb Code   450  main.o(i.main)
    openmv_init                              0x08002d21   Thumb Code   166  openmv.o(i.openmv_init)
    sanjiao                                  0x08002dd1   Thumb Code   168  led.o(i.sanjiao)
    sin                                      0x08002e81   Thumb Code   150  sin.o(i.sin)
    sqrt                                     0x08002f21   Thumb Code    76  sqrt.o(i.sqrt)
    uart_init                                0x08002f6d   Thumb Code   152  usart.o(i.uart_init)
    usart2_init                              0x0800300d   Thumb Code   188  usart2.o(i.usart2_init)
    xfz                                      0x080030d9   Thumb Code   162  led.o(i.xfz)
    xzz                                      0x08003209   Thumb Code   162  led.o(i.xzz)
    yfz                                      0x08003339   Thumb Code   162  led.o(i.yfz)
    yuan                                     0x08003469   Thumb Code   184  led.o(i.yuan)
    yuanhuchabu                              0x0800352d   Thumb Code   604  led.o(i.yuanhuchabu)
    yzz                                      0x08003791   Thumb Code   162  led.o(i.yzz)
    zhixianchabu                             0x080038c1   Thumb Code   180  led.o(i.zhixianchabu)
    __aeabi_dadd                             0x0800397d   Thumb Code     0  daddsub_clz.o(x$fpl$dadd)
    _dadd                                    0x0800397d   Thumb Code   332  daddsub_clz.o(x$fpl$dadd)
    __fpl_dcheck_NaN1                        0x08003acd   Thumb Code    10  dcheck1.o(x$fpl$dcheck1)
    __fpl_dcmp_Inf                           0x08003add   Thumb Code    24  dcmpi.o(x$fpl$dcmpinf)
    __aeabi_ddiv                             0x08003af5   Thumb Code     0  ddiv.o(x$fpl$ddiv)
    _ddiv                                    0x08003af5   Thumb Code   552  ddiv.o(x$fpl$ddiv)
    __aeabi_cdcmpeq                          0x08003da5   Thumb Code     0  deqf.o(x$fpl$deqf)
    _dcmpeq                                  0x08003da5   Thumb Code   120  deqf.o(x$fpl$deqf)
    __aeabi_d2iz                             0x08003e1d   Thumb Code     0  dfix.o(x$fpl$dfix)
    _dfix                                    0x08003e1d   Thumb Code    94  dfix.o(x$fpl$dfix)
    __aeabi_i2d                              0x08003e7b   Thumb Code     0  dflt_clz.o(x$fpl$dflt)
    _dflt                                    0x08003e7b   Thumb Code    46  dflt_clz.o(x$fpl$dflt)
    __aeabi_ui2d                             0x08003ea9   Thumb Code     0  dflt_clz.o(x$fpl$dfltu)
    _dfltu                                   0x08003ea9   Thumb Code    38  dflt_clz.o(x$fpl$dfltu)
    __aeabi_dmul                             0x08003ed1   Thumb Code     0  dmul.o(x$fpl$dmul)
    _dmul                                    0x08003ed1   Thumb Code   332  dmul.o(x$fpl$dmul)
    __fpl_dnaninf                            0x08004025   Thumb Code   156  dnaninf.o(x$fpl$dnaninf)
    __fpl_dretinf                            0x080040c1   Thumb Code    12  dretinf.o(x$fpl$dretinf)
    __aeabi_drsub                            0x080040cd   Thumb Code     0  daddsub_clz.o(x$fpl$drsb)
    _drsb                                    0x080040cd   Thumb Code    22  daddsub_clz.o(x$fpl$drsb)
    _dsqrt                                   0x080040e5   Thumb Code   456  dsqrt_noumaal.o(x$fpl$dsqrt)
    __aeabi_dsub                             0x080042b1   Thumb Code     0  daddsub_clz.o(x$fpl$dsub)
    _dsub                                    0x080042b1   Thumb Code   464  daddsub_clz.o(x$fpl$dsub)
    __fpl_return_NaN                         0x08004485   Thumb Code   100  retnan.o(x$fpl$retnan)
    __ARM_scalbn                             0x080044e9   Thumb Code    92  scalbn.o(x$fpl$scalbn)
    __fpl_cmpreturn                          0x08004545   Thumb Code    48  trapv.o(x$fpl$trapveneer)
    __I$use$fp                               0x08004574   Number         0  usenofp.o(x$fpl$usenofp)
    Region$$Table$$Base                      0x080046a8   Number         0  anon$$obj.o(Region$$Table)
    Region$$Table$$Limit                     0x080046c8   Number         0  anon$$obj.o(Region$$Table)
    current_x                                0x20000000   Data           4  main.o(.data)
    current_y                                0x20000004   Data           4  main.o(.data)
    speed_time                               0x20000008   Data           4  main.o(.data)
    allspeed                                 0x2000000c   Data           4  main.o(.data)
    get_r                                    0x20000010   Data           4  main.o(.data)
    SystemCoreClock                          0x20000014   Data           4  system_stm32f10x.o(.data)
    AHBPrescTable                            0x20000018   Data          16  system_stm32f10x.o(.data)
    flag1                                    0x20000028   Data           1  usart2.o(.data)
    USART2_RX_STA                            0x2000002a   Data           2  usart2.o(.data)
    getx1                                    0x20000030   Data           8  openmv.o(.data)
    gety1                                    0x20000038   Data           8  openmv.o(.data)
    getx2                                    0x20000040   Data           8  openmv.o(.data)
    gety2                                    0x20000048   Data           8  openmv.o(.data)
    flag                                     0x20000050   Data           1  openmv.o(.data)
    __stdout                                 0x20000058   Data           4  usart.o(.data)
    USART_RX_STA                             0x2000005c   Data           2  usart.o(.data)
    mark                                     0x20000060   Data           4  usart.o(.data)
    t                                        0x20000064   Data           4  usart.o(.data)
    straight_xiangxian                       0x20000068   Data           4  usart.o(.data)
    straight_x                               0x2000006c   Data           4  usart.o(.data)
    straight_y                               0x20000070   Data           4  usart.o(.data)
    circlecent_x                             0x20000074   Data           4  usart.o(.data)
    circlecent_y                             0x20000078   Data           4  usart.o(.data)
    circle_way                               0x2000007c   Data           4  usart.o(.data)
    mycircle_x                               0x20000080   Data           4  usart.o(.data)
    mycircle_y                               0x20000084   Data           4  usart.o(.data)
    mycircle_way                             0x20000088   Data           4  usart.o(.data)
    mycirccle_angle                          0x2000008c   Data           4  usart.o(.data)
    mycircle_endx                            0x20000090   Data           4  usart.o(.data)
    mycircle_endy                            0x20000094   Data           4  usart.o(.data)
    mycircle_getr                            0x20000098   Data           4  usart.o(.data)
    gx1                                      0x200000a0   Data           8  usart.o(.data)
    gy1                                      0x200000a8   Data           8  usart.o(.data)
    gx2                                      0x200000b0   Data           8  usart.o(.data)
    gy2                                      0x200000b8   Data           8  usart.o(.data)
    xdir                                     0x200000c0   Data           4  usart.o(.data)
    ydir                                     0x200000c4   Data           4  usart.o(.data)
    anmark                                   0x200000c8   Data           4  usart.o(.data)
    USART_RX_BUF                             0x200000e0   Data         200  usart.o(.bss)
    data                                     0x200001a8   Data          40  usart.o(.bss)
    __libspace_start                         0x200001d0   Data          96  libspace.o(.bss)
    __temporary_stack_top$libspace           0x20000230   Data           0  libspace.o(.bss)



==============================================================================

Memory Map of the image

  Image Entry point : 0x080001d5

  Load Region LR_1 (Base: 0x08000000, Size: 0x000047a8, Max: 0xffffffff, ABSOLUTE)

    Execution Region ER_RO (Exec base: 0x08000000, Load base: 0x08000000, Size: 0x000046c8, Max: 0xffffffff, ABSOLUTE)

    Exec Addr    Load Addr    Size         Type   Attr      Idx    E Section Name        Object

    0x08000000   0x08000000   0x00000130   Data   RO          580    RESET               startup_stm32f10x_hd.o
    0x08000130   0x08000130   0x00000008   Code   RO         3592  * !!!main             c_w.l(__main.o)
    0x08000138   0x08000138   0x00000034   Code   RO         3985    !!!scatter          c_w.l(__scatter.o)
    0x0800016c   0x0800016c   0x0000001a   Code   RO         3987    !!handler_copy      c_w.l(__scatter_copy.o)
    0x08000186   0x08000186   0x00000002   PAD
    0x08000188   0x08000188   0x0000001c   Code   RO         3989    !!handler_zi        c_w.l(__scatter_zi.o)
    0x080001a4   0x080001a4   0x00000000   Code   RO         3587    .ARM.Collect$$_printf_percent$$00000000  c_w.l(_printf_percent.o)
    0x080001a4   0x080001a4   0x00000006   Code   RO         3586    .ARM.Collect$$_printf_percent$$00000009  c_w.l(_printf_d.o)
    0x080001aa   0x080001aa   0x00000004   Code   RO         3707    .ARM.Collect$$_printf_percent$$00000017  c_w.l(_printf_percent_end.o)
    0x080001ae   0x080001ae   0x00000002   Code   RO         3849    .ARM.Collect$$libinit$$00000000  c_w.l(libinit.o)
    0x080001b0   0x080001b0   0x00000000   Code   RO         3862    .ARM.Collect$$libinit$$00000002  c_w.l(libinit2.o)
    0x080001b0   0x080001b0   0x00000000   Code   RO         3864    .ARM.Collect$$libinit$$00000004  c_w.l(libinit2.o)
    0x080001b0   0x080001b0   0x00000000   Code   RO         3867    .ARM.Collect$$libinit$$0000000A  c_w.l(libinit2.o)
    0x080001b0   0x080001b0   0x00000000   Code   RO         3869    .ARM.Collect$$libinit$$0000000C  c_w.l(libinit2.o)
    0x080001b0   0x080001b0   0x00000000   Code   RO         3871    .ARM.Collect$$libinit$$0000000E  c_w.l(libinit2.o)
    0x080001b0   0x080001b0   0x00000000   Code   RO         3874    .ARM.Collect$$libinit$$00000011  c_w.l(libinit2.o)
    0x080001b0   0x080001b0   0x00000000   Code   RO         3876    .ARM.Collect$$libinit$$00000013  c_w.l(libinit2.o)
    0x080001b0   0x080001b0   0x00000000   Code   RO         3878    .ARM.Collect$$libinit$$00000015  c_w.l(libinit2.o)
    0x080001b0   0x080001b0   0x00000000   Code   RO         3880    .ARM.Collect$$libinit$$00000017  c_w.l(libinit2.o)
    0x080001b0   0x080001b0   0x00000000   Code   RO         3882    .ARM.Collect$$libinit$$00000019  c_w.l(libinit2.o)
    0x080001b0   0x080001b0   0x00000000   Code   RO         3884    .ARM.Collect$$libinit$$0000001B  c_w.l(libinit2.o)
    0x080001b0   0x080001b0   0x00000000   Code   RO         3886    .ARM.Collect$$libinit$$0000001D  c_w.l(libinit2.o)
    0x080001b0   0x080001b0   0x00000000   Code   RO         3888    .ARM.Collect$$libinit$$0000001F  c_w.l(libinit2.o)
    0x080001b0   0x080001b0   0x00000000   Code   RO         3890    .ARM.Collect$$libinit$$00000021  c_w.l(libinit2.o)
    0x080001b0   0x080001b0   0x00000000   Code   RO         3892    .ARM.Collect$$libinit$$00000023  c_w.l(libinit2.o)
    0x080001b0   0x080001b0   0x00000000   Code   RO         3894    .ARM.Collect$$libinit$$00000025  c_w.l(libinit2.o)
    0x080001b0   0x080001b0   0x00000000   Code   RO         3898    .ARM.Collect$$libinit$$0000002C  c_w.l(libinit2.o)
    0x080001b0   0x080001b0   0x00000000   Code   RO         3900    .ARM.Collect$$libinit$$0000002E  c_w.l(libinit2.o)
    0x080001b0   0x080001b0   0x00000000   Code   RO         3902    .ARM.Collect$$libinit$$00000030  c_w.l(libinit2.o)
    0x080001b0   0x080001b0   0x00000000   Code   RO         3904    .ARM.Collect$$libinit$$00000032  c_w.l(libinit2.o)
    0x080001b0   0x080001b0   0x00000002   Code   RO         3905    .ARM.Collect$$libinit$$00000033  c_w.l(libinit2.o)
    0x080001b2   0x080001b2   0x00000002   Code   RO         3927    .ARM.Collect$$libshutdown$$00000000  c_w.l(libshutdown.o)
    0x080001b4   0x080001b4   0x00000000   Code   RO         3937    .ARM.Collect$$libshutdown$$00000002  c_w.l(libshutdown2.o)
    0x080001b4   0x080001b4   0x00000000   Code   RO         3939    .ARM.Collect$$libshutdown$$00000004  c_w.l(libshutdown2.o)
    0x080001b4   0x080001b4   0x00000000   Code   RO         3942    .ARM.Collect$$libshutdown$$00000007  c_w.l(libshutdown2.o)
    0x080001b4   0x080001b4   0x00000000   Code   RO         3945    .ARM.Collect$$libshutdown$$0000000A  c_w.l(libshutdown2.o)
    0x080001b4   0x080001b4   0x00000000   Code   RO         3947    .ARM.Collect$$libshutdown$$0000000C  c_w.l(libshutdown2.o)
    0x080001b4   0x080001b4   0x00000000   Code   RO         3950    .ARM.Collect$$libshutdown$$0000000F  c_w.l(libshutdown2.o)
    0x080001b4   0x080001b4   0x00000002   Code   RO         3951    .ARM.Collect$$libshutdown$$00000010  c_w.l(libshutdown2.o)
    0x080001b6   0x080001b6   0x00000000   Code   RO         3644    .ARM.Collect$$rtentry$$00000000  c_w.l(__rtentry.o)
    0x080001b6   0x080001b6   0x00000000   Code   RO         3759    .ARM.Collect$$rtentry$$00000002  c_w.l(__rtentry2.o)
    0x080001b6   0x080001b6   0x00000006   Code   RO         3771    .ARM.Collect$$rtentry$$00000004  c_w.l(__rtentry4.o)
    0x080001bc   0x080001bc   0x00000000   Code   RO         3761    .ARM.Collect$$rtentry$$00000009  c_w.l(__rtentry2.o)
    0x080001bc   0x080001bc   0x00000004   Code   RO         3762    .ARM.Collect$$rtentry$$0000000A  c_w.l(__rtentry2.o)
    0x080001c0   0x080001c0   0x00000000   Code   RO         3764    .ARM.Collect$$rtentry$$0000000C  c_w.l(__rtentry2.o)
    0x080001c0   0x080001c0   0x00000008   Code   RO         3765    .ARM.Collect$$rtentry$$0000000D  c_w.l(__rtentry2.o)
    0x080001c8   0x080001c8   0x00000002   Code   RO         3854    .ARM.Collect$$rtexit$$00000000  c_w.l(rtexit.o)
    0x080001ca   0x080001ca   0x00000000   Code   RO         3909    .ARM.Collect$$rtexit$$00000002  c_w.l(rtexit2.o)
    0x080001ca   0x080001ca   0x00000004   Code   RO         3910    .ARM.Collect$$rtexit$$00000003  c_w.l(rtexit2.o)
    0x080001ce   0x080001ce   0x00000006   Code   RO         3911    .ARM.Collect$$rtexit$$00000004  c_w.l(rtexit2.o)
    0x080001d4   0x080001d4   0x00000040   Code   RO          581  * .text               startup_stm32f10x_hd.o
    0x08000214   0x08000214   0x00000002   Code   RO         3554    .text               c_w.l(use_no_semi_2.o)
    0x08000216   0x08000216   0x00000002   PAD
    0x08000218   0x08000218   0x00000018   Code   RO         3558    .text               c_w.l(__2printf.o)
    0x08000230   0x08000230   0x00000078   Code   RO         3564    .text               c_w.l(_printf_dec.o)
    0x080002a8   0x080002a8   0x00000188   Code   RO         3583    .text               c_w.l(__printf_flags_ss_wp.o)
    0x08000430   0x08000430   0x00000006   Code   RO         3590    .text               c_w.l(heapauxi.o)
    0x08000436   0x08000436   0x00000002   Code   RO         3642    .text               c_w.l(use_no_semi.o)
    0x08000438   0x08000438   0x00000016   Code   RO         3645    .text               c_w.l(_rserrno.o)
    0x0800044e   0x0800044e   0x000000b2   Code   RO         3653    .text               c_w.l(_printf_intcommon.o)
    0x08000500   0x08000500   0x00000030   Code   RO         3657    .text               c_w.l(_printf_char_common.o)
    0x08000530   0x08000530   0x00000024   Code   RO         3661    .text               c_w.l(_printf_char_file.o)
    0x08000554   0x08000554   0x00000008   Code   RO         3776    .text               c_w.l(rt_errno_addr_intlibspace.o)
    0x0800055c   0x0800055c   0x00000008   Code   RO         3788    .text               c_w.l(ferror.o)
    0x08000564   0x08000564   0x00000008   Code   RO         3800    .text               c_w.l(libspace.o)
    0x0800056c   0x0800056c   0x0000004a   Code   RO         3803    .text               c_w.l(sys_stackheap_outer.o)
    0x080005b6   0x080005b6   0x00000012   Code   RO         3842    .text               c_w.l(exit.o)
    0x080005c8   0x080005c8   0x00000004   Code   RO          137    i.BusFault_Handler  stm32f10x_it.o
    0x080005cc   0x080005cc   0x00000002   Code   RO          138    i.DebugMon_Handler  stm32f10x_it.o
    0x080005ce   0x080005ce   0x00000116   Code   RO          627    i.GPIO_Init         stm32f10x_gpio.o
    0x080006e4   0x080006e4   0x00000004   Code   RO          139    i.HardFault_Handler  stm32f10x_it.o
    0x080006e8   0x080006e8   0x00000004   Code   RO          140    i.MemManage_Handler  stm32f10x_it.o
    0x080006ec   0x080006ec   0x00000002   Code   RO          141    i.NMI_Handler       stm32f10x_it.o
    0x080006ee   0x080006ee   0x00000002   PAD
    0x080006f0   0x080006f0   0x00000070   Code   RO          585    i.NVIC_Init         misc.o
    0x08000760   0x08000760   0x00000014   Code   RO          586    i.NVIC_PriorityGroupConfig  misc.o
    0x08000774   0x08000774   0x00000002   Code   RO          142    i.PendSV_Handler    stm32f10x_it.o
    0x08000776   0x08000776   0x00000002   PAD
    0x08000778   0x08000778   0x00000020   Code   RO          761    i.RCC_APB1PeriphClockCmd  stm32f10x_rcc.o
    0x08000798   0x08000798   0x00000020   Code   RO          762    i.RCC_APB1PeriphResetCmd  stm32f10x_rcc.o
    0x080007b8   0x080007b8   0x00000020   Code   RO          763    i.RCC_APB2PeriphClockCmd  stm32f10x_rcc.o
    0x080007d8   0x080007d8   0x00000020   Code   RO          764    i.RCC_APB2PeriphResetCmd  stm32f10x_rcc.o
    0x080007f8   0x080007f8   0x000000d4   Code   RO          771    i.RCC_GetClocksFreq  stm32f10x_rcc.o
    0x080008cc   0x080008cc   0x0000002c   Code   RO          260    i.STEPMOTOR_Init    led.o
    0x080008f8   0x080008f8   0x00000002   Code   RO          143    i.SVC_Handler       stm32f10x_it.o
    0x080008fa   0x080008fa   0x00000008   Code   RO          226    i.SetSysClock       system_stm32f10x.o
    0x08000902   0x08000902   0x00000002   PAD
    0x08000904   0x08000904   0x000000e0   Code   RO          227    i.SetSysClockTo72   system_stm32f10x.o
    0x080009e4   0x080009e4   0x00000028   Code   RO          589    i.SysTick_CLKSourceConfig  misc.o
    0x08000a0c   0x08000a0c   0x00000002   Code   RO          144    i.SysTick_Handler   stm32f10x_it.o
    0x08000a0e   0x08000a0e   0x00000002   PAD
    0x08000a10   0x08000a10   0x00000060   Code   RO          229    i.SystemInit        system_stm32f10x.o
    0x08000a70   0x08000a70   0x00000034   Code   RO          421    i.TIM7_IRQHandler   timer.o
    0x08000aa4   0x08000aa4   0x00000060   Code   RO          422    i.TIM7_Int_Init     timer.o
    0x08000b04   0x08000b04   0x00000006   Code   RO         1150    i.TIM_ClearITPendingBit  stm32f10x_tim.o
    0x08000b0a   0x08000b0a   0x00000018   Code   RO         1155    i.TIM_Cmd           stm32f10x_tim.o
    0x08000b22   0x08000b22   0x00000022   Code   RO         1176    i.TIM_GetITStatus   stm32f10x_tim.o
    0x08000b44   0x08000b44   0x00000012   Code   RO         1180    i.TIM_ITConfig      stm32f10x_tim.o
    0x08000b56   0x08000b56   0x00000002   PAD
    0x08000b58   0x08000b58   0x000000a4   Code   RO         1226    i.TIM_TimeBaseInit  stm32f10x_tim.o
    0x08000bfc   0x08000bfc   0x00001104   Code   RO          526    i.USART1_IRQHandler  usart.o
    0x08001d00   0x08001d00   0x00000002   Code   RO          379    i.USART2_IRQHandler  usart2.o
    0x08001d02   0x08001d02   0x00000002   PAD
    0x08001d04   0x08001d04   0x00000114   Code   RO          440    i.USART3_IRQHandler  openmv.o
    0x08001e18   0x08001e18   0x0000001e   Code   RO          960    i.USART_ClearITPendingBit  stm32f10x_usart.o
    0x08001e36   0x08001e36   0x00000018   Code   RO          963    i.USART_Cmd         stm32f10x_usart.o
    0x08001e4e   0x08001e4e   0x00000002   PAD
    0x08001e50   0x08001e50   0x0000009c   Code   RO          965    i.USART_DeInit      stm32f10x_usart.o
    0x08001eec   0x08001eec   0x00000054   Code   RO          967    i.USART_GetITStatus  stm32f10x_usart.o
    0x08001f40   0x08001f40   0x0000004a   Code   RO          969    i.USART_ITConfig    stm32f10x_usart.o
    0x08001f8a   0x08001f8a   0x00000002   PAD
    0x08001f8c   0x08001f8c   0x000000d8   Code   RO          970    i.USART_Init        stm32f10x_usart.o
    0x08002064   0x08002064   0x0000000a   Code   RO          977    i.USART_ReceiveData  stm32f10x_usart.o
    0x0800206e   0x0800206e   0x00000004   Code   RO          145    i.UsageFault_Handler  stm32f10x_it.o
    0x08002072   0x08002072   0x00000028   Code   RO         3796    i.__ARM_fpclassify  m_ws.l(fpclassify.o)
    0x0800209a   0x0800209a   0x00000002   PAD
    0x0800209c   0x0800209c   0x00000388   Code   RO         3747    i.__ieee754_rem_pio2  m_ws.l(rred.o)
    0x08002424   0x08002424   0x000000fc   Code   RO         3730    i.__kernel_cos      m_ws.l(cos_i.o)
    0x08002520   0x08002520   0x000000aa   Code   RO         3798    i.__kernel_poly     m_ws.l(poly.o)
    0x080025ca   0x080025ca   0x00000002   PAD
    0x080025cc   0x080025cc   0x000000ec   Code   RO         3752    i.__kernel_sin      m_ws.l(sin_i.o)
    0x080026b8   0x080026b8   0x00000006   Code   RO         3734    i.__mathlib_dbl_infnan  m_ws.l(dunder.o)
    0x080026be   0x080026be   0x0000000c   Code   RO         3736    i.__mathlib_dbl_invalid  m_ws.l(dunder.o)
    0x080026ca   0x080026ca   0x00000002   PAD
    0x080026cc   0x080026cc   0x00000010   Code   RO         3739    i.__mathlib_dbl_underflow  m_ws.l(dunder.o)
    0x080026dc   0x080026dc   0x0000000e   Code   RO         3576    i._is_digit         c_w.l(__printf_wp.o)
    0x080026ea   0x080026ea   0x00000006   Code   RO          527    i._sys_exit         usart.o
    0x080026f0   0x080026f0   0x00000082   Code   RO          262    i.circle1           led.o
    0x08002772   0x08002772   0x00000082   Code   RO          263    i.circle2           led.o
    0x080027f4   0x080027f4   0x00000082   Code   RO          264    i.circle3           led.o
    0x08002876   0x08002876   0x00000082   Code   RO          265    i.circle4           led.o
    0x080028f8   0x080028f8   0x0000009c   Code   RO         3619    i.cos               m_ws.l(cos.o)
    0x08002994   0x08002994   0x00000044   Code   RO          471    i.delay_init        delay.o
    0x080029d8   0x080029d8   0x0000004c   Code   RO          473    i.delay_us          delay.o
    0x08002a24   0x08002a24   0x0000001c   Code   RO          528    i.fputc             usart.o
    0x08002a40   0x08002a40   0x00000036   Code   RO          267    i.get_xiang         led.o
    0x08002a76   0x08002a76   0x00000008   Code   RO          268    i.lbs               led.o
    0x08002a7e   0x08002a7e   0x00000002   PAD
    0x08002a80   0x08002a80   0x000002a0   Code   RO            1    i.main              main.o
    0x08002d20   0x08002d20   0x000000b0   Code   RO          441    i.openmv_init       openmv.o
    0x08002dd0   0x08002dd0   0x000000b0   Code   RO          269    i.sanjiao           led.o
    0x08002e80   0x08002e80   0x000000a0   Code   RO         3627    i.sin               m_ws.l(sin.o)
    0x08002f20   0x08002f20   0x0000004c   Code   RO         3635    i.sqrt              m_ws.l(sqrt.o)
    0x08002f6c   0x08002f6c   0x000000a0   Code   RO          529    i.uart_init         usart.o
    0x0800300c   0x0800300c   0x000000cc   Code   RO          381    i.usart2_init       usart2.o
    0x080030d8   0x080030d8   0x00000130   Code   RO          270    i.xfz               led.o
    0x08003208   0x08003208   0x00000130   Code   RO          271    i.xzz               led.o
    0x08003338   0x08003338   0x00000130   Code   RO          272    i.yfz               led.o
    0x08003468   0x08003468   0x000000c4   Code   RO          273    i.yuan              led.o
    0x0800352c   0x0800352c   0x00000264   Code   RO          274    i.yuanhuchabu       led.o
    0x08003790   0x08003790   0x00000130   Code   RO          275    i.yzz               led.o
    0x080038c0   0x080038c0   0x000000bc   Code   RO          276    i.zhixianchabu      led.o
    0x0800397c   0x0800397c   0x00000150   Code   RO         3594    x$fpl$dadd          fz_ws.l(daddsub_clz.o)
    0x08003acc   0x08003acc   0x00000010   Code   RO         3850    x$fpl$dcheck1       fz_ws.l(dcheck1.o)
    0x08003adc   0x08003adc   0x00000018   Code   RO         3717    x$fpl$dcmpinf       fz_ws.l(dcmpi.o)
    0x08003af4   0x08003af4   0x000002b0   Code   RO         3601    x$fpl$ddiv          fz_ws.l(ddiv.o)
    0x08003da4   0x08003da4   0x00000078   Code   RO         3604    x$fpl$deqf          fz_ws.l(deqf.o)
    0x08003e1c   0x08003e1c   0x0000005e   Code   RO         3606    x$fpl$dfix          fz_ws.l(dfix.o)
    0x08003e7a   0x08003e7a   0x0000002e   Code   RO         3611    x$fpl$dflt          fz_ws.l(dflt_clz.o)
    0x08003ea8   0x08003ea8   0x00000026   Code   RO         3610    x$fpl$dfltu         fz_ws.l(dflt_clz.o)
    0x08003ece   0x08003ece   0x00000002   PAD
    0x08003ed0   0x08003ed0   0x00000154   Code   RO         3616    x$fpl$dmul          fz_ws.l(dmul.o)
    0x08004024   0x08004024   0x0000009c   Code   RO         3721    x$fpl$dnaninf       fz_ws.l(dnaninf.o)
    0x080040c0   0x080040c0   0x0000000c   Code   RO         3723    x$fpl$dretinf       fz_ws.l(dretinf.o)
    0x080040cc   0x080040cc   0x00000016   Code   RO         3595    x$fpl$drsb          fz_ws.l(daddsub_clz.o)
    0x080040e2   0x080040e2   0x00000002   PAD
    0x080040e4   0x080040e4   0x000001cc   Code   RO         3725    x$fpl$dsqrt         fz_ws.l(dsqrt_noumaal.o)
    0x080042b0   0x080042b0   0x000001d4   Code   RO         3596    x$fpl$dsub          fz_ws.l(daddsub_clz.o)
    0x08004484   0x08004484   0x00000064   Code   RO         3906    x$fpl$retnan        fz_ws.l(retnan.o)
    0x080044e8   0x080044e8   0x0000005c   Code   RO         3794    x$fpl$scalbn        fz_ws.l(scalbn.o)
    0x08004544   0x08004544   0x00000030   Code   RO         3919    x$fpl$trapveneer    fz_ws.l(trapv.o)
    0x08004574   0x08004574   0x00000000   Code   RO         3729    x$fpl$usenofp       fz_ws.l(usenofp.o)
    0x08004574   0x08004574   0x00000011   Data   RO         3584    .constdata          c_w.l(__printf_flags_ss_wp.o)
    0x08004585   0x08004585   0x00000003   PAD
    0x08004588   0x08004588   0x00000030   Data   RO         3731    .constdata          m_ws.l(cos_i.o)
    0x080045b8   0x080045b8   0x000000c8   Data   RO         3749    .constdata          m_ws.l(rred.o)
    0x08004680   0x08004680   0x00000028   Data   RO         3753    .constdata          m_ws.l(sin_i.o)
    0x080046a8   0x080046a8   0x00000020   Data   RO         3983    Region$$Table       anon$$obj.o


    Execution Region ER_RW (Exec base: 0x20000000, Load base: 0x080046c8, Size: 0x000000e0, Max: 0xffffffff, ABSOLUTE)

    Exec Addr    Load Addr    Size         Type   Attr      Idx    E Section Name        Object

    0x20000000   0x080046c8   0x00000014   Data   RW            2    .data               main.o
    0x20000014   0x080046dc   0x00000014   Data   RW          230    .data               system_stm32f10x.o
    0x20000028   0x080046f0   0x00000004   Data   RW          383    .data               usart2.o
    0x2000002c   0x080046f4   0x00000004   PAD
    0x20000030   0x080046f8   0x00000021   Data   RW          442    .data               openmv.o
    0x20000051   0x08004719   0x00000001   PAD
    0x20000052   0x0800471a   0x00000004   Data   RW          474    .data               delay.o
    0x20000056   0x0800471e   0x00000002   PAD
    0x20000058   0x08004720   0x00000074   Data   RW          531    .data               usart.o
    0x200000cc   0x08004794   0x00000014   Data   RW          791    .data               stm32f10x_rcc.o


    Execution Region ER_ZI (Exec base: 0x200000e0, Load base: 0x080047a8, Size: 0x00000750, Max: 0xffffffff, ABSOLUTE)

    Exec Addr    Load Addr    Size         Type   Attr      Idx    E Section Name        Object

    0x200000e0        -       0x000000f0   Zero   RW          530    .bss                usart.o
    0x200001d0        -       0x00000060   Zero   RW         3801    .bss                c_w.l(libspace.o)
    0x20000230        -       0x00000200   Zero   RW          579    HEAP                startup_stm32f10x_hd.o
    0x20000430        -       0x00000400   Zero   RW          578    STACK               startup_stm32f10x_hd.o


==============================================================================

Image component sizes


      Code (inc. data)   RO Data    RW Data    ZI Data      Debug   Object Name

       144         22          0          4          0       1212   delay.o
      3014        608          0          0          0      11213   led.o
       672        230          0         20          0     253967   main.o
       172         22          0          0          0       2077   misc.o
       452         46          0         33          0       1745   openmv.o
        64         26        304          0       1536        792   startup_stm32f10x_hd.o
       278          0          0          0          0       1972   stm32f10x_gpio.o
        26          0          0          0          0       3750   stm32f10x_it.o
       340         44          0         20          0       5620   stm32f10x_rcc.o
       246         42          0          0          0       3578   stm32f10x_tim.o
       594         28          0          0          0       6287   stm32f10x_usart.o
         0          0          0          0          0         32   sys.o
       328         28          0         20          0       2117   system_stm32f10x.o
       148         16          0          0          0       1146   timer.o
      4550        248          0        116        240       6044   usart.o
       206         16          0          4          0       2040   usart2.o

    ----------------------------------------------------------------------
     11252       1376        336        224       1776     303592   Object Totals
         0          0         32          0          0          0   (incl. Generated)
        18          0          0          7          0          0   (incl. Padding)

    ----------------------------------------------------------------------

      Code (inc. data)   RO Data    RW Data    ZI Data      Debug   Library Member Name

        24          4          0          0          0         84   __2printf.o
         8          0          0          0          0         68   __main.o
       392          4         17          0          0         92   __printf_flags_ss_wp.o
        14          0          0          0          0         68   __printf_wp.o
         0          0          0          0          0          0   __rtentry.o
        12          0          0          0          0          0   __rtentry2.o
         6          0          0          0          0          0   __rtentry4.o
        52          8          0          0          0          0   __scatter.o
        26          0          0          0          0          0   __scatter_copy.o
        28          0          0          0          0          0   __scatter_zi.o
        48          6          0          0          0         96   _printf_char_common.o
        36          4          0          0          0         80   _printf_char_file.o
         6          0          0          0          0          0   _printf_d.o
       120         16          0          0          0         92   _printf_dec.o
       178          0          0          0          0         88   _printf_intcommon.o
         0          0          0          0          0          0   _printf_percent.o
         4          0          0          0          0          0   _printf_percent_end.o
        22          0          0          0          0        100   _rserrno.o
        18          0          0          0          0         80   exit.o
         8          0          0          0          0         68   ferror.o
         6          0          0          0          0        152   heapauxi.o
         2          0          0          0          0          0   libinit.o
         2          0          0          0          0          0   libinit2.o
         2          0          0          0          0          0   libshutdown.o
         2          0          0          0          0          0   libshutdown2.o
         8          4          0          0         96         68   libspace.o
         8          4          0          0          0         68   rt_errno_addr_intlibspace.o
         2          0          0          0          0          0   rtexit.o
        10          0          0          0          0          0   rtexit2.o
        74          0          0          0          0         80   sys_stackheap_outer.o
         2          0          0          0          0         68   use_no_semi.o
         2          0          0          0          0         68   use_no_semi_2.o
       826         16          0          0          0        348   daddsub_clz.o
        16          4          0          0          0         68   dcheck1.o
        24          0          0          0          0         68   dcmpi.o
       688        140          0          0          0        208   ddiv.o
       120          4          0          0          0         92   deqf.o
        94          4          0          0          0         92   dfix.o
        84          0          0          0          0        136   dflt_clz.o
       340         12          0          0          0        104   dmul.o
       156          4          0          0          0         92   dnaninf.o
        12          0          0          0          0         68   dretinf.o
       460         56          0          0          0        120   dsqrt_noumaal.o
       100          0          0          0          0         68   retnan.o
        92          0          0          0          0         68   scalbn.o
        48          0          0          0          0         68   trapv.o
         0          0          0          0          0          0   usenofp.o
       156          8          0          0          0        104   cos.o
       252         22         48          0          0        124   cos_i.o
        34          6          0          0          0        204   dunder.o
        40          0          0          0          0         68   fpclassify.o
       170          0          0          0          0         96   poly.o
       904         76        200          0          0        140   rred.o
       160         10          0          0          0        108   sin.o
       236         12         40          0          0        128   sin_i.o
        76          0          0          0          0         84   sqrt.o

    ----------------------------------------------------------------------
      6224        424        308          0         96       4076   Library Totals
        14          0          3          0          0          0   (incl. Padding)

    ----------------------------------------------------------------------

      Code (inc. data)   RO Data    RW Data    ZI Data      Debug   Library Name

      1122         50         17          0         96       1420   c_w.l
      3060        240          0          0          0       1600   fz_ws.l
      2028        134        288          0          0       1056   m_ws.l

    ----------------------------------------------------------------------
      6224        424        308          0         96       4076   Library Totals

    ----------------------------------------------------------------------

==============================================================================


      Code (inc. data)   RO Data    RW Data    ZI Data      Debug   

     17476       1800        644        224       1872     302568   Grand Totals
     17476       1800        644        224       1872     302568   ELF Image Totals
     17476       1800        644        224          0          0   ROM Totals

==============================================================================

    Total RO  Size (Code + RO Data)                18120 (  17.70kB)
    Total RW  Size (RW Data + ZI Data)              2096 (   2.05kB)
    Total ROM Size (Code + RO Data + RW Data)      18344 (  17.91kB)

==============================================================================

