<html>
<body>
<pre>
<h1>礦ision Build Log</h1>
<h2>Tool Versions:</h2>
IDE-Version: μVision V5.27.1.0
Copyright (C) 2019 ARM Ltd and ARM Germany GmbH. All rights reserved.
License Information: czx Hasee, czx, LIC=SDA0P-M58R2-WF0I7-E0HIG-E4BUA-35SD0
 
Tool Versions:
Toolchain:       MDK-ARM Plus  Version: 5.28.0.0
Toolchain Path:  D:\keil5\ARM\ARMCC\Bin
C Compiler:      Armcc.exe V5.06 update 6 (build 750)
Assembler:       Armasm.exe V5.06 update 6 (build 750)
Linker/Locator:  ArmLink.exe V5.06 update 6 (build 750)
Library Manager: ArmAr.exe V5.06 update 6 (build 750)
Hex Converter:   FromElf.exe V5.06 update 6 (build 750)
CPU DLL:         SARMCM3.DLL V5.28.0.0
Dialog DLL:      DARMSTM.DLL V1.68.0.0
Target DLL:      STLink\ST-LINKIII-KEIL_SWO.dll V3.0.6.0
Dialog DLL:      TARMSTM.DLL V1.66.0.0
 
<h2>Project:</h2>
C:\Users\Hasee\Desktop\串口协作定点寻找、圆周运动版本(2)\串口协作定点寻找、圆周运动版本\USER\USMART.uvprojx
Project File Date:  07/13/2021

<h2>Output:</h2>
*** Using Compiler 'V5.06 update 6 (build 750)', folder: 'D:\keil5\ARM\ARMCC\Bin'
Rebuild target 'USMART'
compiling stm32f10x_it.c...
compiling system_stm32f10x.c...
compiling led.c...
compiling key.c...
compiling main.c...
openmv.h(7): warning:  #1-D: last line of file ends without a newline
  #endif
main.c: 1 warning, 0 errors
compiling openmv.c...
openmv.h(7): warning:  #1-D: last line of file ends without a newline
  #endif
openmv.c: 1 warning, 0 errors
compiling driver.c...
..\HARDWARE\DRIVER\driver.c(6): warning:  #188-D: enumerated type mixed with another type
  DIR_Type motor_dir2=0;  //方向
..\HARDWARE\DRIVER\driver.c(7): warning:  #188-D: enumerated type mixed with another type
  DIR_Type motor_dir3=0;
..\HARDWARE\DRIVER\driver.c: 2 warnings, 0 errors
assembling startup_stm32f10x_hd.s...
compiling delay.c...
compiling core_cm3.c...
compiling usart.c...
compiling misc.c...
compiling stm32f10x_flash.c...
compiling stm32f10x_fsmc.c...
compiling sys.c...
compiling stm32f10x_gpio.c...
compiling stm32f10x_rcc.c...
compiling stm32f10x_usart.c...
compiling stm32f10x_tim.c...
compiling usmart_str.c...
compiling usmart.c...
compiling usmart_config.c...
linking...
Program Size: Code=17528 RO-data=600 RW-data=548 ZI-data=2252  
FromELF: creating hex file...
"..\OBJ\USMART.axf" - 0 Error(s), 4 Warning(s).

<h2>Software Packages used:</h2>

Package Vendor: Keil
                http://www.keil.com/pack/Keil.STM32F1xx_DFP.2.3.0.pack
                Keil.STM32F1xx_DFP.2.3.0
                STMicroelectronics STM32F1 Series Device Support, Drivers and Examples

<h2>Collection of Component include folders:</h2>
  .\RTE\_USMART
  D:\keil5\Keil\STM32F1xx_DFP\2.3.0\Device\Include

<h2>Collection of Component Files used:</h2>
Build Time Elapsed:  00:00:04
</pre>
</body>
</html>
