Component: ARM Compiler 5.06 update 6 (build 750) Tool: armlink [4d35ed]

==============================================================================

Section Cross References

    main.o(.text) refers to stm32f10x_rcc.o(.text) for RCC_APB2PeriphClockCmd
    main.o(.text) refers to stm32f10x_gpio.o(.text) for GPIO_Init
    main.o(.text) refers to stm32f10x_tim.o(.text) for TIM_Cmd
    main.o(.text) refers to driver.o(.text) for Locate_Rle3
    main.o(.text) refers to delay.o(.text) for delay_init
    main.o(.text) refers to led.o(.text) for LED_Init
    main.o(.text) refers to key.o(.text) for KEY_Init
    main.o(.text) refers to misc.o(.text) for NVIC_PriorityGroupConfig
    main.o(.text) refers to usart.o(.text) for uart_init
    main.o(.text) refers to openmv.o(.text) for OPENMV_UART2
    main.o(.text) refers to noretval__2printf.o(.text) for __2printf
    main.o(.text) refers to usart.o(.data) for diandong
    main.o(.text) refers to openmv.o(.data) for mf
    system_stm32f10x.o(.text) refers to system_stm32f10x.o(.data) for SystemCoreClock
    led.o(.text) refers to stm32f10x_rcc.o(.text) for RCC_APB2PeriphClockCmd
    led.o(.text) refers to stm32f10x_gpio.o(.text) for GPIO_Init
    key.o(.text) refers to stm32f10x_rcc.o(.text) for RCC_APB2PeriphClockCmd
    key.o(.text) refers to stm32f10x_gpio.o(.text) for GPIO_Init
    key.o(.text) refers to delay.o(.text) for delay_ms
    key.o(.text) refers to key.o(.data) for key_up
    driver.o(.text) refers to _printf_percent.o(.ARM.Collect$$_printf_percent$$00000000) for _printf_percent
    driver.o(.text) refers to _printf_d.o(.ARM.Collect$$_printf_percent$$00000009) for _printf_d
    driver.o(.text) refers to _printf_dec.o(.text) for _printf_int_dec
    driver.o(.text) refers to stm32f10x_rcc.o(.text) for RCC_APB2PeriphClockCmd
    driver.o(.text) refers to stm32f10x_gpio.o(.text) for GPIO_Init
    driver.o(.text) refers to stm32f10x_tim.o(.text) for TIM_TimeBaseStructInit
    driver.o(.text) refers to misc.o(.text) for NVIC_Init
    driver.o(.text) refers to dmul.o(x$fpl$dmul) for __aeabi_dmul
    driver.o(.text) refers to dfixu.o(x$fpl$dfixu) for __aeabi_d2uiz
    driver.o(.text) refers to noretval__2printf.o(.text) for __2printf
    driver.o(.text) refers to driver.o(.data) for count
    driver.o(.text) refers to main.o(.data) for xdistance
    openmv.o(.text) refers to stm32f10x_rcc.o(.text) for RCC_APB1PeriphClockCmd
    openmv.o(.text) refers to stm32f10x_gpio.o(.text) for GPIO_Init
    openmv.o(.text) refers to stm32f10x_usart.o(.text) for USART_Init
    openmv.o(.text) refers to misc.o(.text) for NVIC_Init
    openmv.o(.text) refers to rt_memcpy_w.o(.text) for __aeabi_memcpy4
    openmv.o(.text) refers to dflt_clz.o(x$fpl$dflt) for __aeabi_i2d
    openmv.o(.text) refers to dmul.o(x$fpl$dmul) for __aeabi_dmul
    openmv.o(.text) refers to dflt_clz.o(x$fpl$dfltu) for __aeabi_ui2d
    openmv.o(.text) refers to openmv.o(.data) for mf
    openmv.o(.text) refers to openmv.o(.bss) for Data_Rec1
    delay.o(.text) refers to misc.o(.text) for SysTick_CLKSourceConfig
    delay.o(.text) refers to system_stm32f10x.o(.data) for SystemCoreClock
    delay.o(.text) refers to delay.o(.data) for fac_us
    usart.o(.text) refers (Special) to use_no_semi_2.o(.text) for __use_no_semihosting
    usart.o(.text) refers to stm32f10x_rcc.o(.text) for RCC_APB2PeriphClockCmd
    usart.o(.text) refers to stm32f10x_gpio.o(.text) for GPIO_Init
    usart.o(.text) refers to misc.o(.text) for NVIC_Init
    usart.o(.text) refers to stm32f10x_usart.o(.text) for USART_Init
    usart.o(.text) refers to usart.o(.data) for usign
    usart.o(.bss) refers (Special) to use_no_semi_2.o(.text) for __use_no_semihosting
    usart.o(.data) refers (Special) to use_no_semi_2.o(.text) for __use_no_semihosting
    startup_stm32f10x_hd.o(STACK) refers (Special) to heapauxi.o(.text) for __use_two_region_memory
    startup_stm32f10x_hd.o(HEAP) refers (Special) to heapauxi.o(.text) for __use_two_region_memory
    startup_stm32f10x_hd.o(RESET) refers (Special) to heapauxi.o(.text) for __use_two_region_memory
    startup_stm32f10x_hd.o(RESET) refers to startup_stm32f10x_hd.o(STACK) for __initial_sp
    startup_stm32f10x_hd.o(RESET) refers to startup_stm32f10x_hd.o(.text) for Reset_Handler
    startup_stm32f10x_hd.o(RESET) refers to stm32f10x_it.o(.text) for NMI_Handler
    startup_stm32f10x_hd.o(RESET) refers to driver.o(.text) for TIM2_IRQHandler
    startup_stm32f10x_hd.o(RESET) refers to usmart.o(.text) for TIM4_IRQHandler
    startup_stm32f10x_hd.o(RESET) refers to usart.o(.text) for USART1_IRQHandler
    startup_stm32f10x_hd.o(RESET) refers to openmv.o(.text) for USART2_IRQHandler
    startup_stm32f10x_hd.o(.text) refers (Special) to heapauxi.o(.text) for __use_two_region_memory
    startup_stm32f10x_hd.o(.text) refers to system_stm32f10x.o(.text) for SystemInit
    startup_stm32f10x_hd.o(.text) refers to __main.o(!!!main) for __main
[...]
    ../clib/angel/kernel.s                   0x00000000   Number         0  rtexit.o ABSOLUTE
    ../clib/angel/kernel.s                   0x00000000   Number         0  __rtentry2.o ABSOLUTE
    ../clib/angel/kernel.s                   0x00000000   Number         0  __rtentry4.o ABSOLUTE
    ../clib/angel/kernel.s                   0x00000000   Number         0  __rtentry.o ABSOLUTE
    ../clib/angel/kernel.s                   0x00000000   Number         0  rtexit2.o ABSOLUTE
    ../clib/angel/rt.s                       0x00000000   Number         0  rt_raise.o ABSOLUTE
    ../clib/angel/scatter.s                  0x00000000   Number         0  __scatter.o ABSOLUTE
    ../clib/angel/startup.s                  0x00000000   Number         0  __main.o ABSOLUTE
    ../clib/angel/sys.s                      0x00000000   Number         0  indicate_semi.o ABSOLUTE
    ../clib/angel/sys.s                      0x00000000   Number         0  libspace.o ABSOLUTE
    ../clib/angel/sys.s                      0x00000000   Number         0  use_no_semi_2.o ABSOLUTE
    ../clib/angel/sys.s                      0x00000000   Number         0  sys_stackheap_outer.o ABSOLUTE
    ../clib/angel/sys.s                      0x00000000   Number         0  use_no_semi.o ABSOLUTE
    ../clib/angel/sysapp.c                   0x00000000   Number         0  sys_command.o ABSOLUTE
    ../clib/angel/sysapp.c                   0x00000000   Number         0  sys_wrch.o ABSOLUTE
    ../clib/armsys.c                         0x00000000   Number         0  _get_argv_nomalloc.o ABSOLUTE
    ../clib/armsys.c                         0x00000000   Number         0  argv_veneer.o ABSOLUTE
    ../clib/armsys.c                         0x00000000   Number         0  no_argv.o ABSOLUTE
    ../clib/armsys.c                         0x00000000   Number         0  argv_veneer.o ABSOLUTE
    ../clib/heapalloc.c                      0x00000000   Number         0  hrguard.o ABSOLUTE
    ../clib/heapaux.c                        0x00000000   Number         0  heapauxi.o ABSOLUTE
    ../clib/libinit.s                        0x00000000   Number         0  libshutdown2.o ABSOLUTE
    ../clib/libinit.s                        0x00000000   Number         0  libinit2.o ABSOLUTE
    ../clib/libinit.s                        0x00000000   Number         0  libshutdown.o ABSOLUTE
    ../clib/libinit.s                        0x00000000   Number         0  libinit.o ABSOLUTE
    ../clib/memcpset.s                       0x00000000   Number         0  rt_memcpy_w.o ABSOLUTE
    ../clib/misc.s                           0x00000000   Number         0  printf_stubs.o ABSOLUTE
    ../clib/printf.c                         0x00000000   Number         0  __printf_flags_ss.o ABSOLUTE
    ../clib/printf.c                         0x00000000   Number         0  _printf_str.o ABSOLUTE
    ../clib/printf.c                         0x00000000   Number         0  _printf_dec.o ABSOLUTE
    ../clib/printf.c                         0x00000000   Number         0  __2printf.o ABSOLUTE
    ../clib/printf.c                         0x00000000   Number         0  __printf_nopercent.o ABSOLUTE
    ../clib/printf.c                         0x00000000   Number         0  noretval__2printf.o ABSOLUTE
    ../clib/printf.c                         0x00000000   Number         0  _printf_char_common.o ABSOLUTE
    ../clib/printf.c                         0x00000000   Number         0  _printf_pad.o ABSOLUTE
    ../clib/printf.c                         0x00000000   Number         0  _printf_hex_ll.o ABSOLUTE
    ../clib/printf.c                         0x00000000   Number         0  _printf_hex_int.o ABSOLUTE
    ../clib/printf.c                         0x00000000   Number         0  _printf_char_file.o ABSOLUTE
    ../clib/printf.c                         0x00000000   Number         0  __printf.o ABSOLUTE
    ../clib/printf.c                         0x00000000   Number         0  _printf_hex_ptr.o ABSOLUTE
    ../clib/printf.c                         0x00000000   Number         0  _printf_hex_int_ptr.o ABSOLUTE
    ../clib/printf.c                         0x00000000   Number         0  _printf_hex_ll_ptr.o ABSOLUTE
    ../clib/printf.c                         0x00000000   Number         0  _printf_hex_int_ll_ptr.o ABSOLUTE
    ../clib/printf.c                         0x00000000   Number         0  __printf_flags.o ABSOLUTE
    ../clib/printf.c                         0x00000000   Number         0  __printf_ss.o ABSOLUTE
    ../clib/printf.c                         0x00000000   Number         0  _printf_hex_int_ll.o ABSOLUTE
    ../clib/printf.c                         0x00000000   Number         0  __printf_flags_wp.o ABSOLUTE
    ../clib/printf.c                         0x00000000   Number         0  __printf_ss_wp.o ABSOLUTE
    ../clib/printf.c                         0x00000000   Number         0  __printf_flags_ss_wp.o ABSOLUTE
    ../clib/printf.c                         0x00000000   Number         0  _printf_char.o ABSOLUTE
    ../clib/printf.c                         0x00000000   Number         0  _printf_intcommon.o ABSOLUTE
    ../clib/printf.c                         0x00000000   Number         0  __printf_wp.o ABSOLUTE
    ../clib/printf_percent.s                 0x00000000   Number         0  _printf_percent_end.o ABSOLUTE
    ../clib/printf_percent.s                 0x00000000   Number         0  _printf_d.o ABSOLUTE
    ../clib/printf_percent.s                 0x00000000   Number         0  _printf_u.o ABSOLUTE
    ../clib/printf_percent.s                 0x00000000   Number         0  _printf_c.o ABSOLUTE
    ../clib/printf_percent.s                 0x00000000   Number         0  _printf_percent.o ABSOLUTE
    ../clib/printf_percent.s                 0x00000000   Number         0  _printf_s.o ABSOLUTE
    ../clib/printf_percent.s                 0x00000000   Number         0  _printf_x.o ABSOLUTE
    ../clib/signal.c                         0x00000000   Number         0  __raise.o ABSOLUTE
    ../clib/signal.c                         0x00000000   Number         0  defsig_general.o ABSOLUTE
    ../clib/signal.c                         0x00000000   Number         0  defsig_fpe_inner.o ABSOLUTE
    ../clib/signal.c                         0x00000000   Number         0  defsig_rtred_inner.o ABSOLUTE
    ../clib/signal.c                         0x00000000   Number         0  defsig_stak_inner.o ABSOLUTE
    ../clib/signal.c                         0x00000000   Number         0  defsig_abrt_inner.o ABSOLUTE
    ../clib/signal.c                         0x00000000   Number         0  defsig_pvfn_inner.o ABSOLUTE
    ../clib/signal.c                         0x00000000   Number         0  defsig_rtmem_outer.o ABSOLUTE
    ../clib/signal.c                         0x00000000   Number         0  defsig_cppl_inner.o ABSOLUTE
    ../clib/signal.c                         0x00000000   Number         0  defsig_segv_inner.o ABSOLUTE
    ../clib/signal.c                         0x00000000   Number         0  defsig_other.o ABSOLUTE
    ../clib/signal.c                         0x00000000   Number         0  defsig_rtmem_formal.o ABSOLUTE
    ../clib/signal.c                         0x00000000   Number         0  defsig_exit.o ABSOLUTE
    ../clib/signal.c                         0x00000000   Number         0  defsig_rtmem_inner.o ABSOLUTE
    ../clib/signal.s                         0x00000000   Number         0  defsig.o ABSOLUTE
    ../clib/stdio.c                          0x00000000   Number         0  ferror_locked.o ABSOLUTE
    ../clib/stdio.c                          0x00000000   Number         0  ferror.o ABSOLUTE
    ../clib/stdlib.c                         0x00000000   Number         0  exit.o ABSOLUTE
    ../fplib/dfixu.s                         0x00000000   Number         0  dfixu.o ABSOLUTE
    ../fplib/dflt.s                          0x00000000   Number         0  dflt_clz.o ABSOLUTE
    ../fplib/dmul.s                          0x00000000   Number         0  dmul.o ABSOLUTE
    ../fplib/dnaninf.s                       0x00000000   Number         0  dnaninf.o ABSOLUTE
    ../fplib/dretinf.s                       0x00000000   Number         0  dretinf.o ABSOLUTE
    ../fplib/fpinit.s                        0x00000000   Number         0  fpinit.o ABSOLUTE
    ../fplib/usenofp.s                       0x00000000   Number         0  usenofp.o ABSOLUTE
    ..\CORE\core_cm3.c                       0x00000000   Number         0  core_cm3.o ABSOLUTE
    ..\CORE\startup_stm32f10x_hd.s           0x00000000   Number         0  startup_stm32f10x_hd.o ABSOLUTE
    ..\HARDWARE\DRIVER\driver.c              0x00000000   Number         0  driver.o ABSOLUTE
    ..\HARDWARE\KEY\key.c                    0x00000000   Number         0  key.o ABSOLUTE
    ..\HARDWARE\LED\led.c                    0x00000000   Number         0  led.o ABSOLUTE
    ..\STM32F10x_FWLib\src\misc.c            0x00000000   Number         0  misc.o ABSOLUTE
    ..\STM32F10x_FWLib\src\stm32f10x_flash.c 0x00000000   Number         0  stm32f10x_flash.o ABSOLUTE
    ..\STM32F10x_FWLib\src\stm32f10x_fsmc.c  0x00000000   Number         0  stm32f10x_fsmc.o ABSOLUTE
    ..\STM32F10x_FWLib\src\stm32f10x_gpio.c  0x00000000   Number         0  stm32f10x_gpio.o ABSOLUTE
    ..\STM32F10x_FWLib\src\stm32f10x_rcc.c   0x00000000   Number         0  stm32f10x_rcc.o ABSOLUTE
    ..\STM32F10x_FWLib\src\stm32f10x_tim.c   0x00000000   Number         0  stm32f10x_tim.o ABSOLUTE
    ..\STM32F10x_FWLib\src\stm32f10x_usart.c 0x00000000   Number         0  stm32f10x_usart.o ABSOLUTE
    ..\SYSTEM\delay\delay.c                  0x00000000   Number         0  delay.o ABSOLUTE
    ..\SYSTEM\sys\sys.c                      0x00000000   Number         0  sys.o ABSOLUTE
    ..\SYSTEM\usart\usart.c                  0x00000000   Number         0  usart.o ABSOLUTE
    ..\USMART\usmart.c                       0x00000000   Number         0  usmart.o ABSOLUTE
    ..\USMART\usmart_config.c                0x00000000   Number         0  usmart_config.o ABSOLUTE
    ..\USMART\usmart_str.c                   0x00000000   Number         0  usmart_str.o ABSOLUTE
    ..\\CORE\\core_cm3.c                     0x00000000   Number         0  core_cm3.o ABSOLUTE
    ..\\SYSTEM\\sys\\sys.c                   0x00000000   Number         0  sys.o ABSOLUTE
    dc.s                                     0x00000000   Number         0  dc.o ABSOLUTE
    main.c                                   0x00000000   Number         0  main.o ABSOLUTE
    openmv.c                                 0x00000000   Number         0  openmv.o ABSOLUTE
    stm32f10x_it.c                           0x00000000   Number         0  stm32f10x_it.o ABSOLUTE
    system_stm32f10x.c                       0x00000000   Number         0  system_stm32f10x.o ABSOLUTE
    RESET                                    0x08000000   Section      304  startup_stm32f10x_hd.o(RESET)
    !!!main                                  0x08000130   Section        8  __main.o(!!!main)
    !!!scatter                               0x08000138   Section       52  __scatter.o(!!!scatter)
    !!dczerorl2                              0x0800016c   Section       90  __dczerorl2.o(!!dczerorl2)
    !!handler_zi                             0x080001c8   Section       28  __scatter_zi.o(!!handler_zi)
    .ARM.Collect$$_printf_percent$$00000000  0x080001e4   Section        0  _printf_percent.o(.ARM.Collect$$_printf_percent$$00000000)
    .ARM.Collect$$_printf_percent$$00000009  0x080001e4   Section        6  _printf_d.o(.ARM.Collect$$_printf_percent$$00000009)
    .ARM.Collect$$_printf_percent$$0000000A  0x080001ea   Section        6  _printf_u.o(.ARM.Collect$$_printf_percent$$0000000A)
    .ARM.Collect$$_printf_percent$$0000000C  0x080001f0   Section        6  _printf_x.o(.ARM.Collect$$_printf_percent$$0000000C)
    .ARM.Collect$$_printf_percent$$00000013  0x080001f6   Section        6  _printf_c.o(.ARM.Collect$$_printf_percent$$00000013)
    .ARM.Collect$$_printf_percent$$00000014  0x080001fc   Section        6  _printf_s.o(.ARM.Collect$$_printf_percent$$00000014)
    .ARM.Collect$$_printf_percent$$00000017  0x08000202   Section        4  _printf_percent_end.o(.ARM.Collect$$_printf_percent$$00000017)
    .ARM.Collect$$libinit$$00000000          0x08000206   Section        2  libinit.o(.ARM.Collect$$libinit$$00000000)
    .ARM.Collect$$libinit$$00000002          0x08000208   Section        0  libinit2.o(.ARM.Collect$$libinit$$00000002)
    .ARM.Collect$$libinit$$00000004          0x08000208   Section        0  libinit2.o(.ARM.Collect$$libinit$$00000004)
    .ARM.Collect$$libinit$$0000000A          0x08000208   Section        0  libinit2.o(.ARM.Collect$$libinit$$0000000A)
    .ARM.Collect$$libinit$$0000000C          0x08000208   Section        0  libinit2.o(.ARM.Collect$$libinit$$0000000C)
    .ARM.Collect$$libinit$$0000000E          0x08000208   Section        0  libinit2.o(.ARM.Collect$$libinit$$0000000E)
    .ARM.Collect$$libinit$$00000011          0x08000208   Section        0  libinit2.o(.ARM.Collect$$libinit$$00000011)
    .ARM.Collect$$libinit$$00000013          0x08000208   Section        0  libinit2.o(.ARM.Collect$$libinit$$00000013)
    .ARM.Collect$$libinit$$00000015          0x08000208   Section        0  libinit2.o(.ARM.Collect$$libinit$$00000015)
    .ARM.Collect$$libinit$$00000017          0x08000208   Section        0  libinit2.o(.ARM.Collect$$libinit$$00000017)
    .ARM.Collect$$libinit$$00000019          0x08000208   Section        0  libinit2.o(.ARM.Collect$$libinit$$00000019)
    .ARM.Collect$$libinit$$0000001B          0x08000208   Section        0  libinit2.o(.ARM.Collect$$libinit$$0000001B)
    .ARM.Collect$$libinit$$0000001D          0x08000208   Section        0  libinit2.o(.ARM.Collect$$libinit$$0000001D)
    .ARM.Collect$$libinit$$0000001F          0x08000208   Section        0  libinit2.o(.ARM.Collect$$libinit$$0000001F)
    .ARM.Collect$$libinit$$00000021          0x08000208   Section        0  libinit2.o(.ARM.Collect$$libinit$$00000021)
    .ARM.Collect$$libinit$$00000023          0x08000208   Section        0  libinit2.o(.ARM.Collect$$libinit$$00000023)
    .ARM.Collect$$libinit$$00000025          0x08000208   Section        0  libinit2.o(.ARM.Collect$$libinit$$00000025)
    .ARM.Collect$$libinit$$0000002C          0x08000208   Section        0  libinit2.o(.ARM.Collect$$libinit$$0000002C)
    .ARM.Collect$$libinit$$0000002E          0x08000208   Section        0  libinit2.o(.ARM.Collect$$libinit$$0000002E)
    .ARM.Collect$$libinit$$00000030          0x08000208   Section        0  libinit2.o(.ARM.Collect$$libinit$$00000030)
    .ARM.Collect$$libinit$$00000032          0x08000208   Section        0  libinit2.o(.ARM.Collect$$libinit$$00000032)
    .ARM.Collect$$libinit$$00000033          0x08000208   Section        2  libinit2.o(.ARM.Collect$$libinit$$00000033)
    .ARM.Collect$$libshutdown$$00000000      0x0800020a   Section        2  libshutdown.o(.ARM.Collect$$libshutdown$$00000000)
    .ARM.Collect$$libshutdown$$00000002      0x0800020c   Section        0  libshutdown2.o(.ARM.Collect$$libshutdown$$00000002)
    .ARM.Collect$$libshutdown$$00000004      0x0800020c   Section        0  libshutdown2.o(.ARM.Collect$$libshutdown$$00000004)
    .ARM.Collect$$libshutdown$$00000007      0x0800020c   Section        0  libshutdown2.o(.ARM.Collect$$libshutdown$$00000007)
    .ARM.Collect$$libshutdown$$0000000A      0x0800020c   Section        0  libshutdown2.o(.ARM.Collect$$libshutdown$$0000000A)
    .ARM.Collect$$libshutdown$$0000000C      0x0800020c   Section        0  libshutdown2.o(.ARM.Collect$$libshutdown$$0000000C)
    .ARM.Collect$$libshutdown$$0000000F      0x0800020c   Section        0  libshutdown2.o(.ARM.Collect$$libshutdown$$0000000F)
    .ARM.Collect$$libshutdown$$00000010      0x0800020c   Section        2  libshutdown2.o(.ARM.Collect$$libshutdown$$00000010)
    .ARM.Collect$$rtentry$$00000000          0x0800020e   Section        0  __rtentry.o(.ARM.Collect$$rtentry$$00000000)
    .ARM.Collect$$rtentry$$00000002          0x0800020e   Section        0  __rtentry2.o(.ARM.Collect$$rtentry$$00000002)
    .ARM.Collect$$rtentry$$00000004          0x0800020e   Section        6  __rtentry4.o(.ARM.Collect$$rtentry$$00000004)
    .ARM.Collect$$rtentry$$00000009          0x08000214   Section        0  __rtentry2.o(.ARM.Collect$$rtentry$$00000009)
    .ARM.Collect$$rtentry$$0000000A          0x08000214   Section        4  __rtentry2.o(.ARM.Collect$$rtentry$$0000000A)
    .ARM.Collect$$rtentry$$0000000C          0x08000218   Section        0  __rtentry2.o(.ARM.Collect$$rtentry$$0000000C)
    .ARM.Collect$$rtentry$$0000000D          0x08000218   Section        8  __rtentry2.o(.ARM.Collect$$rtentry$$0000000D)
    .ARM.Collect$$rtexit$$00000000           0x08000220   Section        2  rtexit.o(.ARM.Collect$$rtexit$$00000000)
    .ARM.Collect$$rtexit$$00000002           0x08000222   Section        0  rtexit2.o(.ARM.Collect$$rtexit$$00000002)
    .ARM.Collect$$rtexit$$00000003           0x08000222   Section        4  rtexit2.o(.ARM.Collect$$rtexit$$00000003)
    .ARM.Collect$$rtexit$$00000004           0x08000226   Section        6  rtexit2.o(.ARM.Collect$$rtexit$$00000004)
    .text                                    0x0800022c   Section        0  main.o(.text)
    .text                                    0x08000468   Section        0  stm32f10x_it.o(.text)
    .text                                    0x08000484   Section        0  system_stm32f10x.o(.text)
    SetSysClockTo72                          0x08000485   Thumb Code   214  system_stm32f10x.o(.text)
    SetSysClock                              0x0800055b   Thumb Code     8  system_stm32f10x.o(.text)
    .text                                    0x08000664   Section        0  led.o(.text)
    .text                                    0x080006b0   Section        0  key.o(.text)
    .text                                    0x080007ac   Section        0  driver.o(.text)
    .text                                    0x08000c9c   Section        0  openmv.o(.text)
    .text                                    0x08000f20   Section        0  delay.o(.text)
    .text                                    0x08000ff4   Section        0  usart.o(.text)
    .text                                    0x0800122c   Section       64  startup_stm32f10x_hd.o(.text)
    .text                                    0x0800126c   Section        0  misc.o(.text)
    .text                                    0x08001348   Section        0  stm32f10x_gpio.o(.text)
    .text                                    0x080016a4   Section        0  stm32f10x_rcc.o(.text)
    .text                                    0x08001a48   Section        0  stm32f10x_tim.o(.text)
    TI4_Config                               0x08001eef   Thumb Code   130  stm32f10x_tim.o(.text)
    TI3_Config                               0x08001f83   Thumb Code   122  stm32f10x_tim.o(.text)
    TI2_Config                               0x08002017   Thumb Code   130  stm32f10x_tim.o(.text)
    TI1_Config                               0x080020ab   Thumb Code   108  stm32f10x_tim.o(.text)
    .text                                    0x08002864   Section        0  stm32f10x_usart.o(.text)
    .text                                    0x08002c6c   Section        0  usmart.o(.text)
    .text                                    0x080038a4   Section        0  usmart_str.o(.text)
    .text                                    0x08003dcc   Section        2  use_no_semi_2.o(.text)
    .text                                    0x08003dd0   Section        0  noretval__2printf.o(.text)
    .text                                    0x08003de8   Section        0  _printf_pad.o(.text)
    .text                                    0x08003e36   Section        0  _printf_str.o(.text)
    .text                                    0x08003e88   Section        0  _printf_dec.o(.text)
    .text                                    0x08003f00   Section        0  _printf_hex_int.o(.text)
    .text                                    0x08003f58   Section        0  __printf_flags_ss_wp.o(.text)
    .text                                    0x080040e0   Section      100  rt_memcpy_w.o(.text)
    .text                                    0x08004144   Section        0  heapauxi.o(.text)
    .text                                    0x0800414a   Section        2  use_no_semi.o(.text)
    .text                                    0x0800414c   Section        0  _printf_intcommon.o(.text)
    .text                                    0x080041fe   Section        0  _printf_char.o(.text)
    .text                                    0x0800422c   Section        0  _printf_char_file.o(.text)
    .text                                    0x08004250   Section        0  _printf_char_common.o(.text)
    _printf_input_char                       0x08004251   Thumb Code    10  _printf_char_common.o(.text)
    .text                                    0x08004280   Section        0  ferror.o(.text)
    .text                                    0x08004288   Section       74  sys_stackheap_outer.o(.text)
    .text                                    0x080042d2   Section        0  exit.o(.text)
    .text                                    0x080042e4   Section        8  libspace.o(.text)
    i._is_digit                              0x080042ec   Section        0  __printf_wp.o(i._is_digit)
    x$fpl$dfixu                              0x080042fc   Section       90  dfixu.o(x$fpl$dfixu)
    x$fpl$dflt                               0x08004356   Section       46  dflt_clz.o(x$fpl$dflt)
    x$fpl$dfltu                              0x08004384   Section       38  dflt_clz.o(x$fpl$dfltu)
    x$fpl$dmul                               0x080043ac   Section      340  dmul.o(x$fpl$dmul)
    x$fpl$dnaninf                            0x08004500   Section      156  dnaninf.o(x$fpl$dnaninf)
    x$fpl$dretinf                            0x0800459c   Section       12  dretinf.o(x$fpl$dretinf)
    .constdata                               0x080045a8   Section       40  _printf_hex_int.o(.constdata)
    x$fpl$usenofp                            0x080045a8   Section        0  usenofp.o(x$fpl$usenofp)
    uc_hextab                                0x080045a8   Data          20  _printf_hex_int.o(.constdata)
    lc_hextab                                0x080045bc   Data          20  _printf_hex_int.o(.constdata)
    .constdata                               0x080045d0   Section       17  __printf_flags_ss_wp.o(.constdata)
    maptable                                 0x080045d0   Data          17  __printf_flags_ss_wp.o(.constdata)
    .conststring                             0x080045e4   Section       40  usmart.o(.conststring)
    .conststring                             0x0800460c   Section      163  usmart_config.o(.conststring)
    .data                                    0x20000000   Section      112  main.o(.data)
    .data                                    0x20000070   Section       20  system_stm32f10x.o(.data)
    .data                                    0x20000084   Section        1  key.o(.data)
    key_up                                   0x20000084   Data           1  key.o(.data)
    .data                                    0x20000088   Section       14  driver.o(.data)
    .data                                    0x20000096   Section       18  openmv.o(.data)
    Data_Rec                                 0x200000a0   Data           6  openmv.o(.data)
    mount                                    0x200000a7   Data           1  openmv.o(.data)
    .data                                    0x200000a8   Section        4  delay.o(.data)
    fac_us                                   0x200000a8   Data           1  delay.o(.data)
    fac_ms                                   0x200000aa   Data           2  delay.o(.data)
    .data                                    0x200000ac   Section       33  usart.o(.data)
    Data_Rec                                 0x200000c3   Data           3  usart.o(.data)
    Data_zuobiao                             0x200000c6   Data           4  usart.o(.data)
    Data_yundong                             0x200000ca   Data           3  usart.o(.data)
    .data                                    0x200000cd   Section       20  stm32f10x_rcc.o(.data)
    APBAHBPrescTable                         0x200000cd   Data          16  stm32f10x_rcc.o(.data)
    ADCPrescTable                            0x200000dd   Data           4  stm32f10x_rcc.o(.data)
    .data                                    0x200000e4   Section       28  usmart.o(.data)
    .data                                    0x20000100   Section      292  usmart_config.o(.data)
    .bss                                     0x20000228   Section      416  openmv.o(.bss)
    Data_Rec1                                0x200003a0   Data          40  openmv.o(.bss)
    .bss                                     0x200003c8   Section      200  usart.o(.bss)
    .bss                                     0x20000490   Section       96  libspace.o(.bss)
    HEAP                                     0x200004f0   Section      512  startup_stm32f10x_hd.o(HEAP)
    Heap_Mem                                 0x200004f0   Data         512  startup_stm32f10x_hd.o(HEAP)
    STACK                                    0x200006f0   Section     1024  startup_stm32f10x_hd.o(STACK)
    Stack_Mem                                0x200006f0   Data        1024  startup_stm32f10x_hd.o(STACK)
    __initial_sp                             0x20000af0   Data           0  startup_stm32f10x_hd.o(STACK)

    Global Symbols

    Symbol Name                              Value     Ov Type        Size  Object(Section)

    BuildAttributes$$THM_ISAv4$P$D$K$B$S$PE$A:L22UL41UL21$X:L11$S22US41US21$IEEE1$IW$USESV6$~STKCKD$USESV7$~SHL$OSPACE$ROPI$EBA8$UX$STANDARDLIB$REQ8$PRES8$EABIv2 0x00000000   Number         0  anon$$obj.o ABSOLUTE
    __ARM_use_no_argv                        0x00000000   Number         0  main.o ABSOLUTE
    _printf_flags                            0x00000000   Number         0  printf_stubs.o ABSOLUTE
    _printf_return_value                     0x00000000   Number         0  printf_stubs.o ABSOLUTE
    _printf_sizespec                         0x00000000   Number         0  printf_stubs.o ABSOLUTE
    _printf_widthprec                        0x00000000   Number         0  printf_stubs.o ABSOLUTE
    __ARM_exceptions_init                     - Undefined Weak Reference
    __alloca_initialize                       - Undefined Weak Reference
    __arm_preinit_                            - Undefined Weak Reference
    __cpp_initialize__aeabi_                  - Undefined Weak Reference
    __cxa_finalize                            - Undefined Weak Reference
    __rt_locale                               - Undefined Weak Reference
    __sigvec_lookup                           - Undefined Weak Reference
    _atexit_init                              - Undefined Weak Reference
    _call_atexit_fns                          - Undefined Weak Reference
    _clock_init                               - Undefined Weak Reference
    _fp_trap_init                             - Undefined Weak Reference
    _fp_trap_shutdown                         - Undefined Weak Reference
    _get_lc_collate                           - Undefined Weak Reference
    _get_lc_ctype                             - Undefined Weak Reference
    _get_lc_monetary                          - Undefined Weak Reference
    _get_lc_numeric                           - Undefined Weak Reference
    _get_lc_time                              - Undefined Weak Reference
    _getenv_init                              - Undefined Weak Reference
    _handle_redirection                       - Undefined Weak Reference
    _init_alloc                               - Undefined Weak Reference
    _init_user_alloc                          - Undefined Weak Reference
    _initio                                   - Undefined Weak Reference
    _mutex_acquire                            - Undefined Weak Reference
    _mutex_release                            - Undefined Weak Reference
    _printf_mbtowc                            - Undefined Weak Reference
    _printf_truncate_signed                   - Undefined Weak Reference
    _printf_truncate_unsigned                 - Undefined Weak Reference
    _rand_init                                - Undefined Weak Reference
    _signal_finish                            - Undefined Weak Reference
    _signal_init                              - Undefined Weak Reference
    _terminate_alloc                          - Undefined Weak Reference
    _terminate_user_alloc                     - Undefined Weak Reference
    _terminateio                              - Undefined Weak Reference
    __Vectors_Size                           0x00000130   Number         0  startup_stm32f10x_hd.o ABSOLUTE
    __Vectors                                0x08000000   Data           4  startup_stm32f10x_hd.o(RESET)
    __Vectors_End                            0x08000130   Data           0  startup_stm32f10x_hd.o(RESET)
    __main                                   0x08000131   Thumb Code     8  __main.o(!!!main)
    __scatterload                            0x08000139   Thumb Code     0  __scatter.o(!!!scatter)
    __scatterload_rt2                        0x08000139   Thumb Code    44  __scatter.o(!!!scatter)
    __scatterload_rt2_thumb_only             0x08000139   Thumb Code     0  __scatter.o(!!!scatter)
    __scatterload_null                       0x08000147   Thumb Code     0  __scatter.o(!!!scatter)
    __decompress                             0x0800016d   Thumb Code    90  __dczerorl2.o(!!dczerorl2)
    __decompress1                            0x0800016d   Thumb Code     0  __dczerorl2.o(!!dczerorl2)
    __scatterload_zeroinit                   0x080001c9   Thumb Code    28  __scatter_zi.o(!!handler_zi)
    _printf_d                                0x080001e5   Thumb Code     0  _printf_d.o(.ARM.Collect$$_printf_percent$$00000009)
    _printf_percent                          0x080001e5   Thumb Code     0  _printf_percent.o(.ARM.Collect$$_printf_percent$$00000000)
    _printf_u                                0x080001eb   Thumb Code     0  _printf_u.o(.ARM.Collect$$_printf_percent$$0000000A)
    _printf_x                                0x080001f1   Thumb Code     0  _printf_x.o(.ARM.Collect$$_printf_percent$$0000000C)
    _printf_c                                0x080001f7   Thumb Code     0  _printf_c.o(.ARM.Collect$$_printf_percent$$00000013)
    _printf_s                                0x080001fd   Thumb Code     0  _printf_s.o(.ARM.Collect$$_printf_percent$$00000014)
    _printf_percent_end                      0x08000203   Thumb Code     0  _printf_percent_end.o(.ARM.Collect$$_printf_percent$$00000017)
    __rt_lib_init                            0x08000207   Thumb Code     0  libinit.o(.ARM.Collect$$libinit$$00000000)
    __rt_lib_init_alloca_1                   0x08000209   Thumb Code     0  libinit2.o(.ARM.Collect$$libinit$$0000002E)
    __rt_lib_init_argv_1                     0x08000209   Thumb Code     0  libinit2.o(.ARM.Collect$$libinit$$0000002C)
    __rt_lib_init_atexit_1                   0x08000209   Thumb Code     0  libinit2.o(.ARM.Collect$$libinit$$0000001B)
    __rt_lib_init_clock_1                    0x08000209   Thumb Code     0  libinit2.o(.ARM.Collect$$libinit$$00000021)
    __rt_lib_init_cpp_1                      0x08000209   Thumb Code     0  libinit2.o(.ARM.Collect$$libinit$$00000032)
    __rt_lib_init_exceptions_1               0x08000209   Thumb Code     0  libinit2.o(.ARM.Collect$$libinit$$00000030)
    __rt_lib_init_fp_1                       0x08000209   Thumb Code     0  libinit2.o(.ARM.Collect$$libinit$$00000002)
    __rt_lib_init_fp_trap_1                  0x08000209   Thumb Code     0  libinit2.o(.ARM.Collect$$libinit$$0000001F)
    __rt_lib_init_getenv_1                   0x08000209   Thumb Code     0  libinit2.o(.ARM.Collect$$libinit$$00000023)
    __rt_lib_init_heap_1                     0x08000209   Thumb Code     0  libinit2.o(.ARM.Collect$$libinit$$0000000A)
    __rt_lib_init_lc_collate_1               0x08000209   Thumb Code     0  libinit2.o(.ARM.Collect$$libinit$$00000011)
    __rt_lib_init_lc_ctype_1                 0x08000209   Thumb Code     0  libinit2.o(.ARM.Collect$$libinit$$00000013)
    __rt_lib_init_lc_monetary_1              0x08000209   Thumb Code     0  libinit2.o(.ARM.Collect$$libinit$$00000015)
    __rt_lib_init_lc_numeric_1               0x08000209   Thumb Code     0  libinit2.o(.ARM.Collect$$libinit$$00000017)
    __rt_lib_init_lc_time_1                  0x08000209   Thumb Code     0  libinit2.o(.ARM.Collect$$libinit$$00000019)
    __rt_lib_init_preinit_1                  0x08000209   Thumb Code     0  libinit2.o(.ARM.Collect$$libinit$$00000004)
    __rt_lib_init_rand_1                     0x08000209   Thumb Code     0  libinit2.o(.ARM.Collect$$libinit$$0000000E)
    __rt_lib_init_return                     0x08000209   Thumb Code     0  libinit2.o(.ARM.Collect$$libinit$$00000033)
    __rt_lib_init_signal_1                   0x08000209   Thumb Code     0  libinit2.o(.ARM.Collect$$libinit$$0000001D)
    __rt_lib_init_stdio_1                    0x08000209   Thumb Code     0  libinit2.o(.ARM.Collect$$libinit$$00000025)
    __rt_lib_init_user_alloc_1               0x08000209   Thumb Code     0  libinit2.o(.ARM.Collect$$libinit$$0000000C)
    __rt_lib_shutdown                        0x0800020b   Thumb Code     0  libshutdown.o(.ARM.Collect$$libshutdown$$00000000)
    __rt_lib_shutdown_cpp_1                  0x0800020d   Thumb Code     0  libshutdown2.o(.ARM.Collect$$libshutdown$$00000002)
    __rt_lib_shutdown_fp_trap_1              0x0800020d   Thumb Code     0  libshutdown2.o(.ARM.Collect$$libshutdown$$00000007)
    __rt_lib_shutdown_heap_1                 0x0800020d   Thumb Code     0  libshutdown2.o(.ARM.Collect$$libshutdown$$0000000F)
    __rt_lib_shutdown_return                 0x0800020d   Thumb Code     0  libshutdown2.o(.ARM.Collect$$libshutdown$$00000010)
    __rt_lib_shutdown_signal_1               0x0800020d   Thumb Code     0  libshutdown2.o(.ARM.Collect$$libshutdown$$0000000A)
    __rt_lib_shutdown_stdio_1                0x0800020d   Thumb Code     0  libshutdown2.o(.ARM.Collect$$libshutdown$$00000004)
    __rt_lib_shutdown_user_alloc_1           0x0800020d   Thumb Code     0  libshutdown2.o(.ARM.Collect$$libshutdown$$0000000C)
    __rt_entry                               0x0800020f   Thumb Code     0  __rtentry.o(.ARM.Collect$$rtentry$$00000000)
    __rt_entry_presh_1                       0x0800020f   Thumb Code     0  __rtentry2.o(.ARM.Collect$$rtentry$$00000002)
    __rt_entry_sh                            0x0800020f   Thumb Code     0  __rtentry4.o(.ARM.Collect$$rtentry$$00000004)
    __rt_entry_li                            0x08000215   Thumb Code     0  __rtentry2.o(.ARM.Collect$$rtentry$$0000000A)
    __rt_entry_postsh_1                      0x08000215   Thumb Code     0  __rtentry2.o(.ARM.Collect$$rtentry$$00000009)
    __rt_entry_main                          0x08000219   Thumb Code     0  __rtentry2.o(.ARM.Collect$$rtentry$$0000000D)
    __rt_entry_postli_1                      0x08000219   Thumb Code     0  __rtentry2.o(.ARM.Collect$$rtentry$$0000000C)
    __rt_exit                                0x08000221   Thumb Code     0  rtexit.o(.ARM.Collect$$rtexit$$00000000)
    __rt_exit_ls                             0x08000223   Thumb Code     0  rtexit2.o(.ARM.Collect$$rtexit$$00000003)
    __rt_exit_prels_1                        0x08000223   Thumb Code     0  rtexit2.o(.ARM.Collect$$rtexit$$00000002)
    __rt_exit_exit                           0x08000227   Thumb Code     0  rtexit2.o(.ARM.Collect$$rtexit$$00000004)
    GPIO_Config                              0x0800022d   Thumb Code    74  main.o(.text)
    diandongmoshi                            0x08000277   Thumb Code   228  main.o(.text)
    main                                     0x0800035b   Thumb Code   226  main.o(.text)
    NMI_Handler                              0x08000469   Thumb Code     2  stm32f10x_it.o(.text)
    HardFault_Handler                        0x0800046b   Thumb Code     4  stm32f10x_it.o(.text)
    MemManage_Handler                        0x0800046f   Thumb Code     4  stm32f10x_it.o(.text)
    BusFault_Handler                         0x08000473   Thumb Code     4  stm32f10x_it.o(.text)
    UsageFault_Handler                       0x08000477   Thumb Code     4  stm32f10x_it.o(.text)
    SVC_Handler                              0x0800047b   Thumb Code     2  stm32f10x_it.o(.text)
    DebugMon_Handler                         0x0800047d   Thumb Code     2  stm32f10x_it.o(.text)
    PendSV_Handler                           0x0800047f   Thumb Code     2  stm32f10x_it.o(.text)
    SysTick_Handler                          0x08000481   Thumb Code     2  stm32f10x_it.o(.text)
    SystemInit                               0x08000563   Thumb Code    78  system_stm32f10x.o(.text)
    SystemCoreClockUpdate                    0x080005b1   Thumb Code   142  system_stm32f10x.o(.text)
    LED_Init                                 0x08000665   Thumb Code    68  led.o(.text)
    KEY_Init                                 0x080006b1   Thumb Code    52  key.o(.text)
    KEY_Scan                                 0x080006e5   Thumb Code   188  key.o(.text)
    Driver_Init                              0x080007ad   Thumb Code    76  driver.o(.text)
    TIM2_Init                                0x080007f9   Thumb Code   218  driver.o(.text)
    lpwmcount                                0x080008d3   Thumb Code    38  driver.o(.text)
    TIM2_IRQHandler                          0x080008f9   Thumb Code   124  driver.o(.text)
    TIM3_Init                                0x08000975   Thumb Code   212  driver.o(.text)
    rpwmcount                                0x08000a49   Thumb Code    38  driver.o(.text)
    TIM3_IRQHandler                          0x08000a6f   Thumb Code   122  driver.o(.text)
    TIM2_Startup                             0x08000ae9   Thumb Code    54  driver.o(.text)
    TIM3_Startup                             0x08000b1f   Thumb Code    48  driver.o(.text)
    Locate_Rle2                              0x08000b4f   Thumb Code    52  driver.o(.text)
    Locate_Rle3                              0x08000b83   Thumb Code   150  driver.o(.text)
    TIM4_PWM_Init                            0x08000c19   Thumb Code   122  driver.o(.text)
    OPENMV_UART2                             0x08000c9d   Thumb Code   164  openmv.o(.text)
    USART2_IRQHandler                        0x08000d41   Thumb Code   188  openmv.o(.text)
    OPENMV_Data_Get                          0x08000dfd   Thumb Code   128  openmv.o(.text)
    OPENMV_Data                              0x08000e7d   Thumb Code    96  openmv.o(.text)
    delay_init                               0x08000f21   Thumb Code    50  delay.o(.text)
    delay_us                                 0x08000f53   Thumb Code    72  delay.o(.text)
    delay_ms                                 0x08000f9b   Thumb Code    72  delay.o(.text)
    _sys_exit                                0x08000ff5   Thumb Code     6  usart.o(.text)
    fputc                                    0x08000ffb   Thumb Code    24  usart.o(.text)
    uart_init                                0x08001013   Thumb Code   152  usart.o(.text)
    USART1_IRQHandler                        0x080010ab   Thumb Code   332  usart.o(.text)
    Reset_Handler                            0x0800122d   Thumb Code     8  startup_stm32f10x_hd.o(.text)
    ADC1_2_IRQHandler                        0x08001247   Thumb Code     0  startup_stm32f10x_hd.o(.text)
    ADC3_IRQHandler                          0x08001247   Thumb Code     0  startup_stm32f10x_hd.o(.text)
    CAN1_RX1_IRQHandler                      0x08001247   Thumb Code     0  startup_stm32f10x_hd.o(.text)
    CAN1_SCE_IRQHandler                      0x08001247   Thumb Code     0  startup_stm32f10x_hd.o(.text)
    DMA1_Channel1_IRQHandler                 0x08001247   Thumb Code     0  startup_stm32f10x_hd.o(.text)
    DMA1_Channel2_IRQHandler                 0x08001247   Thumb Code     0  startup_stm32f10x_hd.o(.text)
    DMA1_Channel3_IRQHandler                 0x08001247   Thumb Code     0  startup_stm32f10x_hd.o(.text)
    DMA1_Channel4_IRQHandler                 0x08001247   Thumb Code     0  startup_stm32f10x_hd.o(.text)
    DMA1_Channel5_IRQHandler                 0x08001247   Thumb Code     0  startup_stm32f10x_hd.o(.text)
    DMA1_Channel6_IRQHandler                 0x08001247   Thumb Code     0  startup_stm32f10x_hd.o(.text)
    DMA1_Channel7_IRQHandler                 0x08001247   Thumb Code     0  startup_stm32f10x_hd.o(.text)
    DMA2_Channel1_IRQHandler                 0x08001247   Thumb Code     0  startup_stm32f10x_hd.o(.text)
    DMA2_Channel2_IRQHandler                 0x08001247   Thumb Code     0  startup_stm32f10x_hd.o(.text)
    DMA2_Channel3_IRQHandler                 0x08001247   Thumb Code     0  startup_stm32f10x_hd.o(.text)
    DMA2_Channel4_5_IRQHandler               0x08001247   Thumb Code     0  startup_stm32f10x_hd.o(.text)
    EXTI0_IRQHandler                         0x08001247   Thumb Code     0  startup_stm32f10x_hd.o(.text)
    EXTI15_10_IRQHandler                     0x08001247   Thumb Code     0  startup_stm32f10x_hd.o(.text)
    EXTI1_IRQHandler                         0x08001247   Thumb Code     0  startup_stm32f10x_hd.o(.text)
    EXTI2_IRQHandler                         0x08001247   Thumb Code     0  startup_stm32f10x_hd.o(.text)
    EXTI3_IRQHandler                         0x08001247   Thumb Code     0  startup_stm32f10x_hd.o(.text)
    EXTI4_IRQHandler                         0x08001247   Thumb Code     0  startup_stm32f10x_hd.o(.text)
    EXTI9_5_IRQHandler                       0x08001247   Thumb Code     0  startup_stm32f10x_hd.o(.text)
    FLASH_IRQHandler                         0x08001247   Thumb Code     0  startup_stm32f10x_hd.o(.text)
    FSMC_IRQHandler                          0x08001247   Thumb Code     0  startup_stm32f10x_hd.o(.text)
    I2C1_ER_IRQHandler                       0x08001247   Thumb Code     0  startup_stm32f10x_hd.o(.text)
    I2C1_EV_IRQHandler                       0x08001247   Thumb Code     0  startup_stm32f10x_hd.o(.text)
    I2C2_ER_IRQHandler                       0x08001247   Thumb Code     0  startup_stm32f10x_hd.o(.text)
    I2C2_EV_IRQHandler                       0x08001247   Thumb Code     0  startup_stm32f10x_hd.o(.text)
    PVD_IRQHandler                           0x08001247   Thumb Code     0  startup_stm32f10x_hd.o(.text)
    RCC_IRQHandler                           0x08001247   Thumb Code     0  startup_stm32f10x_hd.o(.text)
    RTCAlarm_IRQHandler                      0x08001247   Thumb Code     0  startup_stm32f10x_hd.o(.text)
    RTC_IRQHandler                           0x08001247   Thumb Code     0  startup_stm32f10x_hd.o(.text)
    SDIO_IRQHandler                          0x08001247   Thumb Code     0  startup_stm32f10x_hd.o(.text)
    SPI1_IRQHandler                          0x08001247   Thumb Code     0  startup_stm32f10x_hd.o(.text)
    SPI2_IRQHandler                          0x08001247   Thumb Code     0  startup_stm32f10x_hd.o(.text)
    SPI3_IRQHandler                          0x08001247   Thumb Code     0  startup_stm32f10x_hd.o(.text)
    TAMPER_IRQHandler                        0x08001247   Thumb Code     0  startup_stm32f10x_hd.o(.text)
    TIM1_BRK_IRQHandler                      0x08001247   Thumb Code     0  startup_stm32f10x_hd.o(.text)
    TIM1_CC_IRQHandler                       0x08001247   Thumb Code     0  startup_stm32f10x_hd.o(.text)
    TIM1_TRG_COM_IRQHandler                  0x08001247   Thumb Code     0  startup_stm32f10x_hd.o(.text)
    TIM1_UP_IRQHandler                       0x08001247   Thumb Code     0  startup_stm32f10x_hd.o(.text)
    TIM5_IRQHandler                          0x08001247   Thumb Code     0  startup_stm32f10x_hd.o(.text)
    TIM6_IRQHandler                          0x08001247   Thumb Code     0  startup_stm32f10x_hd.o(.text)
    TIM7_IRQHandler                          0x08001247   Thumb Code     0  startup_stm32f10x_hd.o(.text)
    TIM8_BRK_IRQHandler                      0x08001247   Thumb Code     0  startup_stm32f10x_hd.o(.text)
    TIM8_CC_IRQHandler                       0x08001247   Thumb Code     0  startup_stm32f10x_hd.o(.text)
    TIM8_TRG_COM_IRQHandler                  0x08001247   Thumb Code     0  startup_stm32f10x_hd.o(.text)
    TIM8_UP_IRQHandler                       0x08001247   Thumb Code     0  startup_stm32f10x_hd.o(.text)
    UART4_IRQHandler                         0x08001247   Thumb Code     0  startup_stm32f10x_hd.o(.text)
    UART5_IRQHandler                         0x08001247   Thumb Code     0  startup_stm32f10x_hd.o(.text)
    USART3_IRQHandler                        0x08001247   Thumb Code     0  startup_stm32f10x_hd.o(.text)
    USBWakeUp_IRQHandler                     0x08001247   Thumb Code     0  startup_stm32f10x_hd.o(.text)
    USB_HP_CAN1_TX_IRQHandler                0x08001247   Thumb Code     0  startup_stm32f10x_hd.o(.text)
    USB_LP_CAN1_RX0_IRQHandler               0x08001247   Thumb Code     0  startup_stm32f10x_hd.o(.text)
    WWDG_IRQHandler                          0x08001247   Thumb Code     0  startup_stm32f10x_hd.o(.text)
    __user_initial_stackheap                 0x08001249   Thumb Code     0  startup_stm32f10x_hd.o(.text)
    NVIC_PriorityGroupConfig                 0x0800126d   Thumb Code    10  misc.o(.text)
    NVIC_Init                                0x08001277   Thumb Code   100  misc.o(.text)
    NVIC_SetVectorTable                      0x080012db   Thumb Code    14  misc.o(.text)
    NVIC_SystemLPConfig                      0x080012e9   Thumb Code    34  misc.o(.text)
    SysTick_CLKSourceConfig                  0x0800130b   Thumb Code    40  misc.o(.text)
    GPIO_DeInit                              0x08001349   Thumb Code   172  stm32f10x_gpio.o(.text)
    GPIO_AFIODeInit                          0x080013f5   Thumb Code    20  stm32f10x_gpio.o(.text)
    GPIO_Init                                0x08001409   Thumb Code   278  stm32f10x_gpio.o(.text)
    GPIO_StructInit                          0x0800151f   Thumb Code    16  stm32f10x_gpio.o(.text)
    GPIO_ReadInputDataBit                    0x0800152f   Thumb Code    18  stm32f10x_gpio.o(.text)
    GPIO_ReadInputData                       0x08001541   Thumb Code     8  stm32f10x_gpio.o(.text)
    GPIO_ReadOutputDataBit                   0x08001549   Thumb Code    18  stm32f10x_gpio.o(.text)
    GPIO_ReadOutputData                      0x0800155b   Thumb Code     8  stm32f10x_gpio.o(.text)
    GPIO_SetBits                             0x08001563   Thumb Code     4  stm32f10x_gpio.o(.text)
    GPIO_ResetBits                           0x08001567   Thumb Code     4  stm32f10x_gpio.o(.text)
    GPIO_WriteBit                            0x0800156b   Thumb Code    10  stm32f10x_gpio.o(.text)
    GPIO_Write                               0x08001575   Thumb Code     4  stm32f10x_gpio.o(.text)
    GPIO_PinLockConfig                       0x08001579   Thumb Code    18  stm32f10x_gpio.o(.text)
    GPIO_EventOutputConfig                   0x0800158b   Thumb Code    26  stm32f10x_gpio.o(.text)
    GPIO_EventOutputCmd                      0x080015a5   Thumb Code     6  stm32f10x_gpio.o(.text)
    GPIO_PinRemapConfig                      0x080015ab   Thumb Code   138  stm32f10x_gpio.o(.text)
    GPIO_EXTILineConfig                      0x08001635   Thumb Code    66  stm32f10x_gpio.o(.text)
    GPIO_ETH_MediaInterfaceConfig            0x08001677   Thumb Code     8  stm32f10x_gpio.o(.text)
    RCC_DeInit                               0x080016a5   Thumb Code    64  stm32f10x_rcc.o(.text)
    RCC_HSEConfig                            0x080016e5   Thumb Code    70  stm32f10x_rcc.o(.text)
    RCC_GetFlagStatus                        0x0800172b   Thumb Code    56  stm32f10x_rcc.o(.text)
    RCC_WaitForHSEStartUp                    0x08001763   Thumb Code    56  stm32f10x_rcc.o(.text)
    RCC_AdjustHSICalibrationValue            0x0800179b   Thumb Code    20  stm32f10x_rcc.o(.text)
    RCC_HSICmd                               0x080017af   Thumb Code     6  stm32f10x_rcc.o(.text)
    RCC_PLLConfig                            0x080017b5   Thumb Code    24  stm32f10x_rcc.o(.text)
    RCC_PLLCmd                               0x080017cd   Thumb Code     6  stm32f10x_rcc.o(.text)
    RCC_SYSCLKConfig                         0x080017d3   Thumb Code    18  stm32f10x_rcc.o(.text)
    RCC_GetSYSCLKSource                      0x080017e5   Thumb Code    10  stm32f10x_rcc.o(.text)
    RCC_HCLKConfig                           0x080017ef   Thumb Code    18  stm32f10x_rcc.o(.text)
    RCC_PCLK1Config                          0x08001801   Thumb Code    18  stm32f10x_rcc.o(.text)
    RCC_PCLK2Config                          0x08001813   Thumb Code    20  stm32f10x_rcc.o(.text)
    RCC_ITConfig                             0x08001827   Thumb Code    26  stm32f10x_rcc.o(.text)
    RCC_USBCLKConfig                         0x08001841   Thumb Code     8  stm32f10x_rcc.o(.text)
    RCC_ADCCLKConfig                         0x08001849   Thumb Code    18  stm32f10x_rcc.o(.text)
    RCC_LSEConfig                            0x0800185b   Thumb Code    50  stm32f10x_rcc.o(.text)
    RCC_LSICmd                               0x0800188d   Thumb Code     6  stm32f10x_rcc.o(.text)
    RCC_RTCCLKConfig                         0x08001893   Thumb Code    12  stm32f10x_rcc.o(.text)
    RCC_RTCCLKCmd                            0x0800189f   Thumb Code     8  stm32f10x_rcc.o(.text)
    RCC_GetClocksFreq                        0x080018a7   Thumb Code   192  stm32f10x_rcc.o(.text)
    RCC_AHBPeriphClockCmd                    0x08001967   Thumb Code    26  stm32f10x_rcc.o(.text)
    RCC_APB2PeriphClockCmd                   0x08001981   Thumb Code    26  stm32f10x_rcc.o(.text)
    RCC_APB1PeriphClockCmd                   0x0800199b   Thumb Code    26  stm32f10x_rcc.o(.text)
    RCC_APB2PeriphResetCmd                   0x080019b5   Thumb Code    26  stm32f10x_rcc.o(.text)
    RCC_APB1PeriphResetCmd                   0x080019cf   Thumb Code    26  stm32f10x_rcc.o(.text)
    RCC_BackupResetCmd                       0x080019e9   Thumb Code     8  stm32f10x_rcc.o(.text)
    RCC_ClockSecuritySystemCmd               0x080019f1   Thumb Code     6  stm32f10x_rcc.o(.text)
    RCC_MCOConfig                            0x080019f7   Thumb Code     6  stm32f10x_rcc.o(.text)
    RCC_ClearFlag                            0x080019fd   Thumb Code    14  stm32f10x_rcc.o(.text)
    RCC_GetITStatus                          0x08001a0b   Thumb Code    20  stm32f10x_rcc.o(.text)
    RCC_ClearITPendingBit                    0x08001a1f   Thumb Code     6  stm32f10x_rcc.o(.text)
    TIM_DeInit                               0x08001a49   Thumb Code   424  stm32f10x_tim.o(.text)
    TIM_TimeBaseInit                         0x08001bf1   Thumb Code   122  stm32f10x_tim.o(.text)
    TIM_OC1Init                              0x08001c6b   Thumb Code   132  stm32f10x_tim.o(.text)
    TIM_OC2Init                              0x08001cef   Thumb Code   154  stm32f10x_tim.o(.text)
    TIM_OC3Init                              0x08001d89   Thumb Code   150  stm32f10x_tim.o(.text)
    TIM_OC4Init                              0x08001e1f   Thumb Code   182  stm32f10x_tim.o(.text)
    TIM_SetIC4Prescaler                      0x08001ed5   Thumb Code    26  stm32f10x_tim.o(.text)
    TIM_SetIC3Prescaler                      0x08001f71   Thumb Code    18  stm32f10x_tim.o(.text)
    TIM_SetIC2Prescaler                      0x08001ffd   Thumb Code    26  stm32f10x_tim.o(.text)
    TIM_SetIC1Prescaler                      0x08002099   Thumb Code    18  stm32f10x_tim.o(.text)
    TIM_ICInit                               0x08002117   Thumb Code   150  stm32f10x_tim.o(.text)
    TIM_PWMIConfig                           0x080021ad   Thumb Code   124  stm32f10x_tim.o(.text)
    TIM_BDTRConfig                           0x08002229   Thumb Code    32  stm32f10x_tim.o(.text)
    TIM_TimeBaseStructInit                   0x08002249   Thumb Code    18  stm32f10x_tim.o(.text)
    TIM_OCStructInit                         0x0800225b   Thumb Code    20  stm32f10x_tim.o(.text)
    TIM_ICStructInit                         0x0800226f   Thumb Code    18  stm32f10x_tim.o(.text)
    TIM_BDTRStructInit                       0x08002281   Thumb Code    40  stm32f10x_tim.o(.text)
    TIM_Cmd                                  0x080022a9   Thumb Code    24  stm32f10x_tim.o(.text)
    TIM_CtrlPWMOutputs                       0x080022c1   Thumb Code    30  stm32f10x_tim.o(.text)
    TIM_ITConfig                             0x080022df   Thumb Code    18  stm32f10x_tim.o(.text)
    TIM_GenerateEvent                        0x080022f1   Thumb Code     4  stm32f10x_tim.o(.text)
    TIM_DMAConfig                            0x080022f5   Thumb Code    10  stm32f10x_tim.o(.text)
    TIM_DMACmd                               0x080022ff   Thumb Code    18  stm32f10x_tim.o(.text)
    TIM_InternalClockConfig                  0x08002311   Thumb Code    12  stm32f10x_tim.o(.text)
    TIM_SelectInputTrigger                   0x0800231d   Thumb Code    18  stm32f10x_tim.o(.text)
    TIM_ITRxExternalClockConfig              0x0800232f   Thumb Code    24  stm32f10x_tim.o(.text)
    TIM_TIxExternalClockConfig               0x08002347   Thumb Code    62  stm32f10x_tim.o(.text)
    TIM_ETRConfig                            0x08002385   Thumb Code    28  stm32f10x_tim.o(.text)
    TIM_ETRClockMode1Config                  0x080023a1   Thumb Code    54  stm32f10x_tim.o(.text)
    TIM_ETRClockMode2Config                  0x080023d7   Thumb Code    32  stm32f10x_tim.o(.text)
    TIM_PrescalerConfig                      0x080023f7   Thumb Code     6  stm32f10x_tim.o(.text)
    TIM_CounterModeConfig                    0x080023fd   Thumb Code    18  stm32f10x_tim.o(.text)
    TIM_EncoderInterfaceConfig               0x0800240f   Thumb Code    66  stm32f10x_tim.o(.text)
    TIM_ForcedOC1Config                      0x08002451   Thumb Code    18  stm32f10x_tim.o(.text)
    TIM_ForcedOC2Config                      0x08002463   Thumb Code    26  stm32f10x_tim.o(.text)
    TIM_ForcedOC3Config                      0x0800247d   Thumb Code    18  stm32f10x_tim.o(.text)
    TIM_ForcedOC4Config                      0x0800248f   Thumb Code    26  stm32f10x_tim.o(.text)
    TIM_ARRPreloadConfig                     0x080024a9   Thumb Code    24  stm32f10x_tim.o(.text)
    TIM_SelectCOM                            0x080024c1   Thumb Code    24  stm32f10x_tim.o(.text)
    TIM_SelectCCDMA                          0x080024d9   Thumb Code    24  stm32f10x_tim.o(.text)
    TIM_CCPreloadControl                     0x080024f1   Thumb Code    24  stm32f10x_tim.o(.text)
    TIM_OC1PreloadConfig                     0x08002509   Thumb Code    18  stm32f10x_tim.o(.text)
    TIM_OC2PreloadConfig                     0x0800251b   Thumb Code    26  stm32f10x_tim.o(.text)
    TIM_OC3PreloadConfig                     0x08002535   Thumb Code    18  stm32f10x_tim.o(.text)
    TIM_OC4PreloadConfig                     0x08002547   Thumb Code    26  stm32f10x_tim.o(.text)
    TIM_OC1FastConfig                        0x08002561   Thumb Code    18  stm32f10x_tim.o(.text)
    TIM_OC2FastConfig                        0x08002573   Thumb Code    26  stm32f10x_tim.o(.text)
    TIM_OC3FastConfig                        0x0800258d   Thumb Code    18  stm32f10x_tim.o(.text)
    TIM_OC4FastConfig                        0x0800259f   Thumb Code    26  stm32f10x_tim.o(.text)
    TIM_ClearOC1Ref                          0x080025b9   Thumb Code    18  stm32f10x_tim.o(.text)
    TIM_ClearOC2Ref                          0x080025cb   Thumb Code    24  stm32f10x_tim.o(.text)
    TIM_ClearOC3Ref                          0x080025e3   Thumb Code    18  stm32f10x_tim.o(.text)
    TIM_ClearOC4Ref                          0x080025f5   Thumb Code    24  stm32f10x_tim.o(.text)
    TIM_OC1PolarityConfig                    0x0800260d   Thumb Code    18  stm32f10x_tim.o(.text)
    TIM_OC1NPolarityConfig                   0x0800261f   Thumb Code    18  stm32f10x_tim.o(.text)
    TIM_OC2PolarityConfig                    0x08002631   Thumb Code    26  stm32f10x_tim.o(.text)
    TIM_OC2NPolarityConfig                   0x0800264b   Thumb Code    26  stm32f10x_tim.o(.text)
    TIM_OC3PolarityConfig                    0x08002665   Thumb Code    26  stm32f10x_tim.o(.text)
    TIM_OC3NPolarityConfig                   0x0800267f   Thumb Code    26  stm32f10x_tim.o(.text)
    TIM_OC4PolarityConfig                    0x08002699   Thumb Code    26  stm32f10x_tim.o(.text)
    TIM_CCxCmd                               0x080026b3   Thumb Code    30  stm32f10x_tim.o(.text)
    TIM_CCxNCmd                              0x080026d1   Thumb Code    30  stm32f10x_tim.o(.text)
    TIM_SelectOCxM                           0x080026ef   Thumb Code    82  stm32f10x_tim.o(.text)
    TIM_UpdateDisableConfig                  0x08002741   Thumb Code    24  stm32f10x_tim.o(.text)
    TIM_UpdateRequestConfig                  0x08002759   Thumb Code    24  stm32f10x_tim.o(.text)
    TIM_SelectHallSensor                     0x08002771   Thumb Code    24  stm32f10x_tim.o(.text)
    TIM_SelectOnePulseMode                   0x08002789   Thumb Code    18  stm32f10x_tim.o(.text)
    TIM_SelectOutputTrigger                  0x0800279b   Thumb Code    18  stm32f10x_tim.o(.text)
    TIM_SelectSlaveMode                      0x080027ad   Thumb Code    18  stm32f10x_tim.o(.text)
    TIM_SelectMasterSlaveMode                0x080027bf   Thumb Code    18  stm32f10x_tim.o(.text)
    TIM_SetCounter                           0x080027d1   Thumb Code     4  stm32f10x_tim.o(.text)
    TIM_SetAutoreload                        0x080027d5   Thumb Code     4  stm32f10x_tim.o(.text)
    TIM_SetCompare1                          0x080027d9   Thumb Code     4  stm32f10x_tim.o(.text)
    TIM_SetCompare2                          0x080027dd   Thumb Code     4  stm32f10x_tim.o(.text)
    TIM_SetCompare3                          0x080027e1   Thumb Code     4  stm32f10x_tim.o(.text)
    TIM_SetCompare4                          0x080027e5   Thumb Code     6  stm32f10x_tim.o(.text)
    TIM_SetClockDivision                     0x080027eb   Thumb Code    18  stm32f10x_tim.o(.text)
    TIM_GetCapture1                          0x080027fd   Thumb Code     6  stm32f10x_tim.o(.text)
    TIM_GetCapture2                          0x08002803   Thumb Code     6  stm32f10x_tim.o(.text)
    TIM_GetCapture3                          0x08002809   Thumb Code     6  stm32f10x_tim.o(.text)
    TIM_GetCapture4                          0x0800280f   Thumb Code     8  stm32f10x_tim.o(.text)
    TIM_GetCounter                           0x08002817   Thumb Code     6  stm32f10x_tim.o(.text)
    TIM_GetPrescaler                         0x0800281d   Thumb Code     6  stm32f10x_tim.o(.text)
    TIM_GetFlagStatus                        0x08002823   Thumb Code    18  stm32f10x_tim.o(.text)
    TIM_ClearFlag                            0x08002835   Thumb Code     6  stm32f10x_tim.o(.text)
    TIM_GetITStatus                          0x0800283b   Thumb Code    34  stm32f10x_tim.o(.text)
    TIM_ClearITPendingBit                    0x0800285d   Thumb Code     6  stm32f10x_tim.o(.text)
    USART_DeInit                             0x08002865   Thumb Code   134  stm32f10x_usart.o(.text)
    USART_Init                               0x080028eb   Thumb Code   210  stm32f10x_usart.o(.text)
    USART_StructInit                         0x080029bd   Thumb Code    24  stm32f10x_usart.o(.text)
    USART_ClockInit                          0x080029d5   Thumb Code    34  stm32f10x_usart.o(.text)
    USART_ClockStructInit                    0x080029f7   Thumb Code    12  stm32f10x_usart.o(.text)
    USART_Cmd                                0x08002a03   Thumb Code    24  stm32f10x_usart.o(.text)
    USART_ITConfig                           0x08002a1b   Thumb Code    74  stm32f10x_usart.o(.text)
    USART_DMACmd                             0x08002a65   Thumb Code    18  stm32f10x_usart.o(.text)
    USART_SetAddress                         0x08002a77   Thumb Code    18  stm32f10x_usart.o(.text)
    USART_WakeUpConfig                       0x08002a89   Thumb Code    18  stm32f10x_usart.o(.text)
    USART_ReceiverWakeUpCmd                  0x08002a9b   Thumb Code    24  stm32f10x_usart.o(.text)
    USART_LINBreakDetectLengthConfig         0x08002ab3   Thumb Code    18  stm32f10x_usart.o(.text)
    USART_LINCmd                             0x08002ac5   Thumb Code    24  stm32f10x_usart.o(.text)
    USART_SendData                           0x08002add   Thumb Code     8  stm32f10x_usart.o(.text)
    USART_ReceiveData                        0x08002ae5   Thumb Code    10  stm32f10x_usart.o(.text)
    USART_SendBreak                          0x08002aef   Thumb Code    10  stm32f10x_usart.o(.text)
    USART_SetGuardTime                       0x08002af9   Thumb Code    16  stm32f10x_usart.o(.text)
    USART_SetPrescaler                       0x08002b09   Thumb Code    16  stm32f10x_usart.o(.text)
    USART_SmartCardCmd                       0x08002b19   Thumb Code    24  stm32f10x_usart.o(.text)
    USART_SmartCardNACKCmd                   0x08002b31   Thumb Code    24  stm32f10x_usart.o(.text)
    USART_HalfDuplexCmd                      0x08002b49   Thumb Code    24  stm32f10x_usart.o(.text)
    USART_OverSampling8Cmd                   0x08002b61   Thumb Code    22  stm32f10x_usart.o(.text)
    USART_OneBitMethodCmd                    0x08002b77   Thumb Code    24  stm32f10x_usart.o(.text)
    USART_IrDAConfig                         0x08002b8f   Thumb Code    18  stm32f10x_usart.o(.text)
    USART_IrDACmd                            0x08002ba1   Thumb Code    24  stm32f10x_usart.o(.text)
    USART_GetFlagStatus                      0x08002bb9   Thumb Code    26  stm32f10x_usart.o(.text)
    USART_ClearFlag                          0x08002bd3   Thumb Code    18  stm32f10x_usart.o(.text)
    USART_GetITStatus                        0x08002be5   Thumb Code    84  stm32f10x_usart.o(.text)
    USART_ClearITPendingBit                  0x08002c39   Thumb Code    52  stm32f10x_usart.o(.text)
    usmart_sys_cmd_exe                       0x08002c6d   Thumb Code  1554  usmart.o(.text)
    usmart_reset_runtime                     0x0800327f   Thumb Code    38  usmart.o(.text)
    usmart_get_runtime                       0x080032a5   Thumb Code    60  usmart.o(.text)
    TIM4_IRQHandler                          0x080032e1   Thumb Code    46  usmart.o(.text)
    Timer4_Init                              0x0800330f   Thumb Code    88  usmart.o(.text)
    usmart_init                              0x08003367   Thumb Code    36  usmart.o(.text)
    usmart_cmd_rec                           0x0800338b   Thumb Code   170  usmart.o(.text)
    usmart_exe                               0x08003435   Thumb Code   870  usmart.o(.text)
    usmart_scan                              0x0800379b   Thumb Code   120  usmart.o(.text)
    read_addr                                0x08003813   Thumb Code     6  usmart.o(.text)
    write_addr                               0x08003819   Thumb Code     4  usmart.o(.text)
    usmart_strcmp                            0x080038a5   Thumb Code    34  usmart_str.o(.text)
    usmart_strcopy                           0x080038c7   Thumb Code    22  usmart_str.o(.text)
    usmart_strlen                            0x080038dd   Thumb Code    24  usmart_str.o(.text)
    usmart_pow                               0x080038f5   Thumb Code    22  usmart_str.o(.text)
    usmart_str2num                           0x0800390b   Thumb Code   202  usmart_str.o(.text)
    usmart_get_cmdname                       0x080039d5   Thumb Code    54  usmart_str.o(.text)
    usmart_search_nextc                      0x08003a0b   Thumb Code    22  usmart_str.o(.text)
    usmart_get_fname                         0x08003a21   Thumb Code   440  usmart_str.o(.text)
    usmart_get_aparm                         0x08003bd9   Thumb Code   200  usmart_str.o(.text)
    usmart_get_parmpos                       0x08003ca1   Thumb Code    26  usmart_str.o(.text)
    usmart_get_fparam                        0x08003cbb   Thumb Code   262  usmart_str.o(.text)
    __use_no_semihosting                     0x08003dcd   Thumb Code     2  use_no_semi_2.o(.text)
    __2printf                                0x08003dd1   Thumb Code    20  noretval__2printf.o(.text)
    _printf_pre_padding                      0x08003de9   Thumb Code    44  _printf_pad.o(.text)
    _printf_post_padding                     0x08003e15   Thumb Code    34  _printf_pad.o(.text)
    _printf_str                              0x08003e37   Thumb Code    82  _printf_str.o(.text)
    _printf_int_dec                          0x08003e89   Thumb Code   104  _printf_dec.o(.text)
    _printf_int_hex                          0x08003f01   Thumb Code    84  _printf_hex_int.o(.text)
    _printf_longlong_hex                     0x08003f01   Thumb Code     0  _printf_hex_int.o(.text)
    __printf                                 0x08003f59   Thumb Code   388  __printf_flags_ss_wp.o(.text)
    __aeabi_memcpy4                          0x080040e1   Thumb Code     0  rt_memcpy_w.o(.text)
    __aeabi_memcpy8                          0x080040e1   Thumb Code     0  rt_memcpy_w.o(.text)
    __rt_memcpy_w                            0x080040e1   Thumb Code   100  rt_memcpy_w.o(.text)
    _memcpy_lastbytes_aligned                0x08004129   Thumb Code     0  rt_memcpy_w.o(.text)
    __use_two_region_memory                  0x08004145   Thumb Code     2  heapauxi.o(.text)
    __rt_heap_escrow$2region                 0x08004147   Thumb Code     2  heapauxi.o(.text)
    __rt_heap_expand$2region                 0x08004149   Thumb Code     2  heapauxi.o(.text)
    __I$use$semihosting                      0x0800414b   Thumb Code     0  use_no_semi.o(.text)
    __use_no_semihosting_swi                 0x0800414b   Thumb Code     2  use_no_semi.o(.text)
    _printf_int_common                       0x0800414d   Thumb Code   178  _printf_intcommon.o(.text)
    _printf_cs_common                        0x080041ff   Thumb Code    20  _printf_char.o(.text)
    _printf_char                             0x08004213   Thumb Code    16  _printf_char.o(.text)
    _printf_string                           0x08004223   Thumb Code     8  _printf_char.o(.text)
    _printf_char_file                        0x0800422d   Thumb Code    32  _printf_char_file.o(.text)
    _printf_char_common                      0x0800425b   Thumb Code    32  _printf_char_common.o(.text)
    ferror                                   0x08004281   Thumb Code     8  ferror.o(.text)
    __user_setup_stackheap                   0x08004289   Thumb Code    74  sys_stackheap_outer.o(.text)
    exit                                     0x080042d3   Thumb Code    18  exit.o(.text)
    __user_libspace                          0x080042e5   Thumb Code     8  libspace.o(.text)
    __user_perproc_libspace                  0x080042e5   Thumb Code     0  libspace.o(.text)
    __user_perthread_libspace                0x080042e5   Thumb Code     0  libspace.o(.text)
    _is_digit                                0x080042ed   Thumb Code    14  __printf_wp.o(i._is_digit)
    __aeabi_d2uiz                            0x080042fd   Thumb Code     0  dfixu.o(x$fpl$dfixu)
    _dfixu                                   0x080042fd   Thumb Code    90  dfixu.o(x$fpl$dfixu)
    __aeabi_i2d                              0x08004357   Thumb Code     0  dflt_clz.o(x$fpl$dflt)
    _dflt                                    0x08004357   Thumb Code    46  dflt_clz.o(x$fpl$dflt)
    __aeabi_ui2d                             0x08004385   Thumb Code     0  dflt_clz.o(x$fpl$dfltu)
    _dfltu                                   0x08004385   Thumb Code    38  dflt_clz.o(x$fpl$dfltu)
    __aeabi_dmul                             0x080043ad   Thumb Code     0  dmul.o(x$fpl$dmul)
    _dmul                                    0x080043ad   Thumb Code   332  dmul.o(x$fpl$dmul)
    __fpl_dnaninf                            0x08004501   Thumb Code   156  dnaninf.o(x$fpl$dnaninf)
    __fpl_dretinf                            0x0800459d   Thumb Code    12  dretinf.o(x$fpl$dretinf)
    __I$use$fp                               0x080045a8   Number         0  usenofp.o(x$fpl$usenofp)
    Region$$Table$$Base                      0x080046b0   Number         0  anon$$obj.o(Region$$Table)
    Region$$Table$$Limit                     0x080046d0   Number         0  anon$$obj.o(Region$$Table)
    xdistance                                0x20000000   Data           8  main.o(.data)
    ydistance                                0x20000008   Data           8  main.o(.data)
    y                                        0x20000010   Data           8  main.o(.data)
    x                                        0x20000018   Data           8  main.o(.data)
    j                                        0x20000020   Data           8  main.o(.data)
    ci                                       0x20000028   Data           4  main.o(.data)
    lb                                       0x20000030   Data           8  main.o(.data)
    rb                                       0x20000038   Data           8  main.o(.data)
    la                                       0x20000040   Data           8  main.o(.data)
    ra                                       0x20000048   Data           8  main.o(.data)
    dl                                       0x20000050   Data           8  main.o(.data)
    dr                                       0x20000058   Data           8  main.o(.data)
    L                                        0x20000060   Data           8  main.o(.data)
    R                                        0x20000068   Data           8  main.o(.data)
    SystemCoreClock                          0x20000070   Data           4  system_stm32f10x.o(.data)
    AHBPrescTable                            0x20000074   Data          16  system_stm32f10x.o(.data)
    current_pos                              0x20000088   Data           8  driver.o(.data)
    motor_dir2                               0x20000090   Data           1  driver.o(.data)
    motor_dir3                               0x20000091   Data           1  driver.o(.data)
    count                                    0x20000092   Data           4  driver.o(.data)
    sign                                     0x20000096   Data           1  openmv.o(.data)
    sign1                                    0x20000097   Data           1  openmv.o(.data)
    counter                                  0x20000098   Data           1  openmv.o(.data)
    counter1                                 0x20000099   Data           1  openmv.o(.data)
    Data_Get                                 0x2000009a   Data           6  openmv.o(.data)
    mf                                       0x200000a6   Data           1  openmv.o(.data)
    __stdout                                 0x200000ac   Data           4  usart.o(.data)
    USART_RX_STA                             0x200000b0   Data           2  usart.o(.data)
    usign                                    0x200000b2   Data           1  usart.o(.data)
    ucounter                                 0x200000b3   Data           1  usart.o(.data)
    Data                                     0x200000b4   Data           1  usart.o(.data)
    xzuobiao                                 0x200000b8   Data           4  usart.o(.data)
    yzuobiao                                 0x200000bc   Data           4  usart.o(.data)
    yundong                                  0x200000c0   Data           1  usart.o(.data)
    jieshou                                  0x200000c1   Data           1  usart.o(.data)
    diandong                                 0x200000c2   Data           1  usart.o(.data)
    sys_cmd_tab                              0x200000e4   Data          28  usmart.o(.data)
    usmart_nametab                           0x20000100   Data          48  usmart_config.o(.data)
    usmart_dev                               0x20000130   Data         244  usmart_config.o(.data)
    Data_Get1                                0x20000228   Data          40  openmv.o(.bss)
    coordinate                               0x20000250   Data          32  openmv.o(.bss)
    coordinate1                              0x20000270   Data         304  openmv.o(.bss)
    USART_RX_BUF                             0x200003c8   Data         200  usart.o(.bss)
    __libspace_start                         0x20000490   Data          96  libspace.o(.bss)
    __temporary_stack_top$libspace           0x200004f0   Data           0  libspace.o(.bss)



==============================================================================

Memory Map of the image

  Image Entry point : 0x08000131

  Load Region LR_IROM1 (Base: 0x08000000, Size: 0x000048f4, Max: 0x00080000, ABSOLUTE, COMPRESSED[0x00004740])

    Execution Region ER_IROM1 (Exec base: 0x08000000, Load base: 0x08000000, Size: 0x000046d0, Max: 0x00080000, ABSOLUTE)

    Exec Addr    Load Addr    Size         Type   Attr      Idx    E Section Name        Object

    0x08000000   0x08000000   0x00000130   Data   RO          341    RESET               startup_stm32f10x_hd.o
    0x08000130   0x08000130   0x00000008   Code   RO          540  * !!!main             c_w.l(__main.o)
    0x08000138   0x08000138   0x00000034   Code   RO          729    !!!scatter          c_w.l(__scatter.o)
    0x0800016c   0x0800016c   0x0000005a   Code   RO          727    !!dczerorl2         c_w.l(__dczerorl2.o)
    0x080001c6   0x080001c6   0x00000002   PAD
    0x080001c8   0x080001c8   0x0000001c   Code   RO          731    !!handler_zi        c_w.l(__scatter_zi.o)
    0x080001e4   0x080001e4   0x00000000   Code   RO          535    .ARM.Collect$$_printf_percent$$00000000  c_w.l(_printf_percent.o)
    0x080001e4   0x080001e4   0x00000006   Code   RO          533    .ARM.Collect$$_printf_percent$$00000009  c_w.l(_printf_d.o)
    0x080001ea   0x080001ea   0x00000006   Code   RO          534    .ARM.Collect$$_printf_percent$$0000000A  c_w.l(_printf_u.o)
    0x080001f0   0x080001f0   0x00000006   Code   RO          532    .ARM.Collect$$_printf_percent$$0000000C  c_w.l(_printf_x.o)
    0x080001f6   0x080001f6   0x00000006   Code   RO          530    .ARM.Collect$$_printf_percent$$00000013  c_w.l(_printf_c.o)
    0x080001fc   0x080001fc   0x00000006   Code   RO          531    .ARM.Collect$$_printf_percent$$00000014  c_w.l(_printf_s.o)
    0x08000202   0x08000202   0x00000004   Code   RO          563    .ARM.Collect$$_printf_percent$$00000017  c_w.l(_printf_percent_end.o)
    0x08000206   0x08000206   0x00000002   Code   RO          601    .ARM.Collect$$libinit$$00000000  c_w.l(libinit.o)
    0x08000208   0x08000208   0x00000000   Code   RO          608    .ARM.Collect$$libinit$$00000002  c_w.l(libinit2.o)
    0x08000208   0x08000208   0x00000000   Code   RO          610    .ARM.Collect$$libinit$$00000004  c_w.l(libinit2.o)
    0x08000208   0x08000208   0x00000000   Code   RO          613    .ARM.Collect$$libinit$$0000000A  c_w.l(libinit2.o)
    0x08000208   0x08000208   0x00000000   Code   RO          615    .ARM.Collect$$libinit$$0000000C  c_w.l(libinit2.o)
    0x08000208   0x08000208   0x00000000   Code   RO          617    .ARM.Collect$$libinit$$0000000E  c_w.l(libinit2.o)
    0x08000208   0x08000208   0x00000000   Code   RO          620    .ARM.Collect$$libinit$$00000011  c_w.l(libinit2.o)
    0x08000208   0x08000208   0x00000000   Code   RO          622    .ARM.Collect$$libinit$$00000013  c_w.l(libinit2.o)
    0x08000208   0x08000208   0x00000000   Code   RO          624    .ARM.Collect$$libinit$$00000015  c_w.l(libinit2.o)
    0x08000208   0x08000208   0x00000000   Code   RO          626    .ARM.Collect$$libinit$$00000017  c_w.l(libinit2.o)
    0x08000208   0x08000208   0x00000000   Code   RO          628    .ARM.Collect$$libinit$$00000019  c_w.l(libinit2.o)
    0x08000208   0x08000208   0x00000000   Code   RO          630    .ARM.Collect$$libinit$$0000001B  c_w.l(libinit2.o)
    0x08000208   0x08000208   0x00000000   Code   RO          632    .ARM.Collect$$libinit$$0000001D  c_w.l(libinit2.o)
    0x08000208   0x08000208   0x00000000   Code   RO          634    .ARM.Collect$$libinit$$0000001F  c_w.l(libinit2.o)
    0x08000208   0x08000208   0x00000000   Code   RO          636    .ARM.Collect$$libinit$$00000021  c_w.l(libinit2.o)
    0x08000208   0x08000208   0x00000000   Code   RO          638    .ARM.Collect$$libinit$$00000023  c_w.l(libinit2.o)
    0x08000208   0x08000208   0x00000000   Code   RO          640    .ARM.Collect$$libinit$$00000025  c_w.l(libinit2.o)
    0x08000208   0x08000208   0x00000000   Code   RO          644    .ARM.Collect$$libinit$$0000002C  c_w.l(libinit2.o)
    0x08000208   0x08000208   0x00000000   Code   RO          646    .ARM.Collect$$libinit$$0000002E  c_w.l(libinit2.o)
    0x08000208   0x08000208   0x00000000   Code   RO          648    .ARM.Collect$$libinit$$00000030  c_w.l(libinit2.o)
    0x08000208   0x08000208   0x00000000   Code   RO          650    .ARM.Collect$$libinit$$00000032  c_w.l(libinit2.o)
    0x08000208   0x08000208   0x00000002   Code   RO          651    .ARM.Collect$$libinit$$00000033  c_w.l(libinit2.o)
    0x0800020a   0x0800020a   0x00000002   Code   RO          669    .ARM.Collect$$libshutdown$$00000000  c_w.l(libshutdown.o)
    0x0800020c   0x0800020c   0x00000000   Code   RO          679    .ARM.Collect$$libshutdown$$00000002  c_w.l(libshutdown2.o)
    0x0800020c   0x0800020c   0x00000000   Code   RO          681    .ARM.Collect$$libshutdown$$00000004  c_w.l(libshutdown2.o)
    0x0800020c   0x0800020c   0x00000000   Code   RO          684    .ARM.Collect$$libshutdown$$00000007  c_w.l(libshutdown2.o)
    0x0800020c   0x0800020c   0x00000000   Code   RO          687    .ARM.Collect$$libshutdown$$0000000A  c_w.l(libshutdown2.o)
    0x0800020c   0x0800020c   0x00000000   Code   RO          689    .ARM.Collect$$libshutdown$$0000000C  c_w.l(libshutdown2.o)
    0x0800020c   0x0800020c   0x00000000   Code   RO          692    .ARM.Collect$$libshutdown$$0000000F  c_w.l(libshutdown2.o)
    0x0800020c   0x0800020c   0x00000002   Code   RO          693    .ARM.Collect$$libshutdown$$00000010  c_w.l(libshutdown2.o)
    0x0800020e   0x0800020e   0x00000000   Code   RO          556    .ARM.Collect$$rtentry$$00000000  c_w.l(__rtentry.o)
    0x0800020e   0x0800020e   0x00000000   Code   RO          570    .ARM.Collect$$rtentry$$00000002  c_w.l(__rtentry2.o)
    0x0800020e   0x0800020e   0x00000006   Code   RO          582    .ARM.Collect$$rtentry$$00000004  c_w.l(__rtentry4.o)
    0x08000214   0x08000214   0x00000000   Code   RO          572    .ARM.Collect$$rtentry$$00000009  c_w.l(__rtentry2.o)
    0x08000214   0x08000214   0x00000004   Code   RO          573    .ARM.Collect$$rtentry$$0000000A  c_w.l(__rtentry2.o)
    0x08000218   0x08000218   0x00000000   Code   RO          575    .ARM.Collect$$rtentry$$0000000C  c_w.l(__rtentry2.o)
    0x08000218   0x08000218   0x00000008   Code   RO          576    .ARM.Collect$$rtentry$$0000000D  c_w.l(__rtentry2.o)
    0x08000220   0x08000220   0x00000002   Code   RO          605    .ARM.Collect$$rtexit$$00000000  c_w.l(rtexit.o)
    0x08000222   0x08000222   0x00000000   Code   RO          653    .ARM.Collect$$rtexit$$00000002  c_w.l(rtexit2.o)
    0x08000222   0x08000222   0x00000004   Code   RO          654    .ARM.Collect$$rtexit$$00000003  c_w.l(rtexit2.o)
    0x08000226   0x08000226   0x00000006   Code   RO          655    .ARM.Collect$$rtexit$$00000004  c_w.l(rtexit2.o)
    0x0800022c   0x0800022c   0x0000023c   Code   RO            1    .text               main.o
    0x08000468   0x08000468   0x0000001a   Code   RO          146    .text               stm32f10x_it.o
    0x08000482   0x08000482   0x00000002   PAD
    0x08000484   0x08000484   0x000001e0   Code   RO          187    .text               system_stm32f10x.o
    0x08000664   0x08000664   0x0000004c   Code   RO          205    .text               led.o
    0x080006b0   0x080006b0   0x000000fc   Code   RO          217    .text               key.o
    0x080007ac   0x080007ac   0x000004f0   Code   RO          230    .text               driver.o
    0x08000c9c   0x08000c9c   0x00000284   Code   RO          256    .text               openmv.o
    0x08000f20   0x08000f20   0x000000d4   Code   RO          275    .text               delay.o
    0x08000ff4   0x08000ff4   0x00000238   Code   RO          306    .text               usart.o
    0x0800122c   0x0800122c   0x00000040   Code   RO          342    .text               startup_stm32f10x_hd.o
    0x0800126c   0x0800126c   0x000000dc   Code   RO          346    .text               misc.o
    0x08001348   0x08001348   0x0000035c   Code   RO          382    .text               stm32f10x_gpio.o
    0x080016a4   0x080016a4   0x000003a4   Code   RO          394    .text               stm32f10x_rcc.o
    0x08001a48   0x08001a48   0x00000e1a   Code   RO          408    .text               stm32f10x_tim.o
    0x08002862   0x08002862   0x00000002   PAD
    0x08002864   0x08002864   0x00000408   Code   RO          420    .text               stm32f10x_usart.o
    0x08002c6c   0x08002c6c   0x00000c38   Code   RO          432    .text               usmart.o
    0x080038a4   0x080038a4   0x00000528   Code   RO          461    .text               usmart_str.o
    0x08003dcc   0x08003dcc   0x00000002   Code   RO          475    .text               c_w.l(use_no_semi_2.o)
    0x08003dce   0x08003dce   0x00000002   PAD
    0x08003dd0   0x08003dd0   0x00000018   Code   RO          479    .text               c_w.l(noretval__2printf.o)
    0x08003de8   0x08003de8   0x0000004e   Code   RO          483    .text               c_w.l(_printf_pad.o)
    0x08003e36   0x08003e36   0x00000052   Code   RO          485    .text               c_w.l(_printf_str.o)
    0x08003e88   0x08003e88   0x00000078   Code   RO          487    .text               c_w.l(_printf_dec.o)
    0x08003f00   0x08003f00   0x00000058   Code   RO          492    .text               c_w.l(_printf_hex_int.o)
    0x08003f58   0x08003f58   0x00000188   Code   RO          527    .text               c_w.l(__printf_flags_ss_wp.o)
    0x080040e0   0x080040e0   0x00000064   Code   RO          536    .text               c_w.l(rt_memcpy_w.o)
    0x08004144   0x08004144   0x00000006   Code   RO          538    .text               c_w.l(heapauxi.o)
    0x0800414a   0x0800414a   0x00000002   Code   RO          554    .text               c_w.l(use_no_semi.o)
    0x0800414c   0x0800414c   0x000000b2   Code   RO          557    .text               c_w.l(_printf_intcommon.o)
    0x080041fe   0x080041fe   0x0000002c   Code   RO          559    .text               c_w.l(_printf_char.o)
    0x0800422a   0x0800422a   0x00000002   PAD
    0x0800422c   0x0800422c   0x00000024   Code   RO          561    .text               c_w.l(_printf_char_file.o)
    0x08004250   0x08004250   0x00000030   Code   RO          584    .text               c_w.l(_printf_char_common.o)
    0x08004280   0x08004280   0x00000008   Code   RO          586    .text               c_w.l(ferror.o)
    0x08004288   0x08004288   0x0000004a   Code   RO          590    .text               c_w.l(sys_stackheap_outer.o)
    0x080042d2   0x080042d2   0x00000012   Code   RO          594    .text               c_w.l(exit.o)
    0x080042e4   0x080042e4   0x00000008   Code   RO          602    .text               c_w.l(libspace.o)
    0x080042ec   0x080042ec   0x0000000e   Code   RO          520    i._is_digit         c_w.l(__printf_wp.o)
    0x080042fa   0x080042fa   0x00000002   PAD
    0x080042fc   0x080042fc   0x0000005a   Code   RO          542    x$fpl$dfixu         fz_ws.l(dfixu.o)
    0x08004356   0x08004356   0x0000002e   Code   RO          547    x$fpl$dflt          fz_ws.l(dflt_clz.o)
    0x08004384   0x08004384   0x00000026   Code   RO          546    x$fpl$dfltu         fz_ws.l(dflt_clz.o)
    0x080043aa   0x080043aa   0x00000002   PAD
    0x080043ac   0x080043ac   0x00000154   Code   RO          552    x$fpl$dmul          fz_ws.l(dmul.o)
    0x08004500   0x08004500   0x0000009c   Code   RO          564    x$fpl$dnaninf       fz_ws.l(dnaninf.o)
    0x0800459c   0x0800459c   0x0000000c   Code   RO          566    x$fpl$dretinf       fz_ws.l(dretinf.o)
    0x080045a8   0x080045a8   0x00000000   Code   RO          568    x$fpl$usenofp       fz_ws.l(usenofp.o)
    0x080045a8   0x080045a8   0x00000028   Data   RO          493    .constdata          c_w.l(_printf_hex_int.o)
    0x080045d0   0x080045d0   0x00000011   Data   RO          528    .constdata          c_w.l(__printf_flags_ss_wp.o)
    0x080045e1   0x080045e1   0x00000003   PAD
    0x080045e4   0x080045e4   0x00000028   Data   RO          433    .conststring        usmart.o
    0x0800460c   0x0800460c   0x000000a3   Data   RO          448    .conststring        usmart_config.o
    0x080046af   0x080046af   0x00000001   PAD
    0x080046b0   0x080046b0   0x00000020   Data   RO          725    Region$$Table       anon$$obj.o


    Execution Region RW_IRAM1 (Exec base: 0x20000000, Load base: 0x080046d0, Size: 0x00000af0, Max: 0x00010000, ABSOLUTE, COMPRESSED[0x00000070])

    Exec Addr    Load Addr    Size         Type   Attr      Idx    E Section Name        Object

    0x20000000   COMPRESSED   0x00000070   Data   RW            2    .data               main.o
    0x20000070   COMPRESSED   0x00000014   Data   RW          188    .data               system_stm32f10x.o
    0x20000084   COMPRESSED   0x00000001   Data   RW          218    .data               key.o
    0x20000085   COMPRESSED   0x00000003   PAD
    0x20000088   COMPRESSED   0x0000000e   Data   RW          231    .data               driver.o
    0x20000096   COMPRESSED   0x00000012   Data   RW          258    .data               openmv.o
    0x200000a8   COMPRESSED   0x00000004   Data   RW          276    .data               delay.o
    0x200000ac   COMPRESSED   0x00000021   Data   RW          308    .data               usart.o
    0x200000cd   COMPRESSED   0x00000014   Data   RW          395    .data               stm32f10x_rcc.o
    0x200000e1   COMPRESSED   0x00000003   PAD
    0x200000e4   COMPRESSED   0x0000001c   Data   RW          434    .data               usmart.o
    0x20000100   COMPRESSED   0x00000124   Data   RW          449    .data               usmart_config.o
    0x20000224   COMPRESSED   0x00000004   PAD
    0x20000228        -       0x000001a0   Zero   RW          257    .bss                openmv.o
    0x200003c8        -       0x000000c8   Zero   RW          307    .bss                usart.o
    0x20000490        -       0x00000060   Zero   RW          603    .bss                c_w.l(libspace.o)
    0x200004f0        -       0x00000200   Zero   RW          340    HEAP                startup_stm32f10x_hd.o
    0x200006f0        -       0x00000400   Zero   RW          339    STACK               startup_stm32f10x_hd.o


==============================================================================

Image component sizes


      Code (inc. data)   RO Data    RW Data    ZI Data      Debug   Object Name

       212         18          0          4          0       1163   delay.o
      1264        108          0         14          0       5054   driver.o
       252         12          0          1          0        904   key.o
        76          8          0          0          0        559   led.o
       572         44          0        112          0     254278   main.o
       220         22          0          0          0       1921   misc.o
       644         68          0         18        416       2488   openmv.o
        64         26        304          0       1536        832   startup_stm32f10x_hd.o
       860         38          0          0          0       5853   stm32f10x_gpio.o
        26          0          0          0          0     206110   stm32f10x_it.o
       932         36          0         20          0       9092   stm32f10x_rcc.o
      3610         88          0          0          0      22960   stm32f10x_tim.o
      1032         22          0          0          0       8580   stm32f10x_usart.o
         0          0          0          0          0         32   sys.o
       480         38          0         20          0       1923   system_stm32f10x.o
       568         54          0         33        200       3621   usart.o
      3128       1288         40         28          0       4554   usmart.o
         0          0        163        292          0       1752   usmart_config.o
      1320         12          0          0          0       5349   usmart_str.o

    ----------------------------------------------------------------------
     15264       1882        540        548       2156     537025   Object Totals
         0          0         32          0          0          0   (incl. Generated)
         4          0          1          6          4          0   (incl. Padding)

    ----------------------------------------------------------------------

      Code (inc. data)   RO Data    RW Data    ZI Data      Debug   Library Member Name

        90          0          0          0          0          0   __dczerorl2.o
         8          0          0          0          0         68   __main.o
       392          4         17          0          0         92   __printf_flags_ss_wp.o
        14          0          0          0          0         68   __printf_wp.o
         0          0          0          0          0          0   __rtentry.o
        12          0          0          0          0          0   __rtentry2.o
         6          0          0          0          0          0   __rtentry4.o
        52          8          0          0          0          0   __scatter.o
        28          0          0          0          0          0   __scatter_zi.o
         6          0          0          0          0          0   _printf_c.o
        44          0          0          0          0        108   _printf_char.o
        48          6          0          0          0         96   _printf_char_common.o
        36          4          0          0          0         80   _printf_char_file.o
         6          0          0          0          0          0   _printf_d.o
       120         16          0          0          0         92   _printf_dec.o
        88          4         40          0          0         88   _printf_hex_int.o
       178          0          0          0          0         88   _printf_intcommon.o
        78          0          0          0          0        108   _printf_pad.o
         0          0          0          0          0          0   _printf_percent.o
         4          0          0          0          0          0   _printf_percent_end.o
         6          0          0          0          0          0   _printf_s.o
        82          0          0          0          0         80   _printf_str.o
         6          0          0          0          0          0   _printf_u.o
         6          0          0          0          0          0   _printf_x.o
        18          0          0          0          0         80   exit.o
         8          0          0          0          0         68   ferror.o
         6          0          0          0          0        152   heapauxi.o
         2          0          0          0          0          0   libinit.o
         2          0          0          0          0          0   libinit2.o
         2          0          0          0          0          0   libshutdown.o
         2          0          0          0          0          0   libshutdown2.o
         8          4          0          0         96         68   libspace.o
        24          4          0          0          0         84   noretval__2printf.o
       100          0          0          0          0         80   rt_memcpy_w.o
         2          0          0          0          0          0   rtexit.o
        10          0          0          0          0          0   rtexit2.o
        74          0          0          0          0         80   sys_stackheap_outer.o
         2          0          0          0          0         68   use_no_semi.o
         2          0          0          0          0         68   use_no_semi_2.o
        90          4          0          0          0         92   dfixu.o
        84          0          0          0          0        136   dflt_clz.o
       340         12          0          0          0        104   dmul.o
       156          4          0          0          0         92   dnaninf.o
        12          0          0          0          0         68   dretinf.o
         0          0          0          0          0          0   usenofp.o

    ----------------------------------------------------------------------
      2264         70         60          0         96       2208   Library Totals
        10          0          3          0          0          0   (incl. Padding)

    ----------------------------------------------------------------------

      Code (inc. data)   RO Data    RW Data    ZI Data      Debug   Library Name

      1572         50         57          0         96       1716   c_w.l
       682         20          0          0          0        492   fz_ws.l

    ----------------------------------------------------------------------
      2264         70         60          0         96       2208   Library Totals

    ----------------------------------------------------------------------

==============================================================================


      Code (inc. data)   RO Data    RW Data    ZI Data      Debug   

     17528       1952        600        548       2252     536785   Grand Totals
     17528       1952        600        112       2252     536785   ELF Image Totals (compressed)
     17528       1952        600        112          0          0   ROM Totals

==============================================================================

    Total RO  Size (Code + RO Data)                18128 (  17.70kB)
    Total RW  Size (RW Data + ZI Data)              2800 (   2.73kB)
    Total ROM Size (Code + RO Data + RW Data)      18240 (  17.81kB)

==============================================================================

